82.102.23.45 - - [21/May/2026:15:55:18 +0000] "GET /contact.html HTTP/1.1" 404 1350 "-" "Mozilla/5.0 (compatible; Googlebot/2.1; +http://www.google.com/bot.html)"
192.168.1.15 - - [21/May/2026:15:55:28 +0000] "GET /contact.html HTTP/1.1" 304 1100 "-" "Mozilla/5.0 (Windows NT 10.0; Win64; x64) AppleWebKit/537.36 (KHTML, like Gecko) Chrome/120.0.0.0 Safari/537.36"
192.168.1.15 - - [21/May/2026:15:55:38 +0000] "GET /api/v1/status HTTP/1.1" 200 24568 "-" "Mozilla/5.0 (compatible; Googlebot/2.1; +http://www.google.com/bot.html)"
185.220.101.5 - - [21/May/2026:15:55:48 +0000] "PUT /api/v1/metrics HTTP/1.1" 200 8303 "-" "Mozilla/5.0 (X11; Linux x86_64; rv:109.0) Gecko/20100101 Firefox/119.0"
10.0.0.4 - - [21/May/2026:15:55:58 +0000] "GET /js/main.js HTTP/1.1" 404 1346 "-" "Mozilla/5.0 (Macintosh; Intel Mac OS X 10_15_7) AppleWebKit/605.1.15 (KHTML, like Gecko) Version/17.2 Safari/605.1.15"
185.220.101.5 - - [21/May/2026:15:56:08 +0000] "GET /api/v1/metrics HTTP/1.1" 200 10004 "-" "Mozilla/5.0 (iPhone; CPU iPhone OS 17_1_1 like Mac OS X) AppleWebKit/605.1.15 (KHTML, like Gecko) Version/17.1 Mobile/15E148 Safari/604.1"
185.220.101.5 - - [21/May/2026:15:56:18 +0000] "GET /api/ping?host=127.0.0.1;%20whoami HTTP/1.1" 500 157 "-" "Mozilla/5.0 (compatible; Googlebot/2.1; +http://www.google.com/bot.html)"
203.0.113.88 - - [21/May/2026:15:56:28 +0000] "GET /blog/posts HTTP/1.1" 200 21070 "-" "Mozilla/5.0 (X11; Linux x86_64; rv:109.0) Gecko/20100101 Firefox/119.0"
10.0.0.4 - - [21/May/2026:15:56:38 +0000] "GET /products/items HTTP/1.1" 200 6321 "-" "Mozilla/5.0 (compatible; Googlebot/2.1; +http://www.google.com/bot.html)"
122.164.48.9 - - [21/May/2026:15:56:48 +0000] "PUT /products/items HTTP/1.1" 200 16439 "-" "Mozilla/5.0 (Macintosh; Intel Mac OS X 10_15_7) AppleWebKit/605.1.15 (KHTML, like Gecko) Version/17.2 Safari/605.1.15"
10.0.0.4 - - [21/May/2026:15:56:58 +0000] "POST /favicon.ico HTTP/1.1" 404 152 "-" "Mozilla/5.0 (iPhone; CPU iPhone OS 17_1_1 like Mac OS X) AppleWebKit/605.1.15 (KHTML, like Gecko) Version/17.1 Mobile/15E148 Safari/604.1"
122.164.48.9 - - [21/May/2026:15:57:08 +0000] "POST /js/main.js HTTP/1.1" 304 1320 "-" "Mozilla/5.0 (Macintosh; Intel Mac OS X 10_15_7) AppleWebKit/605.1.15 (KHTML, like Gecko) Version/17.2 Safari/605.1.15"
122.164.48.9 - - [21/May/2026:15:57:18 +0000] "POST /products/items HTTP/1.1" 200 7725 "-" "Mozilla/5.0 (iPhone; CPU iPhone OS 17_1_1 like Mac OS X) AppleWebKit/605.1.15 (KHTML, like Gecko) Version/17.1 Mobile/15E148 Safari/604.1"
198.51.100.12 - - [21/May/2026:15:57:28 +0000] "GET /static/../../etc/passwd HTTP/1.1" 400 1113 "-" "Mozilla/5.0 (X11; Linux x86_64; rv:109.0) Gecko/20100101 Firefox/119.0"
203.0.113.88 - - [21/May/2026:15:57:38 +0000] "GET /about.html HTTP/1.1" 200 17524 "-" "Mozilla/5.0 (iPhone; CPU iPhone OS 17_1_1 like Mac OS X) AppleWebKit/605.1.15 (KHTML, like Gecko) Version/17.1 Mobile/15E148 Safari/604.1"
192.168.1.15 - - [21/May/2026:15:57:48 +0000] "PUT /about.html HTTP/1.1" 404 1007 "-" "Mozilla/5.0 (Macintosh; Intel Mac OS X 10_15_7) AppleWebKit/605.1.15 (KHTML, like Gecko) Version/17.2 Safari/605.1.15"
10.0.0.4 - - [21/May/2026:15:57:58 +0000] "GET /css/styles.css HTTP/1.1" 200 23406 "-" "Mozilla/5.0 (X11; Linux x86_64; rv:109.0) Gecko/20100101 Firefox/119.0"
192.168.1.15 - - [21/May/2026:15:58:08 +0000] "GET /contact.html HTTP/1.1" 200 20789 "-" "Mozilla/5.0 (compatible; Googlebot/2.1; +http://www.google.com/bot.html)"
122.164.48.9 - - [21/May/2026:15:58:18 +0000] "GET /css/styles.css HTTP/1.1" 200 19478 "-" "Mozilla/5.0 (iPhone; CPU iPhone OS 17_1_1 like Mac OS X) AppleWebKit/605.1.15 (KHTML, like Gecko) Version/17.1 Mobile/15E148 Safari/604.1"
10.0.0.4 - - [21/May/2026:15:58:28 +0000] "GET /blog/posts HTTP/1.1" 200 512 "-" "Mozilla/5.0 (Macintosh; Intel Mac OS X 10_15_7) AppleWebKit/605.1.15 (KHTML, like Gecko) Version/17.2 Safari/605.1.15"
203.0.113.88 - - [21/May/2026:15:58:38 +0000] "GET /blog/posts HTTP/1.1" 200 22688 "-" "Mozilla/5.0 (Macintosh; Intel Mac OS X 10_15_7) AppleWebKit/605.1.15 (KHTML, like Gecko) Version/17.2 Safari/605.1.15"
203.0.113.88 - - [21/May/2026:15:58:48 +0000] "POST /favicon.ico HTTP/1.1" 404 1331 "-" "Mozilla/5.0 (iPhone; CPU iPhone OS 17_1_1 like Mac OS X) AppleWebKit/605.1.15 (KHTML, like Gecko) Version/17.1 Mobile/15E148 Safari/604.1"
81.108.20.11 - - [21/May/2026:15:58:58 +0000] "PUT /api/v1/status HTTP/1.1" 200 21878 "-" "Mozilla/5.0 (X11; Linux x86_64; rv:109.0) Gecko/20100101 Firefox/119.0"
10.0.0.4 - - [21/May/2026:15:59:08 +0000] "GET /index.html HTTP/1.1" 200 11764 "-" "Mozilla/5.0 (iPhone; CPU iPhone OS 17_1_1 like Mac OS X) AppleWebKit/605.1.15 (KHTML, like Gecko) Version/17.1 Mobile/15E148 Safari/604.1"
91.220.43.12 - - [21/May/2026:15:59:18 +0000] "GET /files/download?file=..%2f..%2f..%2fwindows%2fwin.ini HTTP/1.1" 400 424 "-" "Mozilla/5.0 (compatible; Googlebot/2.1; +http://www.google.com/bot.html)"
122.164.48.9 - - [21/May/2026:15:59:28 +0000] "POST /products/items HTTP/1.1" 304 707 "-" "Mozilla/5.0 (iPhone; CPU iPhone OS 17_1_1 like Mac OS X) AppleWebKit/605.1.15 (KHTML, like Gecko) Version/17.1 Mobile/15E148 Safari/604.1"
198.51.100.12 - - [21/May/2026:15:59:38 +0000] "GET /.env HTTP/1.1" 404 554 "-" "Mozilla/5.0 (Macintosh; Intel Mac OS X 10_15_7) AppleWebKit/605.1.15 (KHTML, like Gecko) Version/17.2 Safari/605.1.15"
10.0.0.4 - - [21/May/2026:15:59:48 +0000] "GET /about.html HTTP/1.1" 200 749 "-" "Mozilla/5.0 (X11; Linux x86_64; rv:109.0) Gecko/20100101 Firefox/119.0"
91.220.43.12 - - [21/May/2026:15:59:58 +0000] "GET /phpmyadmin/index.php HTTP/1.1" 404 259 "-" "Mozilla/5.0 (compatible; Googlebot/2.1; +http://www.google.com/bot.html)"
82.102.23.45 - - [21/May/2026:16:00:08 +0000] "PUT /css/styles.css HTTP/1.1" 200 13708 "-" "Mozilla/5.0 (iPhone; CPU iPhone OS 17_1_1 like Mac OS X) AppleWebKit/605.1.15 (KHTML, like Gecko) Version/17.1 Mobile/15E148 Safari/604.1"
192.168.1.15 - - [21/May/2026:16:00:18 +0000] "GET /favicon.ico HTTP/1.1" 200 2064 "-" "Mozilla/5.0 (compatible; Googlebot/2.1; +http://www.google.com/bot.html)"
203.0.113.88 - - [21/May/2026:16:00:28 +0000] "POST /blog/posts HTTP/1.1" 304 1066 "-" "Mozilla/5.0 (iPhone; CPU iPhone OS 17_1_1 like Mac OS X) AppleWebKit/605.1.15 (KHTML, like Gecko) Version/17.1 Mobile/15E148 Safari/604.1"
10.0.0.4 - - [21/May/2026:16:00:38 +0000] "POST /products/items HTTP/1.1" 304 55 "-" "Mozilla/5.0 (Macintosh; Intel Mac OS X 10_15_7) AppleWebKit/605.1.15 (KHTML, like Gecko) Version/17.2 Safari/605.1.15"
192.168.1.15 - - [21/May/2026:16:00:48 +0000] "GET /images/logo.png HTTP/1.1" 200 16195 "-" "Mozilla/5.0 (X11; Linux x86_64; rv:109.0) Gecko/20100101 Firefox/119.0"
192.168.1.15 - - [21/May/2026:16:00:58 +0000] "GET /products/items HTTP/1.1" 200 6945 "-" "Mozilla/5.0 (X11; Linux x86_64; rv:109.0) Gecko/20100101 Firefox/119.0"
10.0.0.4 - - [21/May/2026:16:01:08 +0000] "POST /about.html HTTP/1.1" 404 1397 "-" "Mozilla/5.0 (X11; Linux x86_64; rv:109.0) Gecko/20100101 Firefox/119.0"
192.168.1.15 - - [21/May/2026:16:01:18 +0000] "GET /contact.html HTTP/1.1" 200 11386 "-" "Mozilla/5.0 (Macintosh; Intel Mac OS X 10_15_7) AppleWebKit/605.1.15 (KHTML, like Gecko) Version/17.2 Safari/605.1.15"
203.0.113.88 - - [21/May/2026:16:01:28 +0000] "PUT /js/main.js HTTP/1.1" 404 176 "-" "Mozilla/5.0 (X11; Linux x86_64; rv:109.0) Gecko/20100101 Firefox/119.0"
81.108.20.11 - - [21/May/2026:16:01:38 +0000] "GET /css/styles.css HTTP/1.1" 404 20 "-" "Mozilla/5.0 (Windows NT 10.0; Win64; x64) AppleWebKit/537.36 (KHTML, like Gecko) Chrome/120.0.0.0 Safari/537.36"
185.220.101.5 - - [21/May/2026:16:01:48 +0000] "GET /wp-login.php HTTP/1.1" 404 206 "-" "Mozilla/5.0 (compatible; Googlebot/2.1; +http://www.google.com/bot.html)"
192.168.1.15 - - [21/May/2026:16:01:58 +0000] "POST /css/styles.css HTTP/1.1" 404 1018 "-" "Mozilla/5.0 (Windows NT 10.0; Win64; x64) AppleWebKit/537.36 (KHTML, like Gecko) Chrome/120.0.0.0 Safari/537.36"
203.0.113.88 - - [21/May/2026:16:02:08 +0000] "GET /api/v1/metrics HTTP/1.1" 200 887 "-" "Mozilla/5.0 (iPhone; CPU iPhone OS 17_1_1 like Mac OS X) AppleWebKit/605.1.15 (KHTML, like Gecko) Version/17.1 Mobile/15E148 Safari/604.1"
81.108.20.11 - - [21/May/2026:16:02:18 +0000] "GET /blog/posts HTTP/1.1" 200 8787 "-" "Mozilla/5.0 (X11; Linux x86_64; rv:109.0) Gecko/20100101 Firefox/119.0"
190.12.87.54 - - [21/May/2026:16:02:28 +0000] "GET /cgi-bin/test.sh?cmd=cat%20/etc/hosts HTTP/1.1" 500 486 "-" "Mozilla/5.0 (iPhone; CPU iPhone OS 17_1_1 like Mac OS X) AppleWebKit/605.1.15 (KHTML, like Gecko) Version/17.1 Mobile/15E148 Safari/604.1"
10.0.0.4 - - [21/May/2026:16:02:38 +0000] "POST /products/items HTTP/1.1" 200 19582 "-" "Mozilla/5.0 (iPhone; CPU iPhone OS 17_1_1 like Mac OS X) AppleWebKit/605.1.15 (KHTML, like Gecko) Version/17.1 Mobile/15E148 Safari/604.1"
185.220.101.5 - - [21/May/2026:16:02:48 +0000] "GET /blog/posts HTTP/1.1" 304 1424 "-" "Mozilla/5.0 (X11; Linux x86_64; rv:109.0) Gecko/20100101 Firefox/119.0"
82.102.23.45 - - [21/May/2026:16:02:58 +0000] "GET /products/items HTTP/1.1" 200 14431 "-" "Mozilla/5.0 (X11; Linux x86_64; rv:109.0) Gecko/20100101 Firefox/119.0"
82.102.23.45 - - [21/May/2026:16:03:08 +0000] "GET /about.html HTTP/1.1" 200 8654 "-" "Mozilla/5.0 (Windows NT 10.0; Win64; x64) AppleWebKit/537.36 (KHTML, like Gecko) Chrome/120.0.0.0 Safari/537.36"
192.168.1.15 - - [21/May/2026:16:03:18 +0000] "GET /favicon.ico HTTP/1.1" 200 9343 "-" "Mozilla/5.0 (X11; Linux x86_64; rv:109.0) Gecko/20100101 Firefox/119.0"
190.12.87.54 - - [21/May/2026:16:03:28 +0000] "GET /contact.html HTTP/1.1" 200 22897 "-" "Mozilla/5.0 (compatible; Googlebot/2.1; +http://www.google.com/bot.html)"
122.164.48.9 - - [21/May/2026:16:03:38 +0000] "PUT /api/v1/metrics HTTP/1.1" 200 12341 "-" "Mozilla/5.0 (iPhone; CPU iPhone OS 17_1_1 like Mac OS X) AppleWebKit/605.1.15 (KHTML, like Gecko) Version/17.1 Mobile/15E148 Safari/604.1"
10.0.0.4 - - [21/May/2026:16:03:48 +0000] "GET /blog/posts HTTP/1.1" 200 15581 "-" "Mozilla/5.0 (X11; Linux x86_64; rv:109.0) Gecko/20100101 Firefox/119.0"
192.168.1.15 - - [21/May/2026:16:03:58 +0000] "PUT /images/logo.png HTTP/1.1" 200 3979 "-" "Mozilla/5.0 (Macintosh; Intel Mac OS X 10_15_7) AppleWebKit/605.1.15 (KHTML, like Gecko) Version/17.2 Safari/605.1.15"
192.168.1.15 - - [21/May/2026:16:04:08 +0000] "GET /api/v1/status HTTP/1.1" 200 4139 "-" "Mozilla/5.0 (Macintosh; Intel Mac OS X 10_15_7) AppleWebKit/605.1.15 (KHTML, like Gecko) Version/17.2 Safari/605.1.15"
82.102.23.45 - - [21/May/2026:16:04:18 +0000] "GET /.env HTTP/1.1" 404 188 "-" "Mozilla/5.0 (compatible; Googlebot/2.1; +http://www.google.com/bot.html)"
192.168.1.15 - - [21/May/2026:16:04:28 +0000] "GET /products/items HTTP/1.1" 200 6116 "-" "Mozilla/5.0 (Macintosh; Intel Mac OS X 10_15_7) AppleWebKit/605.1.15 (KHTML, like Gecko) Version/17.2 Safari/605.1.15"
81.108.20.11 - - [21/May/2026:16:04:38 +0000] "GET /api/v1/metrics HTTP/1.1" 304 923 "-" "Mozilla/5.0 (iPhone; CPU iPhone OS 17_1_1 like Mac OS X) AppleWebKit/605.1.15 (KHTML, like Gecko) Version/17.1 Mobile/15E148 Safari/604.1"
10.0.0.4 - - [21/May/2026:16:04:48 +0000] "PUT /css/styles.css HTTP/1.1" 200 23202 "-" "Mozilla/5.0 (Windows NT 10.0; Win64; x64) AppleWebKit/537.36 (KHTML, like Gecko) Chrome/120.0.0.0 Safari/537.36"
82.102.23.45 - - [21/May/2026:16:04:58 +0000] "GET /static/../../etc/passwd HTTP/1.1" 400 1487 "-" "Mozilla/5.0 (compatible; Googlebot/2.1; +http://www.google.com/bot.html)"
10.0.0.4 - - [21/May/2026:16:05:08 +0000] "POST /products/items HTTP/1.1" 404 958 "-" "Mozilla/5.0 (iPhone; CPU iPhone OS 17_1_1 like Mac OS X) AppleWebKit/605.1.15 (KHTML, like Gecko) Version/17.1 Mobile/15E148 Safari/604.1"
190.12.87.54 - - [21/May/2026:16:05:18 +0000] "GET /api/v1/metrics HTTP/1.1" 200 4725 "-" "Mozilla/5.0 (X11; Linux x86_64; rv:109.0) Gecko/20100101 Firefox/119.0"
122.164.48.9 - - [21/May/2026:16:05:28 +0000] "POST /api/v1/status HTTP/1.1" 200 24942 "-" "Mozilla/5.0 (X11; Linux x86_64; rv:109.0) Gecko/20100101 Firefox/119.0"
103.22.200.41 - - [21/May/2026:16:05:38 +0000] "GET /cgi-bin/test.sh?cmd=cat%20/etc/hosts HTTP/1.1" 500 1108 "-" "Mozilla/5.0 (compatible; Googlebot/2.1; +http://www.google.com/bot.html)"
190.12.87.54 - - [21/May/2026:16:05:48 +0000] "GET /cgi-bin/test.sh?cmd=cat%20/etc/hosts HTTP/1.1" 500 1001 "-" "Mozilla/5.0 (iPhone; CPU iPhone OS 17_1_1 like Mac OS X) AppleWebKit/605.1.15 (KHTML, like Gecko) Version/17.1 Mobile/15E148 Safari/604.1"
10.0.0.4 - - [21/May/2026:16:05:58 +0000] "PUT /js/main.js HTTP/1.1" 404 528 "-" "Mozilla/5.0 (compatible; Googlebot/2.1; +http://www.google.com/bot.html)"
192.168.1.15 - - [21/May/2026:16:06:08 +0000] "GET /about.html HTTP/1.1" 200 20558 "-" "Mozilla/5.0 (Windows NT 10.0; Win64; x64) AppleWebKit/537.36 (KHTML, like Gecko) Chrome/120.0.0.0 Safari/537.36"
203.0.113.88 - - [21/May/2026:16:06:18 +0000] "GET /js/main.js HTTP/1.1" 200 19860 "-" "Mozilla/5.0 (iPhone; CPU iPhone OS 17_1_1 like Mac OS X) AppleWebKit/605.1.15 (KHTML, like Gecko) Version/17.1 Mobile/15E148 Safari/604.1"
192.168.1.15 - - [21/May/2026:16:06:28 +0000] "GET /index.html HTTP/1.1" 304 503 "-" "Mozilla/5.0 (X11; Linux x86_64; rv:109.0) Gecko/20100101 Firefox/119.0"
122.164.48.9 - - [21/May/2026:16:06:38 +0000] "GET /favicon.ico HTTP/1.1" 404 872 "-" "Mozilla/5.0 (Macintosh; Intel Mac OS X 10_15_7) AppleWebKit/605.1.15 (KHTML, like Gecko) Version/17.2 Safari/605.1.15"
190.12.87.54 - - [21/May/2026:16:06:48 +0000] "POST /index.html HTTP/1.1" 200 16438 "-" "Mozilla/5.0 (compatible; Googlebot/2.1; +http://www.google.com/bot.html)"
203.0.113.88 - - [21/May/2026:16:06:58 +0000] "GET /blog/posts HTTP/1.1" 404 887 "-" "Mozilla/5.0 (Macintosh; Intel Mac OS X 10_15_7) AppleWebKit/605.1.15 (KHTML, like Gecko) Version/17.2 Safari/605.1.15"
203.0.113.88 - - [21/May/2026:16:07:08 +0000] "GET /api/v1/status HTTP/1.1" 200 19836 "-" "Mozilla/5.0 (iPhone; CPU iPhone OS 17_1_1 like Mac OS X) AppleWebKit/605.1.15 (KHTML, like Gecko) Version/17.1 Mobile/15E148 Safari/604.1"
192.168.1.15 - - [21/May/2026:16:07:18 +0000] "GET /js/main.js HTTP/1.1" 200 17453 "-" "Mozilla/5.0 (iPhone; CPU iPhone OS 17_1_1 like Mac OS X) AppleWebKit/605.1.15 (KHTML, like Gecko) Version/17.1 Mobile/15E148 Safari/604.1"
190.12.87.54 - - [21/May/2026:16:07:28 +0000] "GET /api/ping?host=127.0.0.1;%20whoami HTTP/1.1" 500 621 "-" "Mozilla/5.0 (X11; Linux x86_64; rv:109.0) Gecko/20100101 Firefox/119.0"
203.0.113.88 - - [21/May/2026:16:07:38 +0000] "POST /favicon.ico HTTP/1.1" 404 623 "-" "Mozilla/5.0 (Windows NT 10.0; Win64; x64) AppleWebKit/537.36 (KHTML, like Gecko) Chrome/120.0.0.0 Safari/537.36"
192.168.1.15 - - [21/May/2026:16:07:48 +0000] "PUT /images/logo.png HTTP/1.1" 200 16023 "-" "Mozilla/5.0 (X11; Linux x86_64; rv:109.0) Gecko/20100101 Firefox/119.0"
122.164.48.9 - - [21/May/2026:16:07:58 +0000] "PUT /favicon.ico HTTP/1.1" 304 1349 "-" "Mozilla/5.0 (iPhone; CPU iPhone OS 17_1_1 like Mac OS X) AppleWebKit/605.1.15 (KHTML, like Gecko) Version/17.1 Mobile/15E148 Safari/604.1"
203.0.113.88 - - [21/May/2026:16:08:08 +0000] "POST /js/main.js HTTP/1.1" 304 604 "-" "Mozilla/5.0 (iPhone; CPU iPhone OS 17_1_1 like Mac OS X) AppleWebKit/605.1.15 (KHTML, like Gecko) Version/17.1 Mobile/15E148 Safari/604.1"
192.168.1.15 - - [21/May/2026:16:08:18 +0000] "GET /favicon.ico HTTP/1.1" 404 718 "-" "Mozilla/5.0 (Macintosh; Intel Mac OS X 10_15_7) AppleWebKit/605.1.15 (KHTML, like Gecko) Version/17.2 Safari/605.1.15"
203.0.113.88 - - [21/May/2026:16:08:28 +0000] "POST /js/main.js HTTP/1.1" 200 14244 "-" "Mozilla/5.0 (Windows NT 10.0; Win64; x64) AppleWebKit/537.36 (KHTML, like Gecko) Chrome/120.0.0.0 Safari/537.36"
203.0.113.88 - - [21/May/2026:16:08:38 +0000] "GET /js/main.js HTTP/1.1" 200 4236 "-" "Mozilla/5.0 (Windows NT 10.0; Win64; x64) AppleWebKit/537.36 (KHTML, like Gecko) Chrome/120.0.0.0 Safari/537.36"
203.0.113.88 - - [21/May/2026:16:08:48 +0000] "POST /api/v1/status HTTP/1.1" 404 1123 "-" "Mozilla/5.0 (iPhone; CPU iPhone OS 17_1_1 like Mac OS X) AppleWebKit/605.1.15 (KHTML, like Gecko) Version/17.1 Mobile/15E148 Safari/604.1"
122.164.48.9 - - [21/May/2026:16:08:58 +0000] "PUT /products/items HTTP/1.1" 200 5860 "-" "Mozilla/5.0 (X11; Linux x86_64; rv:109.0) Gecko/20100101 Firefox/119.0"
122.164.48.9 - - [21/May/2026:16:09:08 +0000] "POST /images/logo.png HTTP/1.1" 404 420 "-" "Mozilla/5.0 (Macintosh; Intel Mac OS X 10_15_7) AppleWebKit/605.1.15 (KHTML, like Gecko) Version/17.2 Safari/605.1.15"
81.108.20.11 - - [21/May/2026:16:09:18 +0000] "POST /index.html HTTP/1.1" 200 5191 "-" "Mozilla/5.0 (Windows NT 10.0; Win64; x64) AppleWebKit/537.36 (KHTML, like Gecko) Chrome/120.0.0.0 Safari/537.36"
122.164.48.9 - - [21/May/2026:16:09:28 +0000] "GET /blog/posts HTTP/1.1" 404 940 "-" "Mozilla/5.0 (X11; Linux x86_64; rv:109.0) Gecko/20100101 Firefox/119.0"
192.168.1.15 - - [21/May/2026:16:09:38 +0000] "GET /js/main.js HTTP/1.1" 200 24636 "-" "Mozilla/5.0 (compatible; Googlebot/2.1; +http://www.google.com/bot.html)"
122.164.48.9 - - [21/May/2026:16:09:48 +0000] "PUT /css/styles.css HTTP/1.1" 304 1005 "-" "Mozilla/5.0 (Macintosh; Intel Mac OS X 10_15_7) AppleWebKit/605.1.15 (KHTML, like Gecko) Version/17.2 Safari/605.1.15"
198.51.100.12 - - [21/May/2026:16:09:58 +0000] "GET /api/users?id=1%20UNION%20SELECT%20NULL,username,password%20FROM%20users-- HTTP/1.1" 500 1043 "-" "Mozilla/5.0 (iPhone; CPU iPhone OS 17_1_1 like Mac OS X) AppleWebKit/605.1.15 (KHTML, like Gecko) Version/17.1 Mobile/15E148 Safari/604.1"
10.0.0.4 - - [21/May/2026:16:10:08 +0000] "GET /api/v1/metrics HTTP/1.1" 404 908 "-" "Mozilla/5.0 (compatible; Googlebot/2.1; +http://www.google.com/bot.html)"
203.0.113.88 - - [21/May/2026:16:10:18 +0000] "PUT /css/styles.css HTTP/1.1" 200 8106 "-" "Mozilla/5.0 (X11; Linux x86_64; rv:109.0) Gecko/20100101 Firefox/119.0"
81.108.20.11 - - [21/May/2026:16:10:28 +0000] "PUT /index.html HTTP/1.1" 304 109 "-" "Mozilla/5.0 (iPhone; CPU iPhone OS 17_1_1 like Mac OS X) AppleWebKit/605.1.15 (KHTML, like Gecko) Version/17.1 Mobile/15E148 Safari/604.1"
82.102.23.45 - - [21/May/2026:16:10:38 +0000] "GET /cgi-bin/test.sh?cmd=cat%20/etc/hosts HTTP/1.1" 500 465 "-" "Mozilla/5.0 (Macintosh; Intel Mac OS X 10_15_7) AppleWebKit/605.1.15 (KHTML, like Gecko) Version/17.2 Safari/605.1.15"
192.168.1.15 - - [21/May/2026:16:10:48 +0000] "GET /css/styles.css HTTP/1.1" 404 1385 "-" "Mozilla/5.0 (iPhone; CPU iPhone OS 17_1_1 like Mac OS X) AppleWebKit/605.1.15 (KHTML, like Gecko) Version/17.1 Mobile/15E148 Safari/604.1"
192.168.1.15 - - [21/May/2026:16:10:58 +0000] "POST /about.html HTTP/1.1" 404 696 "-" "Mozilla/5.0 (Macintosh; Intel Mac OS X 10_15_7) AppleWebKit/605.1.15 (KHTML, like Gecko) Version/17.2 Safari/605.1.15"
203.0.113.88 - - [21/May/2026:16:11:08 +0000] "GET /products/items HTTP/1.1" 200 19186 "-" "Mozilla/5.0 (compatible; Googlebot/2.1; +http://www.google.com/bot.html)"
185.220.101.5 - - [21/May/2026:16:11:18 +0000] "GET /phpmyadmin/index.php HTTP/1.1" 404 662 "-" "Mozilla/5.0 (iPhone; CPU iPhone OS 17_1_1 like Mac OS X) AppleWebKit/605.1.15 (KHTML, like Gecko) Version/17.1 Mobile/15E148 Safari/604.1"
203.0.113.88 - - [21/May/2026:16:11:28 +0000] "POST /contact.html HTTP/1.1" 200 6204 "-" "Mozilla/5.0 (Windows NT 10.0; Win64; x64) AppleWebKit/537.36 (KHTML, like Gecko) Chrome/120.0.0.0 Safari/537.36"
81.108.20.11 - - [21/May/2026:16:11:38 +0000] "PUT /blog/posts HTTP/1.1" 404 716 "-" "Mozilla/5.0 (Windows NT 10.0; Win64; x64) AppleWebKit/537.36 (KHTML, like Gecko) Chrome/120.0.0.0 Safari/537.36"
192.168.1.15 - - [21/May/2026:16:11:48 +0000] "POST /images/logo.png HTTP/1.1" 200 11219 "-" "Mozilla/5.0 (iPhone; CPU iPhone OS 17_1_1 like Mac OS X) AppleWebKit/605.1.15 (KHTML, like Gecko) Version/17.1 Mobile/15E148 Safari/604.1"
91.220.43.12 - - [21/May/2026:16:11:58 +0000] "POST /js/main.js HTTP/1.1" 200 3315 "-" "Mozilla/5.0 (Macintosh; Intel Mac OS X 10_15_7) AppleWebKit/605.1.15 (KHTML, like Gecko) Version/17.2 Safari/605.1.15"
203.0.113.88 - - [21/May/2026:16:12:08 +0000] "GET /images/logo.png HTTP/1.1" 404 1030 "-" "Mozilla/5.0 (Macintosh; Intel Mac OS X 10_15_7) AppleWebKit/605.1.15 (KHTML, like Gecko) Version/17.2 Safari/605.1.15"
10.0.0.4 - - [21/May/2026:16:12:18 +0000] "GET /images/logo.png HTTP/1.1" 200 10422 "-" "Mozilla/5.0 (Macintosh; Intel Mac OS X 10_15_7) AppleWebKit/605.1.15 (KHTML, like Gecko) Version/17.2 Safari/605.1.15"
89.248.167.15 - - [21/May/2026:16:12:28 +0000] "GET /static/../../etc/passwd HTTP/1.1" 400 656 "-" "Mozilla/5.0 (Macintosh; Intel Mac OS X 10_15_7) AppleWebKit/605.1.15 (KHTML, like Gecko) Version/17.2 Safari/605.1.15"
81.108.20.11 - - [21/May/2026:16:12:38 +0000] "GET /api/v1/status HTTP/1.1" 200 367 "-" "Mozilla/5.0 (iPhone; CPU iPhone OS 17_1_1 like Mac OS X) AppleWebKit/605.1.15 (KHTML, like Gecko) Version/17.1 Mobile/15E148 Safari/604.1"
91.220.43.12 - - [21/May/2026:16:12:48 +0000] "GET /api/v1/status HTTP/1.1" 404 591 "-" "Mozilla/5.0 (X11; Linux x86_64; rv:109.0) Gecko/20100101 Firefox/119.0"
81.108.20.11 - - [21/May/2026:16:12:58 +0000] "GET /css/styles.css HTTP/1.1" 304 729 "-" "Mozilla/5.0 (X11; Linux x86_64; rv:109.0) Gecko/20100101 Firefox/119.0"
122.164.48.9 - - [21/May/2026:16:13:08 +0000] "GET /images/logo.png HTTP/1.1" 404 552 "-" "Mozilla/5.0 (Macintosh; Intel Mac OS X 10_15_7) AppleWebKit/605.1.15 (KHTML, like Gecko) Version/17.2 Safari/605.1.15"
192.168.1.15 - - [21/May/2026:16:13:18 +0000] "PUT /blog/posts HTTP/1.1" 200 5909 "-" "Mozilla/5.0 (compatible; Googlebot/2.1; +http://www.google.com/bot.html)"
81.108.20.11 - - [21/May/2026:16:13:28 +0000] "PUT /css/styles.css HTTP/1.1" 200 22190 "-" "Mozilla/5.0 (X11; Linux x86_64; rv:109.0) Gecko/20100101 Firefox/119.0"
10.0.0.4 - - [21/May/2026:16:13:38 +0000] "POST /api/v1/metrics HTTP/1.1" 200 19929 "-" "Mozilla/5.0 (Windows NT 10.0; Win64; x64) AppleWebKit/537.36 (KHTML, like Gecko) Chrome/120.0.0.0 Safari/537.36"
89.248.167.15 - - [21/May/2026:16:13:48 +0000] "GET /contact.html HTTP/1.1" 304 554 "-" "Mozilla/5.0 (X11; Linux x86_64; rv:109.0) Gecko/20100101 Firefox/119.0"
81.108.20.11 - - [21/May/2026:16:13:58 +0000] "POST /index.html HTTP/1.1" 200 14838 "-" "Mozilla/5.0 (Macintosh; Intel Mac OS X 10_15_7) AppleWebKit/605.1.15 (KHTML, like Gecko) Version/17.2 Safari/605.1.15"
122.164.48.9 - - [21/May/2026:16:14:08 +0000] "GET /contact.html HTTP/1.1" 200 19207 "-" "Mozilla/5.0 (Windows NT 10.0; Win64; x64) AppleWebKit/537.36 (KHTML, like Gecko) Chrome/120.0.0.0 Safari/537.36"
10.0.0.4 - - [21/May/2026:16:14:18 +0000] "GET /css/styles.css HTTP/1.1" 200 21347 "-" "Mozilla/5.0 (Macintosh; Intel Mac OS X 10_15_7) AppleWebKit/605.1.15 (KHTML, like Gecko) Version/17.2 Safari/605.1.15"
203.0.113.88 - - [21/May/2026:16:14:28 +0000] "PUT /about.html HTTP/1.1" 200 9736 "-" "Mozilla/5.0 (X11; Linux x86_64; rv:109.0) Gecko/20100101 Firefox/119.0"
122.164.48.9 - - [21/May/2026:16:14:38 +0000] "PUT /index.html HTTP/1.1" 200 7516 "-" "Mozilla/5.0 (Macintosh; Intel Mac OS X 10_15_7) AppleWebKit/605.1.15 (KHTML, like Gecko) Version/17.2 Safari/605.1.15"
81.108.20.11 - - [21/May/2026:16:14:48 +0000] "POST /about.html HTTP/1.1" 404 1407 "-" "Mozilla/5.0 (compatible; Googlebot/2.1; +http://www.google.com/bot.html)"
198.51.100.12 - - [21/May/2026:16:14:58 +0000] "GET /cgi-bin/test.sh?cmd=cat%20/etc/hosts HTTP/1.1" 500 20 "-" "Mozilla/5.0 (Windows NT 10.0; Win64; x64) AppleWebKit/537.36 (KHTML, like Gecko) Chrome/120.0.0.0 Safari/537.36"
122.164.48.9 - - [21/May/2026:16:15:08 +0000] "GET /contact.html HTTP/1.1" 200 14717 "-" "Mozilla/5.0 (Macintosh; Intel Mac OS X 10_15_7) AppleWebKit/605.1.15 (KHTML, like Gecko) Version/17.2 Safari/605.1.15"
192.168.1.15 - - [21/May/2026:16:15:18 +0000] "PUT /js/main.js HTTP/1.1" 200 1922 "-" "Mozilla/5.0 (Windows NT 10.0; Win64; x64) AppleWebKit/537.36 (KHTML, like Gecko) Chrome/120.0.0.0 Safari/537.36"
81.108.20.11 - - [21/May/2026:16:15:28 +0000] "GET /products/items HTTP/1.1" 404 877 "-" "Mozilla/5.0 (X11; Linux x86_64; rv:109.0) Gecko/20100101 Firefox/119.0"
192.168.1.15 - - [21/May/2026:16:15:38 +0000] "GET /images/logo.png HTTP/1.1" 200 3467 "-" "Mozilla/5.0 (compatible; Googlebot/2.1; +http://www.google.com/bot.html)"
81.108.20.11 - - [21/May/2026:16:15:48 +0000] "GET /images/logo.png HTTP/1.1" 200 19429 "-" "Mozilla/5.0 (iPhone; CPU iPhone OS 17_1_1 like Mac OS X) AppleWebKit/605.1.15 (KHTML, like Gecko) Version/17.1 Mobile/15E148 Safari/604.1"
192.168.1.15 - - [21/May/2026:16:15:58 +0000] "GET /favicon.ico HTTP/1.1" 200 506 "-" "Mozilla/5.0 (Macintosh; Intel Mac OS X 10_15_7) AppleWebKit/605.1.15 (KHTML, like Gecko) Version/17.2 Safari/605.1.15"
122.164.48.9 - - [21/May/2026:16:16:08 +0000] "PUT /images/logo.png HTTP/1.1" 200 3411 "-" "Mozilla/5.0 (compatible; Googlebot/2.1; +http://www.google.com/bot.html)"
192.168.1.15 - - [21/May/2026:16:16:18 +0000] "GET /index.html HTTP/1.1" 200 9874 "-" "Mozilla/5.0 (iPhone; CPU iPhone OS 17_1_1 like Mac OS X) AppleWebKit/605.1.15 (KHTML, like Gecko) Version/17.1 Mobile/15E148 Safari/604.1"
10.0.0.4 - - [21/May/2026:16:16:28 +0000] "GET /js/main.js HTTP/1.1" 404 181 "-" "Mozilla/5.0 (X11; Linux x86_64; rv:109.0) Gecko/20100101 Firefox/119.0"
192.168.1.15 - - [21/May/2026:16:16:38 +0000] "GET /api/v1/status HTTP/1.1" 304 656 "-" "Mozilla/5.0 (compatible; Googlebot/2.1; +http://www.google.com/bot.html)"
122.164.48.9 - - [21/May/2026:16:16:48 +0000] "PUT /css/styles.css HTTP/1.1" 304 493 "-" "Mozilla/5.0 (iPhone; CPU iPhone OS 17_1_1 like Mac OS X) AppleWebKit/605.1.15 (KHTML, like Gecko) Version/17.1 Mobile/15E148 Safari/604.1"
192.168.1.15 - - [21/May/2026:16:16:58 +0000] "GET /index.html HTTP/1.1" 200 16724 "-" "Mozilla/5.0 (Windows NT 10.0; Win64; x64) AppleWebKit/537.36 (KHTML, like Gecko) Chrome/120.0.0.0 Safari/537.36"
203.0.113.88 - - [21/May/2026:16:17:08 +0000] "PUT /contact.html HTTP/1.1" 200 13876 "-" "Mozilla/5.0 (Windows NT 10.0; Win64; x64) AppleWebKit/537.36 (KHTML, like Gecko) Chrome/120.0.0.0 Safari/537.36"
122.164.48.9 - - [21/May/2026:16:17:18 +0000] "GET /favicon.ico HTTP/1.1" 200 16034 "-" "Mozilla/5.0 (iPhone; CPU iPhone OS 17_1_1 like Mac OS X) AppleWebKit/605.1.15 (KHTML, like Gecko) Version/17.1 Mobile/15E148 Safari/604.1"
198.51.100.12 - - [21/May/2026:16:17:28 +0000] "POST /login?user=admin%27%20OR%201=1-- HTTP/1.1" 200 7342 "-" "Mozilla/5.0 (Windows NT 10.0; Win64; x64) AppleWebKit/537.36 (KHTML, like Gecko) Chrome/120.0.0.0 Safari/537.36"
192.168.1.15 - - [21/May/2026:16:17:38 +0000] "GET /about.html HTTP/1.1" 304 966 "-" "Mozilla/5.0 (iPhone; CPU iPhone OS 17_1_1 like Mac OS X) AppleWebKit/605.1.15 (KHTML, like Gecko) Version/17.1 Mobile/15E148 Safari/604.1"
10.0.0.4 - - [21/May/2026:16:17:48 +0000] "GET /css/styles.css HTTP/1.1" 200 23594 "-" "Mozilla/5.0 (compatible; Googlebot/2.1; +http://www.google.com/bot.html)"
82.102.23.45 - - [21/May/2026:16:17:58 +0000] "GET /wp-login.php HTTP/1.1" 404 228 "-" "Mozilla/5.0 (X11; Linux x86_64; rv:109.0) Gecko/20100101 Firefox/119.0"
122.164.48.9 - - [21/May/2026:16:18:08 +0000] "GET /js/main.js HTTP/1.1" 200 19827 "-" "Mozilla/5.0 (iPhone; CPU iPhone OS 17_1_1 like Mac OS X) AppleWebKit/605.1.15 (KHTML, like Gecko) Version/17.1 Mobile/15E148 Safari/604.1"
81.108.20.11 - - [21/May/2026:16:18:18 +0000] "POST /index.html HTTP/1.1" 200 13080 "-" "Mozilla/5.0 (compatible; Googlebot/2.1; +http://www.google.com/bot.html)"
192.168.1.15 - - [21/May/2026:16:18:28 +0000] "GET /contact.html HTTP/1.1" 200 11028 "-" "Mozilla/5.0 (iPhone; CPU iPhone OS 17_1_1 like Mac OS X) AppleWebKit/605.1.15 (KHTML, like Gecko) Version/17.1 Mobile/15E148 Safari/604.1"
198.51.100.12 - - [21/May/2026:16:18:38 +0000] "GET /css/styles.css HTTP/1.1" 200 12667 "-" "Mozilla/5.0 (Macintosh; Intel Mac OS X 10_15_7) AppleWebKit/605.1.15 (KHTML, like Gecko) Version/17.2 Safari/605.1.15"
198.51.100.12 - - [21/May/2026:16:18:48 +0000] "GET /index.html HTTP/1.1" 404 433 "-" "Mozilla/5.0 (Macintosh; Intel Mac OS X 10_15_7) AppleWebKit/605.1.15 (KHTML, like Gecko) Version/17.2 Safari/605.1.15"
122.164.48.9 - - [21/May/2026:16:18:58 +0000] "GET /api/v1/metrics HTTP/1.1" 200 13083 "-" "Mozilla/5.0 (Windows NT 10.0; Win64; x64) AppleWebKit/537.36 (KHTML, like Gecko) Chrome/120.0.0.0 Safari/537.36"
10.0.0.4 - - [21/May/2026:16:19:08 +0000] "GET /favicon.ico HTTP/1.1" 200 8868 "-" "Mozilla/5.0 (compatible; Googlebot/2.1; +http://www.google.com/bot.html)"
10.0.0.4 - - [21/May/2026:16:19:18 +0000] "PUT /blog/posts HTTP/1.1" 200 23427 "-" "Mozilla/5.0 (Windows NT 10.0; Win64; x64) AppleWebKit/537.36 (KHTML, like Gecko) Chrome/120.0.0.0 Safari/537.36"
103.22.200.41 - - [21/May/2026:16:19:28 +0000] "GET /api/v1/status HTTP/1.1" 200 12784 "-" "Mozilla/5.0 (Windows NT 10.0; Win64; x64) AppleWebKit/537.36 (KHTML, like Gecko) Chrome/120.0.0.0 Safari/537.36"
185.220.101.5 - - [21/May/2026:16:19:38 +0000] "GET /admin HTTP/1.1" 401 396 "-" "Mozilla/5.0 (compatible; Googlebot/2.1; +http://www.google.com/bot.html)"
89.248.167.15 - - [21/May/2026:16:19:48 +0000] "GET /api/v1/status HTTP/1.1" 200 5481 "-" "Mozilla/5.0 (compatible; Googlebot/2.1; +http://www.google.com/bot.html)"
103.22.200.41 - - [21/May/2026:16:19:58 +0000] "GET /files/download?file=..%2f..%2f..%2fwindows%2fwin.ini HTTP/1.1" 400 186 "-" "Mozilla/5.0 (Windows NT 10.0; Win64; x64) AppleWebKit/537.36 (KHTML, like Gecko) Chrome/120.0.0.0 Safari/537.36"
203.0.113.88 - - [21/May/2026:16:20:08 +0000] "GET /about.html HTTP/1.1" 404 1347 "-" "Mozilla/5.0 (Macintosh; Intel Mac OS X 10_15_7) AppleWebKit/605.1.15 (KHTML, like Gecko) Version/17.2 Safari/605.1.15"
122.164.48.9 - - [21/May/2026:16:20:18 +0000] "POST /index.html HTTP/1.1" 200 22519 "-" "Mozilla/5.0 (compatible; Googlebot/2.1; +http://www.google.com/bot.html)"
81.108.20.11 - - [21/May/2026:16:20:28 +0000] "PUT /contact.html HTTP/1.1" 404 235 "-" "Mozilla/5.0 (iPhone; CPU iPhone OS 17_1_1 like Mac OS X) AppleWebKit/605.1.15 (KHTML, like Gecko) Version/17.1 Mobile/15E148 Safari/604.1"
81.108.20.11 - - [21/May/2026:16:20:38 +0000] "GET /favicon.ico HTTP/1.1" 200 3285 "-" "Mozilla/5.0 (X11; Linux x86_64; rv:109.0) Gecko/20100101 Firefox/119.0"
198.51.100.12 - - [21/May/2026:16:20:48 +0000] "GET /static/../../etc/passwd HTTP/1.1" 400 1455 "-" "Mozilla/5.0 (Windows NT 10.0; Win64; x64) AppleWebKit/537.36 (KHTML, like Gecko) Chrome/120.0.0.0 Safari/537.36"
192.168.1.15 - - [21/May/2026:16:20:58 +0000] "GET /about.html HTTP/1.1" 200 23260 "-" "Mozilla/5.0 (X11; Linux x86_64; rv:109.0) Gecko/20100101 Firefox/119.0"
10.0.0.4 - - [21/May/2026:16:21:08 +0000] "PUT /contact.html HTTP/1.1" 200 4651 "-" "Mozilla/5.0 (Windows NT 10.0; Win64; x64) AppleWebKit/537.36 (KHTML, like Gecko) Chrome/120.0.0.0 Safari/537.36"
192.168.1.15 - - [21/May/2026:16:21:18 +0000] "PUT /index.html HTTP/1.1" 200 21379 "-" "Mozilla/5.0 (Macintosh; Intel Mac OS X 10_15_7) AppleWebKit/605.1.15 (KHTML, like Gecko) Version/17.2 Safari/605.1.15"
192.168.1.15 - - [21/May/2026:16:21:28 +0000] "GET /contact.html HTTP/1.1" 404 600 "-" "Mozilla/5.0 (Windows NT 10.0; Win64; x64) AppleWebKit/537.36 (KHTML, like Gecko) Chrome/120.0.0.0 Safari/537.36"
203.0.113.88 - - [21/May/2026:16:21:38 +0000] "PUT /index.html HTTP/1.1" 200 24625 "-" "Mozilla/5.0 (X11; Linux x86_64; rv:109.0) Gecko/20100101 Firefox/119.0"
81.108.20.11 - - [21/May/2026:16:21:48 +0000] "GET /api/v1/metrics HTTP/1.1" 200 19166 "-" "Mozilla/5.0 (Macintosh; Intel Mac OS X 10_15_7) AppleWebKit/605.1.15 (KHTML, like Gecko) Version/17.2 Safari/605.1.15"
192.168.1.15 - - [21/May/2026:16:21:58 +0000] "GET /api/v1/status HTTP/1.1" 200 22092 "-" "Mozilla/5.0 (Macintosh; Intel Mac OS X 10_15_7) AppleWebKit/605.1.15 (KHTML, like Gecko) Version/17.2 Safari/605.1.15"
122.164.48.9 - - [21/May/2026:16:22:08 +0000] "GET /contact.html HTTP/1.1" 200 23243 "-" "Mozilla/5.0 (Windows NT 10.0; Win64; x64) AppleWebKit/537.36 (KHTML, like Gecko) Chrome/120.0.0.0 Safari/537.36"
190.12.87.54 - - [21/May/2026:16:22:18 +0000] "GET /admin HTTP/1.1" 401 855 "-" "Mozilla/5.0 (X11; Linux x86_64; rv:109.0) Gecko/20100101 Firefox/119.0"
82.102.23.45 - - [21/May/2026:16:22:28 +0000] "GET /static/../../etc/passwd HTTP/1.1" 400 760 "-" "Mozilla/5.0 (Macintosh; Intel Mac OS X 10_15_7) AppleWebKit/605.1.15 (KHTML, like Gecko) Version/17.2 Safari/605.1.15"
203.0.113.88 - - [21/May/2026:16:22:38 +0000] "POST /contact.html HTTP/1.1" 200 20788 "-" "Mozilla/5.0 (iPhone; CPU iPhone OS 17_1_1 like Mac OS X) AppleWebKit/605.1.15 (KHTML, like Gecko) Version/17.1 Mobile/15E148 Safari/604.1"
203.0.113.88 - - [21/May/2026:16:22:48 +0000] "GET /js/main.js HTTP/1.1" 200 15402 "-" "Mozilla/5.0 (Windows NT 10.0; Win64; x64) AppleWebKit/537.36 (KHTML, like Gecko) Chrome/120.0.0.0 Safari/537.36"
122.164.48.9 - - [21/May/2026:16:22:58 +0000] "GET /index.html HTTP/1.1" 200 16231 "-" "Mozilla/5.0 (X11; Linux x86_64; rv:109.0) Gecko/20100101 Firefox/119.0"
198.51.100.12 - - [21/May/2026:16:23:08 +0000] "POST /css/styles.css HTTP/1.1" 200 22243 "-" "Mozilla/5.0 (Windows NT 10.0; Win64; x64) AppleWebKit/537.36 (KHTML, like Gecko) Chrome/120.0.0.0 Safari/537.36"
203.0.113.88 - - [21/May/2026:16:23:18 +0000] "POST /images/logo.png HTTP/1.1" 200 18572 "-" "Mozilla/5.0 (X11; Linux x86_64; rv:109.0) Gecko/20100101 Firefox/119.0"
81.108.20.11 - - [21/May/2026:16:23:28 +0000] "PUT /about.html HTTP/1.1" 200 23375 "-" "Mozilla/5.0 (Windows NT 10.0; Win64; x64) AppleWebKit/537.36 (KHTML, like Gecko) Chrome/120.0.0.0 Safari/537.36"
89.248.167.15 - - [21/May/2026:16:23:38 +0000] "GET /cgi-bin/test.sh?cmd=cat%20/etc/hosts HTTP/1.1" 500 827 "-" "Mozilla/5.0 (iPhone; CPU iPhone OS 17_1_1 like Mac OS X) AppleWebKit/605.1.15 (KHTML, like Gecko) Version/17.1 Mobile/15E148 Safari/604.1"
10.0.0.4 - - [21/May/2026:16:23:48 +0000] "POST /api/v1/metrics HTTP/1.1" 200 20048 "-" "Mozilla/5.0 (compatible; Googlebot/2.1; +http://www.google.com/bot.html)"
10.0.0.4 - - [21/May/2026:16:23:58 +0000] "GET /index.html HTTP/1.1" 200 1588 "-" "Mozilla/5.0 (X11; Linux x86_64; rv:109.0) Gecko/20100101 Firefox/119.0"
122.164.48.9 - - [21/May/2026:16:24:08 +0000] "GET /js/main.js HTTP/1.1" 200 5952 "-" "Mozilla/5.0 (compatible; Googlebot/2.1; +http://www.google.com/bot.html)"
89.248.167.15 - - [21/May/2026:16:24:18 +0000] "GET /contact.html HTTP/1.1" 200 18170 "-" "Mozilla/5.0 (Windows NT 10.0; Win64; x64) AppleWebKit/537.36 (KHTML, like Gecko) Chrome/120.0.0.0 Safari/537.36"
103.22.200.41 - - [21/May/2026:16:24:28 +0000] "GET /api/users?id=1%20UNION%20SELECT%20NULL,username,password%20FROM%20users-- HTTP/1.1" 500 42 "-" "Mozilla/5.0 (Macintosh; Intel Mac OS X 10_15_7) AppleWebKit/605.1.15 (KHTML, like Gecko) Version/17.2 Safari/605.1.15"
81.108.20.11 - - [21/May/2026:16:24:38 +0000] "PUT /favicon.ico HTTP/1.1" 200 10740 "-" "Mozilla/5.0 (Macintosh; Intel Mac OS X 10_15_7) AppleWebKit/605.1.15 (KHTML, like Gecko) Version/17.2 Safari/605.1.15"
81.108.20.11 - - [21/May/2026:16:24:48 +0000] "GET /js/main.js HTTP/1.1" 200 17136 "-" "Mozilla/5.0 (Windows NT 10.0; Win64; x64) AppleWebKit/537.36 (KHTML, like Gecko) Chrome/120.0.0.0 Safari/537.36"
91.220.43.12 - - [21/May/2026:16:24:58 +0000] "GET /files/download?file=..%2f..%2f..%2fwindows%2fwin.ini HTTP/1.1" 400 1126 "-" "Mozilla/5.0 (Macintosh; Intel Mac OS X 10_15_7) AppleWebKit/605.1.15 (KHTML, like Gecko) Version/17.2 Safari/605.1.15"
91.220.43.12 - - [21/May/2026:16:25:08 +0000] "GET /phpmyadmin/index.php HTTP/1.1" 404 1186 "-" "Mozilla/5.0 (Windows NT 10.0; Win64; x64) AppleWebKit/537.36 (KHTML, like Gecko) Chrome/120.0.0.0 Safari/537.36"
192.168.1.15 - - [21/May/2026:16:25:18 +0000] "GET /index.html HTTP/1.1" 200 18931 "-" "Mozilla/5.0 (iPhone; CPU iPhone OS 17_1_1 like Mac OS X) AppleWebKit/605.1.15 (KHTML, like Gecko) Version/17.1 Mobile/15E148 Safari/604.1"
81.108.20.11 - - [21/May/2026:16:25:28 +0000] "GET /favicon.ico HTTP/1.1" 200 11416 "-" "Mozilla/5.0 (Macintosh; Intel Mac OS X 10_15_7) AppleWebKit/605.1.15 (KHTML, like Gecko) Version/17.2 Safari/605.1.15"
81.108.20.11 - - [21/May/2026:16:25:38 +0000] "GET /blog/posts HTTP/1.1" 200 3300 "-" "Mozilla/5.0 (iPhone; CPU iPhone OS 17_1_1 like Mac OS X) AppleWebKit/605.1.15 (KHTML, like Gecko) Version/17.1 Mobile/15E148 Safari/604.1"
89.248.167.15 - - [21/May/2026:16:25:48 +0000] "GET /js/main.js HTTP/1.1" 200 18274 "-" "Mozilla/5.0 (Windows NT 10.0; Win64; x64) AppleWebKit/537.36 (KHTML, like Gecko) Chrome/120.0.0.0 Safari/537.36"
185.220.101.5 - - [21/May/2026:16:25:58 +0000] "GET /cgi-bin/test.sh?cmd=cat%20/etc/hosts HTTP/1.1" 500 449 "-" "Mozilla/5.0 (compatible; Googlebot/2.1; +http://www.google.com/bot.html)"
81.108.20.11 - - [21/May/2026:16:26:08 +0000] "POST /blog/posts HTTP/1.1" 200 7151 "-" "Mozilla/5.0 (compatible; Googlebot/2.1; +http://www.google.com/bot.html)"
192.168.1.15 - - [21/May/2026:16:26:18 +0000] "PUT /images/logo.png HTTP/1.1" 404 817 "-" "Mozilla/5.0 (Windows NT 10.0; Win64; x64) AppleWebKit/537.36 (KHTML, like Gecko) Chrome/120.0.0.0 Safari/537.36"
10.0.0.4 - - [21/May/2026:16:26:28 +0000] "PUT /images/logo.png HTTP/1.1" 404 693 "-" "Mozilla/5.0 (X11; Linux x86_64; rv:109.0) Gecko/20100101 Firefox/119.0"
192.168.1.15 - - [21/May/2026:16:26:38 +0000] "GET /index.html HTTP/1.1" 304 1319 "-" "Mozilla/5.0 (X11; Linux x86_64; rv:109.0) Gecko/20100101 Firefox/119.0"
203.0.113.88 - - [21/May/2026:16:26:48 +0000] "GET /blog/posts HTTP/1.1" 200 2572 "-" "Mozilla/5.0 (compatible; Googlebot/2.1; +http://www.google.com/bot.html)"
192.168.1.15 - - [21/May/2026:16:26:58 +0000] "PUT /favicon.ico HTTP/1.1" 200 17630 "-" "Mozilla/5.0 (compatible; Googlebot/2.1; +http://www.google.com/bot.html)"
203.0.113.88 - - [21/May/2026:16:27:08 +0000] "POST /api/v1/metrics HTTP/1.1" 200 11331 "-" "Mozilla/5.0 (Macintosh; Intel Mac OS X 10_15_7) AppleWebKit/605.1.15 (KHTML, like Gecko) Version/17.2 Safari/605.1.15"
10.0.0.4 - - [21/May/2026:16:27:18 +0000] "GET /about.html HTTP/1.1" 200 7723 "-" "Mozilla/5.0 (Macintosh; Intel Mac OS X 10_15_7) AppleWebKit/605.1.15 (KHTML, like Gecko) Version/17.2 Safari/605.1.15"
82.102.23.45 - - [21/May/2026:16:27:28 +0000] "GET /wp-login.php HTTP/1.1" 404 1241 "-" "Mozilla/5.0 (compatible; Googlebot/2.1; +http://www.google.com/bot.html)"
122.164.48.9 - - [21/May/2026:16:27:38 +0000] "GET /contact.html HTTP/1.1" 200 6731 "-" "Mozilla/5.0 (Windows NT 10.0; Win64; x64) AppleWebKit/537.36 (KHTML, like Gecko) Chrome/120.0.0.0 Safari/537.36"
91.220.43.12 - - [21/May/2026:16:27:48 +0000] "GET /phpmyadmin/index.php HTTP/1.1" 404 1454 "-" "Mozilla/5.0 (iPhone; CPU iPhone OS 17_1_1 like Mac OS X) AppleWebKit/605.1.15 (KHTML, like Gecko) Version/17.1 Mobile/15E148 Safari/604.1"
89.248.167.15 - - [21/May/2026:16:27:58 +0000] "GET /api/v1/metrics HTTP/1.1" 200 8830 "-" "Mozilla/5.0 (Windows NT 10.0; Win64; x64) AppleWebKit/537.36 (KHTML, like Gecko) Chrome/120.0.0.0 Safari/537.36"
192.168.1.15 - - [21/May/2026:16:28:08 +0000] "GET /css/styles.css HTTP/1.1" 200 18413 "-" "Mozilla/5.0 (iPhone; CPU iPhone OS 17_1_1 like Mac OS X) AppleWebKit/605.1.15 (KHTML, like Gecko) Version/17.1 Mobile/15E148 Safari/604.1"
82.102.23.45 - - [21/May/2026:16:28:18 +0000] "PUT /products/items HTTP/1.1" 404 895 "-" "Mozilla/5.0 (Macintosh; Intel Mac OS X 10_15_7) AppleWebKit/605.1.15 (KHTML, like Gecko) Version/17.2 Safari/605.1.15"
192.168.1.15 - - [21/May/2026:16:28:28 +0000] "PUT /js/main.js HTTP/1.1" 200 24987 "-" "Mozilla/5.0 (compatible; Googlebot/2.1; +http://www.google.com/bot.html)"
89.248.167.15 - - [21/May/2026:16:28:38 +0000] "GET /contact.html HTTP/1.1" 404 531 "-" "Mozilla/5.0 (iPhone; CPU iPhone OS 17_1_1 like Mac OS X) AppleWebKit/605.1.15 (KHTML, like Gecko) Version/17.1 Mobile/15E148 Safari/604.1"
192.168.1.15 - - [21/May/2026:16:28:48 +0000] "POST /about.html HTTP/1.1" 304 101 "-" "Mozilla/5.0 (Macintosh; Intel Mac OS X 10_15_7) AppleWebKit/605.1.15 (KHTML, like Gecko) Version/17.2 Safari/605.1.15"
10.0.0.4 - - [21/May/2026:16:28:58 +0000] "PUT /contact.html HTTP/1.1" 200 7377 "-" "Mozilla/5.0 (iPhone; CPU iPhone OS 17_1_1 like Mac OS X) AppleWebKit/605.1.15 (KHTML, like Gecko) Version/17.1 Mobile/15E148 Safari/604.1"
192.168.1.15 - - [21/May/2026:16:29:08 +0000] "GET /api/v1/status HTTP/1.1" 404 1198 "-" "Mozilla/5.0 (X11; Linux x86_64; rv:109.0) Gecko/20100101 Firefox/119.0"
122.164.48.9 - - [21/May/2026:16:29:18 +0000] "GET /css/styles.css HTTP/1.1" 200 3527 "-" "Mozilla/5.0 (compatible; Googlebot/2.1; +http://www.google.com/bot.html)"
203.0.113.88 - - [21/May/2026:16:29:28 +0000] "POST /index.html HTTP/1.1" 200 6218 "-" "Mozilla/5.0 (X11; Linux x86_64; rv:109.0) Gecko/20100101 Firefox/119.0"
192.168.1.15 - - [21/May/2026:16:29:38 +0000] "POST /favicon.ico HTTP/1.1" 304 844 "-" "Mozilla/5.0 (compatible; Googlebot/2.1; +http://www.google.com/bot.html)"
91.220.43.12 - - [21/May/2026:16:29:48 +0000] "GET /static/../../etc/passwd HTTP/1.1" 400 1230 "-" "Mozilla/5.0 (X11; Linux x86_64; rv:109.0) Gecko/20100101 Firefox/119.0"
185.220.101.5 - - [21/May/2026:16:29:58 +0000] "GET /files/download?file=..%2f..%2f..%2fwindows%2fwin.ini HTTP/1.1" 400 734 "-" "Mozilla/5.0 (X11; Linux x86_64; rv:109.0) Gecko/20100101 Firefox/119.0"
122.164.48.9 - - [21/May/2026:16:30:08 +0000] "PUT /js/main.js HTTP/1.1" 200 11140 "-" "Mozilla/5.0 (iPhone; CPU iPhone OS 17_1_1 like Mac OS X) AppleWebKit/605.1.15 (KHTML, like Gecko) Version/17.1 Mobile/15E148 Safari/604.1"
203.0.113.88 - - [21/May/2026:16:30:18 +0000] "GET /api/v1/status HTTP/1.1" 304 1195 "-" "Mozilla/5.0 (iPhone; CPU iPhone OS 17_1_1 like Mac OS X) AppleWebKit/605.1.15 (KHTML, like Gecko) Version/17.1 Mobile/15E148 Safari/604.1"
122.164.48.9 - - [21/May/2026:16:30:28 +0000] "GET /blog/posts HTTP/1.1" 200 5424 "-" "Mozilla/5.0 (compatible; Googlebot/2.1; +http://www.google.com/bot.html)"
192.168.1.15 - - [21/May/2026:16:30:38 +0000] "GET /about.html HTTP/1.1" 304 147 "-" "Mozilla/5.0 (X11; Linux x86_64; rv:109.0) Gecko/20100101 Firefox/119.0"
198.51.100.12 - - [21/May/2026:16:30:48 +0000] "GET /phpmyadmin/index.php HTTP/1.1" 404 545 "-" "Mozilla/5.0 (Windows NT 10.0; Win64; x64) AppleWebKit/537.36 (KHTML, like Gecko) Chrome/120.0.0.0 Safari/537.36"
192.168.1.15 - - [21/May/2026:16:30:58 +0000] "GET /api/v1/status HTTP/1.1" 200 21077 "-" "Mozilla/5.0 (Macintosh; Intel Mac OS X 10_15_7) AppleWebKit/605.1.15 (KHTML, like Gecko) Version/17.2 Safari/605.1.15"
203.0.113.88 - - [21/May/2026:16:31:08 +0000] "GET /api/v1/metrics HTTP/1.1" 304 1454 "-" "Mozilla/5.0 (compatible; Googlebot/2.1; +http://www.google.com/bot.html)"
192.168.1.15 - - [21/May/2026:16:31:18 +0000] "GET /contact.html HTTP/1.1" 404 1031 "-" "Mozilla/5.0 (X11; Linux x86_64; rv:109.0) Gecko/20100101 Firefox/119.0"
122.164.48.9 - - [21/May/2026:16:31:28 +0000] "GET /api/v1/metrics HTTP/1.1" 200 16005 "-" "Mozilla/5.0 (X11; Linux x86_64; rv:109.0) Gecko/20100101 Firefox/119.0"
198.51.100.12 - - [21/May/2026:16:31:38 +0000] "POST /js/main.js HTTP/1.1" 200 7673 "-" "Mozilla/5.0 (X11; Linux x86_64; rv:109.0) Gecko/20100101 Firefox/119.0"
91.220.43.12 - - [21/May/2026:16:31:48 +0000] "GET /wp-login.php HTTP/1.1" 404 1325 "-" "Mozilla/5.0 (X11; Linux x86_64; rv:109.0) Gecko/20100101 Firefox/119.0"
81.108.20.11 - - [21/May/2026:16:31:58 +0000] "PUT /about.html HTTP/1.1" 404 180 "-" "Mozilla/5.0 (X11; Linux x86_64; rv:109.0) Gecko/20100101 Firefox/119.0"
81.108.20.11 - - [21/May/2026:16:32:08 +0000] "GET /js/main.js HTTP/1.1" 200 20244 "-" "Mozilla/5.0 (Windows NT 10.0; Win64; x64) AppleWebKit/537.36 (KHTML, like Gecko) Chrome/120.0.0.0 Safari/537.36"
192.168.1.15 - - [21/May/2026:16:32:18 +0000] "POST /images/logo.png HTTP/1.1" 200 11285 "-" "Mozilla/5.0 (compatible; Googlebot/2.1; +http://www.google.com/bot.html)"
91.220.43.12 - - [21/May/2026:16:32:28 +0000] "GET /phpmyadmin/index.php HTTP/1.1" 404 727 "-" "Mozilla/5.0 (Windows NT 10.0; Win64; x64) AppleWebKit/537.36 (KHTML, like Gecko) Chrome/120.0.0.0 Safari/537.36"
81.108.20.11 - - [21/May/2026:16:32:38 +0000] "POST /api/v1/status HTTP/1.1" 200 16508 "-" "Mozilla/5.0 (Macintosh; Intel Mac OS X 10_15_7) AppleWebKit/605.1.15 (KHTML, like Gecko) Version/17.2 Safari/605.1.15"
192.168.1.15 - - [21/May/2026:16:32:48 +0000] "GET /css/styles.css HTTP/1.1" 304 1366 "-" "Mozilla/5.0 (X11; Linux x86_64; rv:109.0) Gecko/20100101 Firefox/119.0"
10.0.0.4 - - [21/May/2026:16:32:58 +0000] "GET /products/items HTTP/1.1" 200 19201 "-" "Mozilla/5.0 (Windows NT 10.0; Win64; x64) AppleWebKit/537.36 (KHTML, like Gecko) Chrome/120.0.0.0 Safari/537.36"
91.220.43.12 - - [21/May/2026:16:33:08 +0000] "PUT /css/styles.css HTTP/1.1" 404 780 "-" "Mozilla/5.0 (Macintosh; Intel Mac OS X 10_15_7) AppleWebKit/605.1.15 (KHTML, like Gecko) Version/17.2 Safari/605.1.15"
122.164.48.9 - - [21/May/2026:16:33:18 +0000] "GET /index.html HTTP/1.1" 200 24590 "-" "Mozilla/5.0 (compatible; Googlebot/2.1; +http://www.google.com/bot.html)"
10.0.0.4 - - [21/May/2026:16:33:28 +0000] "GET /products/items HTTP/1.1" 200 24089 "-" "Mozilla/5.0 (X11; Linux x86_64; rv:109.0) Gecko/20100101 Firefox/119.0"
192.168.1.15 - - [21/May/2026:16:33:38 +0000] "GET /contact.html HTTP/1.1" 200 19562 "-" "Mozilla/5.0 (Windows NT 10.0; Win64; x64) AppleWebKit/537.36 (KHTML, like Gecko) Chrome/120.0.0.0 Safari/537.36"
81.108.20.11 - - [21/May/2026:16:33:48 +0000] "GET /api/v1/metrics HTTP/1.1" 200 24623 "-" "Mozilla/5.0 (iPhone; CPU iPhone OS 17_1_1 like Mac OS X) AppleWebKit/605.1.15 (KHTML, like Gecko) Version/17.1 Mobile/15E148 Safari/604.1"
190.12.87.54 - - [21/May/2026:16:33:58 +0000] "PUT /about.html HTTP/1.1" 304 99 "-" "Mozilla/5.0 (Macintosh; Intel Mac OS X 10_15_7) AppleWebKit/605.1.15 (KHTML, like Gecko) Version/17.2 Safari/605.1.15"
122.164.48.9 - - [21/May/2026:16:34:08 +0000] "GET /api/v1/metrics HTTP/1.1" 200 195 "-" "Mozilla/5.0 (compatible; Googlebot/2.1; +http://www.google.com/bot.html)"
10.0.0.4 - - [21/May/2026:16:34:18 +0000] "POST /favicon.ico HTTP/1.1" 200 10190 "-" "Mozilla/5.0 (iPhone; CPU iPhone OS 17_1_1 like Mac OS X) AppleWebKit/605.1.15 (KHTML, like Gecko) Version/17.1 Mobile/15E148 Safari/604.1"
10.0.0.4 - - [21/May/2026:16:34:28 +0000] "GET /js/main.js HTTP/1.1" 200 16536 "-" "Mozilla/5.0 (compatible; Googlebot/2.1; +http://www.google.com/bot.html)"
203.0.113.88 - - [21/May/2026:16:34:38 +0000] "GET /favicon.ico HTTP/1.1" 304 203 "-" "Mozilla/5.0 (Windows NT 10.0; Win64; x64) AppleWebKit/537.36 (KHTML, like Gecko) Chrome/120.0.0.0 Safari/537.36"
190.12.87.54 - - [21/May/2026:16:34:48 +0000] "GET /wp-login.php HTTP/1.1" 404 25 "-" "Mozilla/5.0 (X11; Linux x86_64; rv:109.0) Gecko/20100101 Firefox/119.0"
89.248.167.15 - - [21/May/2026:16:34:58 +0000] "GET /api/ping?host=127.0.0.1;%20whoami HTTP/1.1" 500 1062 "-" "Mozilla/5.0 (X11; Linux x86_64; rv:109.0) Gecko/20100101 Firefox/119.0"
203.0.113.88 - - [21/May/2026:16:35:08 +0000] "GET /about.html HTTP/1.1" 200 17088 "-" "Mozilla/5.0 (iPhone; CPU iPhone OS 17_1_1 like Mac OS X) AppleWebKit/605.1.15 (KHTML, like Gecko) Version/17.1 Mobile/15E148 Safari/604.1"
81.108.20.11 - - [21/May/2026:16:35:18 +0000] "GET /blog/posts HTTP/1.1" 200 23669 "-" "Mozilla/5.0 (Windows NT 10.0; Win64; x64) AppleWebKit/537.36 (KHTML, like Gecko) Chrome/120.0.0.0 Safari/537.36"
10.0.0.4 - - [21/May/2026:16:35:28 +0000] "GET /api/v1/status HTTP/1.1" 200 21900 "-" "Mozilla/5.0 (compatible; Googlebot/2.1; +http://www.google.com/bot.html)"
122.164.48.9 - - [21/May/2026:16:35:38 +0000] "GET /favicon.ico HTTP/1.1" 304 671 "-" "Mozilla/5.0 (X11; Linux x86_64; rv:109.0) Gecko/20100101 Firefox/119.0"
203.0.113.88 - - [21/May/2026:16:35:48 +0000] "POST /contact.html HTTP/1.1" 200 15526 "-" "Mozilla/5.0 (X11; Linux x86_64; rv:109.0) Gecko/20100101 Firefox/119.0"
89.248.167.15 - - [21/May/2026:16:35:58 +0000] "GET /.env HTTP/1.1" 404 982 "-" "Mozilla/5.0 (iPhone; CPU iPhone OS 17_1_1 like Mac OS X) AppleWebKit/605.1.15 (KHTML, like Gecko) Version/17.1 Mobile/15E148 Safari/604.1"
81.108.20.11 - - [21/May/2026:16:36:08 +0000] "GET /favicon.ico HTTP/1.1" 200 1617 "-" "Mozilla/5.0 (X11; Linux x86_64; rv:109.0) Gecko/20100101 Firefox/119.0"
192.168.1.15 - - [21/May/2026:16:36:18 +0000] "POST /images/logo.png HTTP/1.1" 200 9576 "-" "Mozilla/5.0 (compatible; Googlebot/2.1; +http://www.google.com/bot.html)"
122.164.48.9 - - [21/May/2026:16:36:28 +0000] "GET /images/logo.png HTTP/1.1" 200 16857 "-" "Mozilla/5.0 (Windows NT 10.0; Win64; x64) AppleWebKit/537.36 (KHTML, like Gecko) Chrome/120.0.0.0 Safari/537.36"
81.108.20.11 - - [21/May/2026:16:36:38 +0000] "GET /contact.html HTTP/1.1" 200 20103 "-" "Mozilla/5.0 (compatible; Googlebot/2.1; +http://www.google.com/bot.html)"
203.0.113.88 - - [21/May/2026:16:36:48 +0000] "POST /js/main.js HTTP/1.1" 200 21468 "-" "Mozilla/5.0 (iPhone; CPU iPhone OS 17_1_1 like Mac OS X) AppleWebKit/605.1.15 (KHTML, like Gecko) Version/17.1 Mobile/15E148 Safari/604.1"
122.164.48.9 - - [21/May/2026:16:36:58 +0000] "GET /api/v1/status HTTP/1.1" 200 12219 "-" "Mozilla/5.0 (compatible; Googlebot/2.1; +http://www.google.com/bot.html)"
122.164.48.9 - - [21/May/2026:16:37:08 +0000] "GET /js/main.js HTTP/1.1" 200 16963 "-" "Mozilla/5.0 (compatible; Googlebot/2.1; +http://www.google.com/bot.html)"
203.0.113.88 - - [21/May/2026:16:37:18 +0000] "GET /products/items HTTP/1.1" 200 9934 "-" "Mozilla/5.0 (Macintosh; Intel Mac OS X 10_15_7) AppleWebKit/605.1.15 (KHTML, like Gecko) Version/17.2 Safari/605.1.15"
198.51.100.12 - - [21/May/2026:16:37:28 +0000] "GET /phpmyadmin/index.php HTTP/1.1" 404 483 "-" "Mozilla/5.0 (compatible; Googlebot/2.1; +http://www.google.com/bot.html)"
122.164.48.9 - - [21/May/2026:16:37:38 +0000] "GET /about.html HTTP/1.1" 404 1436 "-" "Mozilla/5.0 (compatible; Googlebot/2.1; +http://www.google.com/bot.html)"
89.248.167.15 - - [21/May/2026:16:37:48 +0000] "POST /login?user=admin%27%20OR%201=1-- HTTP/1.1" 200 18051 "-" "Mozilla/5.0 (Macintosh; Intel Mac OS X 10_15_7) AppleWebKit/605.1.15 (KHTML, like Gecko) Version/17.2 Safari/605.1.15"
122.164.48.9 - - [21/May/2026:16:37:58 +0000] "GET /contact.html HTTP/1.1" 200 4578 "-" "Mozilla/5.0 (X11; Linux x86_64; rv:109.0) Gecko/20100101 Firefox/119.0"
190.12.87.54 - - [21/May/2026:16:38:08 +0000] "POST /api/v1/metrics HTTP/1.1" 200 4957 "-" "Mozilla/5.0 (iPhone; CPU iPhone OS 17_1_1 like Mac OS X) AppleWebKit/605.1.15 (KHTML, like Gecko) Version/17.1 Mobile/15E148 Safari/604.1"
