10.0.0.4 - - [21/May/2026:13:47:38 +0000] "GET /blog/posts HTTP/1.1" 200 17564 "-" "Mozilla/5.0 (iPhone; CPU iPhone OS 17_1_1 like Mac OS X) AppleWebKit/605.1.15 (KHTML, like Gecko) Version/17.1 Mobile/15E148 Safari/604.1"
192.168.1.15 - - [21/May/2026:13:47:48 +0000] "POST /products/items HTTP/1.1" 200 1437 "-" "Mozilla/5.0 (Windows NT 10.0; Win64; x64) AppleWebKit/537.36 (KHTML, like Gecko) Chrome/120.0.0.0 Safari/537.36"
81.108.20.11 - - [21/May/2026:13:47:58 +0000] "GET /js/main.js HTTP/1.1" 200 7345 "-" "Mozilla/5.0 (iPhone; CPU iPhone OS 17_1_1 like Mac OS X) AppleWebKit/605.1.15 (KHTML, like Gecko) Version/17.1 Mobile/15E148 Safari/604.1"
203.0.113.88 - - [21/May/2026:13:48:08 +0000] "PUT /api/v1/status HTTP/1.1" 200 11571 "-" "Mozilla/5.0 (iPhone; CPU iPhone OS 17_1_1 like Mac OS X) AppleWebKit/605.1.15 (KHTML, like Gecko) Version/17.1 Mobile/15E148 Safari/604.1"
81.108.20.11 - - [21/May/2026:13:48:18 +0000] "GET /favicon.ico HTTP/1.1" 200 24347 "-" "Mozilla/5.0 (iPhone; CPU iPhone OS 17_1_1 like Mac OS X) AppleWebKit/605.1.15 (KHTML, like Gecko) Version/17.1 Mobile/15E148 Safari/604.1"
89.248.167.15 - - [21/May/2026:13:48:28 +0000] "GET /.env HTTP/1.1" 404 657 "-" "Mozilla/5.0 (compatible; Googlebot/2.1; +http://www.google.com/bot.html)"
10.0.0.4 - - [21/May/2026:13:48:38 +0000] "PUT /js/main.js HTTP/1.1" 304 1144 "-" "Mozilla/5.0 (iPhone; CPU iPhone OS 17_1_1 like Mac OS X) AppleWebKit/605.1.15 (KHTML, like Gecko) Version/17.1 Mobile/15E148 Safari/604.1"
203.0.113.88 - - [21/May/2026:13:48:48 +0000] "POST /favicon.ico HTTP/1.1" 404 1282 "-" "Mozilla/5.0 (Macintosh; Intel Mac OS X 10_15_7) AppleWebKit/605.1.15 (KHTML, like Gecko) Version/17.2 Safari/605.1.15"
89.248.167.15 - - [21/May/2026:13:48:58 +0000] "GET /favicon.ico HTTP/1.1" 200 764 "-" "Mozilla/5.0 (iPhone; CPU iPhone OS 17_1_1 like Mac OS X) AppleWebKit/605.1.15 (KHTML, like Gecko) Version/17.1 Mobile/15E148 Safari/604.1"
10.0.0.4 - - [21/May/2026:13:49:08 +0000] "GET /api/v1/status HTTP/1.1" 304 1425 "-" "Mozilla/5.0 (X11; Linux x86_64; rv:109.0) Gecko/20100101 Firefox/119.0"
10.0.0.4 - - [21/May/2026:13:49:18 +0000] "GET /images/logo.png HTTP/1.1" 304 586 "-" "Mozilla/5.0 (Macintosh; Intel Mac OS X 10_15_7) AppleWebKit/605.1.15 (KHTML, like Gecko) Version/17.2 Safari/605.1.15"
10.0.0.4 - - [21/May/2026:13:49:28 +0000] "GET /js/main.js HTTP/1.1" 200 22111 "-" "Mozilla/5.0 (Macintosh; Intel Mac OS X 10_15_7) AppleWebKit/605.1.15 (KHTML, like Gecko) Version/17.2 Safari/605.1.15"
122.164.48.9 - - [21/May/2026:13:49:38 +0000] "PUT /css/styles.css HTTP/1.1" 200 3689 "-" "Mozilla/5.0 (iPhone; CPU iPhone OS 17_1_1 like Mac OS X) AppleWebKit/605.1.15 (KHTML, like Gecko) Version/17.1 Mobile/15E148 Safari/604.1"
192.168.1.15 - - [21/May/2026:13:49:48 +0000] "GET /products/items HTTP/1.1" 200 6171 "-" "Mozilla/5.0 (iPhone; CPU iPhone OS 17_1_1 like Mac OS X) AppleWebKit/605.1.15 (KHTML, like Gecko) Version/17.1 Mobile/15E148 Safari/604.1"
185.220.101.5 - - [21/May/2026:13:49:58 +0000] "GET /.env HTTP/1.1" 404 215 "-" "Mozilla/5.0 (X11; Linux x86_64; rv:109.0) Gecko/20100101 Firefox/119.0"
203.0.113.88 - - [21/May/2026:13:50:08 +0000] "PUT /about.html HTTP/1.1" 200 15921 "-" "Mozilla/5.0 (compatible; Googlebot/2.1; +http://www.google.com/bot.html)"
185.220.101.5 - - [21/May/2026:13:50:18 +0000] "POST /favicon.ico HTTP/1.1" 200 22828 "-" "Mozilla/5.0 (Windows NT 10.0; Win64; x64) AppleWebKit/537.36 (KHTML, like Gecko) Chrome/120.0.0.0 Safari/537.36"
185.220.101.5 - - [21/May/2026:13:50:28 +0000] "POST /favicon.ico HTTP/1.1" 200 15829 "-" "Mozilla/5.0 (Windows NT 10.0; Win64; x64) AppleWebKit/537.36 (KHTML, like Gecko) Chrome/120.0.0.0 Safari/537.36"
192.168.1.15 - - [21/May/2026:13:50:38 +0000] "GET /api/v1/status HTTP/1.1" 200 5985 "-" "Mozilla/5.0 (compatible; Googlebot/2.1; +http://www.google.com/bot.html)"
10.0.0.4 - - [21/May/2026:13:50:48 +0000] "POST /blog/posts HTTP/1.1" 200 14496 "-" "Mozilla/5.0 (Macintosh; Intel Mac OS X 10_15_7) AppleWebKit/605.1.15 (KHTML, like Gecko) Version/17.2 Safari/605.1.15"
81.108.20.11 - - [21/May/2026:13:50:58 +0000] "GET /api/v1/status HTTP/1.1" 404 143 "-" "Mozilla/5.0 (compatible; Googlebot/2.1; +http://www.google.com/bot.html)"
89.248.167.15 - - [21/May/2026:13:51:08 +0000] "PUT /js/main.js HTTP/1.1" 200 9508 "-" "Mozilla/5.0 (Windows NT 10.0; Win64; x64) AppleWebKit/537.36 (KHTML, like Gecko) Chrome/120.0.0.0 Safari/537.36"
122.164.48.9 - - [21/May/2026:13:51:18 +0000] "GET /products/items HTTP/1.1" 200 4325 "-" "Mozilla/5.0 (compatible; Googlebot/2.1; +http://www.google.com/bot.html)"
103.22.200.41 - - [21/May/2026:13:51:28 +0000] "PUT /about.html HTTP/1.1" 404 972 "-" "Mozilla/5.0 (Windows NT 10.0; Win64; x64) AppleWebKit/537.36 (KHTML, like Gecko) Chrome/120.0.0.0 Safari/537.36"
192.168.1.15 - - [21/May/2026:13:51:38 +0000] "PUT /images/logo.png HTTP/1.1" 404 911 "-" "Mozilla/5.0 (iPhone; CPU iPhone OS 17_1_1 like Mac OS X) AppleWebKit/605.1.15 (KHTML, like Gecko) Version/17.1 Mobile/15E148 Safari/604.1"
10.0.0.4 - - [21/May/2026:13:51:48 +0000] "GET /api/v1/metrics HTTP/1.1" 200 14350 "-" "Mozilla/5.0 (X11; Linux x86_64; rv:109.0) Gecko/20100101 Firefox/119.0"
81.108.20.11 - - [21/May/2026:13:51:58 +0000] "GET /contact.html HTTP/1.1" 200 13508 "-" "Mozilla/5.0 (iPhone; CPU iPhone OS 17_1_1 like Mac OS X) AppleWebKit/605.1.15 (KHTML, like Gecko) Version/17.1 Mobile/15E148 Safari/604.1"
122.164.48.9 - - [21/May/2026:13:52:08 +0000] "POST /css/styles.css HTTP/1.1" 200 14197 "-" "Mozilla/5.0 (compatible; Googlebot/2.1; +http://www.google.com/bot.html)"
82.102.23.45 - - [21/May/2026:13:52:18 +0000] "GET /admin HTTP/1.1" 401 222 "-" "Mozilla/5.0 (Macintosh; Intel Mac OS X 10_15_7) AppleWebKit/605.1.15 (KHTML, like Gecko) Version/17.2 Safari/605.1.15"
89.248.167.15 - - [21/May/2026:13:52:28 +0000] "GET /cgi-bin/test.sh?cmd=cat%20/etc/hosts HTTP/1.1" 500 1142 "-" "Mozilla/5.0 (iPhone; CPU iPhone OS 17_1_1 like Mac OS X) AppleWebKit/605.1.15 (KHTML, like Gecko) Version/17.1 Mobile/15E148 Safari/604.1"
10.0.0.4 - - [21/May/2026:13:52:38 +0000] "PUT /contact.html HTTP/1.1" 404 1240 "-" "Mozilla/5.0 (iPhone; CPU iPhone OS 17_1_1 like Mac OS X) AppleWebKit/605.1.15 (KHTML, like Gecko) Version/17.1 Mobile/15E148 Safari/604.1"
190.12.87.54 - - [21/May/2026:13:52:48 +0000] "POST /index.html HTTP/1.1" 200 19619 "-" "Mozilla/5.0 (Windows NT 10.0; Win64; x64) AppleWebKit/537.36 (KHTML, like Gecko) Chrome/120.0.0.0 Safari/537.36"
203.0.113.88 - - [21/May/2026:13:52:58 +0000] "GET /index.html HTTP/1.1" 200 7519 "-" "Mozilla/5.0 (Windows NT 10.0; Win64; x64) AppleWebKit/537.36 (KHTML, like Gecko) Chrome/120.0.0.0 Safari/537.36"
122.164.48.9 - - [21/May/2026:13:53:08 +0000] "GET /css/styles.css HTTP/1.1" 200 5745 "-" "Mozilla/5.0 (iPhone; CPU iPhone OS 17_1_1 like Mac OS X) AppleWebKit/605.1.15 (KHTML, like Gecko) Version/17.1 Mobile/15E148 Safari/604.1"
82.102.23.45 - - [21/May/2026:13:53:18 +0000] "POST /blog/posts HTTP/1.1" 304 465 "-" "Mozilla/5.0 (Windows NT 10.0; Win64; x64) AppleWebKit/537.36 (KHTML, like Gecko) Chrome/120.0.0.0 Safari/537.36"
203.0.113.88 - - [21/May/2026:13:53:28 +0000] "PUT /products/items HTTP/1.1" 200 2287 "-" "Mozilla/5.0 (Macintosh; Intel Mac OS X 10_15_7) AppleWebKit/605.1.15 (KHTML, like Gecko) Version/17.2 Safari/605.1.15"
203.0.113.88 - - [21/May/2026:13:53:38 +0000] "GET /favicon.ico HTTP/1.1" 304 1183 "-" "Mozilla/5.0 (X11; Linux x86_64; rv:109.0) Gecko/20100101 Firefox/119.0"
10.0.0.4 - - [21/May/2026:13:53:48 +0000] "PUT /css/styles.css HTTP/1.1" 200 17876 "-" "Mozilla/5.0 (iPhone; CPU iPhone OS 17_1_1 like Mac OS X) AppleWebKit/605.1.15 (KHTML, like Gecko) Version/17.1 Mobile/15E148 Safari/604.1"
81.108.20.11 - - [21/May/2026:13:53:58 +0000] "POST /css/styles.css HTTP/1.1" 404 1008 "-" "Mozilla/5.0 (X11; Linux x86_64; rv:109.0) Gecko/20100101 Firefox/119.0"
10.0.0.4 - - [21/May/2026:13:54:08 +0000] "PUT /blog/posts HTTP/1.1" 200 7222 "-" "Mozilla/5.0 (Windows NT 10.0; Win64; x64) AppleWebKit/537.36 (KHTML, like Gecko) Chrome/120.0.0.0 Safari/537.36"
81.108.20.11 - - [21/May/2026:13:54:18 +0000] "GET /products/items HTTP/1.1" 200 4219 "-" "Mozilla/5.0 (iPhone; CPU iPhone OS 17_1_1 like Mac OS X) AppleWebKit/605.1.15 (KHTML, like Gecko) Version/17.1 Mobile/15E148 Safari/604.1"
122.164.48.9 - - [21/May/2026:13:54:28 +0000] "GET /about.html HTTP/1.1" 200 17894 "-" "Mozilla/5.0 (Macintosh; Intel Mac OS X 10_15_7) AppleWebKit/605.1.15 (KHTML, like Gecko) Version/17.2 Safari/605.1.15"
81.108.20.11 - - [21/May/2026:13:54:38 +0000] "POST /js/main.js HTTP/1.1" 200 10203 "-" "Mozilla/5.0 (iPhone; CPU iPhone OS 17_1_1 like Mac OS X) AppleWebKit/605.1.15 (KHTML, like Gecko) Version/17.1 Mobile/15E148 Safari/604.1"
192.168.1.15 - - [21/May/2026:13:54:48 +0000] "GET /api/v1/status HTTP/1.1" 200 13214 "-" "Mozilla/5.0 (Macintosh; Intel Mac OS X 10_15_7) AppleWebKit/605.1.15 (KHTML, like Gecko) Version/17.2 Safari/605.1.15"
91.220.43.12 - - [21/May/2026:13:54:58 +0000] "GET /admin HTTP/1.1" 401 1367 "-" "Mozilla/5.0 (Windows NT 10.0; Win64; x64) AppleWebKit/537.36 (KHTML, like Gecko) Chrome/120.0.0.0 Safari/537.36"
203.0.113.88 - - [21/May/2026:13:55:08 +0000] "GET /js/main.js HTTP/1.1" 304 212 "-" "Mozilla/5.0 (X11; Linux x86_64; rv:109.0) Gecko/20100101 Firefox/119.0"
81.108.20.11 - - [21/May/2026:13:55:18 +0000] "PUT /js/main.js HTTP/1.1" 404 1422 "-" "Mozilla/5.0 (compatible; Googlebot/2.1; +http://www.google.com/bot.html)"
203.0.113.88 - - [21/May/2026:13:55:28 +0000] "POST /api/v1/status HTTP/1.1" 200 14873 "-" "Mozilla/5.0 (compatible; Googlebot/2.1; +http://www.google.com/bot.html)"
89.248.167.15 - - [21/May/2026:13:55:38 +0000] "GET /favicon.ico HTTP/1.1" 200 12323 "-" "Mozilla/5.0 (Windows NT 10.0; Win64; x64) AppleWebKit/537.36 (KHTML, like Gecko) Chrome/120.0.0.0 Safari/537.36"
203.0.113.88 - - [21/May/2026:13:55:48 +0000] "POST /products/items HTTP/1.1" 200 18142 "-" "Mozilla/5.0 (X11; Linux x86_64; rv:109.0) Gecko/20100101 Firefox/119.0"
10.0.0.4 - - [21/May/2026:13:55:58 +0000] "GET /js/main.js HTTP/1.1" 404 1457 "-" "Mozilla/5.0 (compatible; Googlebot/2.1; +http://www.google.com/bot.html)"
122.164.48.9 - - [21/May/2026:13:56:08 +0000] "POST /api/v1/status HTTP/1.1" 304 42 "-" "Mozilla/5.0 (X11; Linux x86_64; rv:109.0) Gecko/20100101 Firefox/119.0"
81.108.20.11 - - [21/May/2026:13:56:18 +0000] "PUT /css/styles.css HTTP/1.1" 404 1441 "-" "Mozilla/5.0 (iPhone; CPU iPhone OS 17_1_1 like Mac OS X) AppleWebKit/605.1.15 (KHTML, like Gecko) Version/17.1 Mobile/15E148 Safari/604.1"
81.108.20.11 - - [21/May/2026:13:56:28 +0000] "GET /contact.html HTTP/1.1" 304 230 "-" "Mozilla/5.0 (Macintosh; Intel Mac OS X 10_15_7) AppleWebKit/605.1.15 (KHTML, like Gecko) Version/17.2 Safari/605.1.15"
10.0.0.4 - - [21/May/2026:13:56:38 +0000] "PUT /products/items HTTP/1.1" 200 21968 "-" "Mozilla/5.0 (Macintosh; Intel Mac OS X 10_15_7) AppleWebKit/605.1.15 (KHTML, like Gecko) Version/17.2 Safari/605.1.15"
203.0.113.88 - - [21/May/2026:13:56:48 +0000] "GET /products/items HTTP/1.1" 200 20075 "-" "Mozilla/5.0 (Windows NT 10.0; Win64; x64) AppleWebKit/537.36 (KHTML, like Gecko) Chrome/120.0.0.0 Safari/537.36"
89.248.167.15 - - [21/May/2026:13:56:58 +0000] "PUT /products/items HTTP/1.1" 200 16367 "-" "Mozilla/5.0 (X11; Linux x86_64; rv:109.0) Gecko/20100101 Firefox/119.0"
81.108.20.11 - - [21/May/2026:13:57:08 +0000] "PUT /blog/posts HTTP/1.1" 200 22482 "-" "Mozilla/5.0 (X11; Linux x86_64; rv:109.0) Gecko/20100101 Firefox/119.0"
192.168.1.15 - - [21/May/2026:13:57:18 +0000] "PUT /about.html HTTP/1.1" 200 7523 "-" "Mozilla/5.0 (Macintosh; Intel Mac OS X 10_15_7) AppleWebKit/605.1.15 (KHTML, like Gecko) Version/17.2 Safari/605.1.15"
89.248.167.15 - - [21/May/2026:13:57:28 +0000] "GET /files/download?file=..%2f..%2f..%2fwindows%2fwin.ini HTTP/1.1" 400 408 "-" "Mozilla/5.0 (iPhone; CPU iPhone OS 17_1_1 like Mac OS X) AppleWebKit/605.1.15 (KHTML, like Gecko) Version/17.1 Mobile/15E148 Safari/604.1"
10.0.0.4 - - [21/May/2026:13:57:38 +0000] "PUT /products/items HTTP/1.1" 200 2364 "-" "Mozilla/5.0 (compatible; Googlebot/2.1; +http://www.google.com/bot.html)"
10.0.0.4 - - [21/May/2026:13:57:48 +0000] "POST /index.html HTTP/1.1" 200 11767 "-" "Mozilla/5.0 (X11; Linux x86_64; rv:109.0) Gecko/20100101 Firefox/119.0"
81.108.20.11 - - [21/May/2026:13:57:58 +0000] "GET /api/v1/status HTTP/1.1" 200 4884 "-" "Mozilla/5.0 (Windows NT 10.0; Win64; x64) AppleWebKit/537.36 (KHTML, like Gecko) Chrome/120.0.0.0 Safari/537.36"
203.0.113.88 - - [21/May/2026:13:58:08 +0000] "PUT /favicon.ico HTTP/1.1" 200 17648 "-" "Mozilla/5.0 (Windows NT 10.0; Win64; x64) AppleWebKit/537.36 (KHTML, like Gecko) Chrome/120.0.0.0 Safari/537.36"
203.0.113.88 - - [21/May/2026:13:58:18 +0000] "GET /products/items HTTP/1.1" 200 18738 "-" "Mozilla/5.0 (Macintosh; Intel Mac OS X 10_15_7) AppleWebKit/605.1.15 (KHTML, like Gecko) Version/17.2 Safari/605.1.15"
192.168.1.15 - - [21/May/2026:13:58:28 +0000] "GET /about.html HTTP/1.1" 200 6542 "-" "Mozilla/5.0 (Windows NT 10.0; Win64; x64) AppleWebKit/537.36 (KHTML, like Gecko) Chrome/120.0.0.0 Safari/537.36"
203.0.113.88 - - [21/May/2026:13:58:38 +0000] "PUT /api/v1/status HTTP/1.1" 404 793 "-" "Mozilla/5.0 (compatible; Googlebot/2.1; +http://www.google.com/bot.html)"
122.164.48.9 - - [21/May/2026:13:58:48 +0000] "GET /index.html HTTP/1.1" 200 18388 "-" "Mozilla/5.0 (iPhone; CPU iPhone OS 17_1_1 like Mac OS X) AppleWebKit/605.1.15 (KHTML, like Gecko) Version/17.1 Mobile/15E148 Safari/604.1"
81.108.20.11 - - [21/May/2026:13:58:58 +0000] "GET /contact.html HTTP/1.1" 304 123 "-" "Mozilla/5.0 (compatible; Googlebot/2.1; +http://www.google.com/bot.html)"
122.164.48.9 - - [21/May/2026:13:59:08 +0000] "GET /js/main.js HTTP/1.1" 404 249 "-" "Mozilla/5.0 (Macintosh; Intel Mac OS X 10_15_7) AppleWebKit/605.1.15 (KHTML, like Gecko) Version/17.2 Safari/605.1.15"
192.168.1.15 - - [21/May/2026:13:59:18 +0000] "POST /contact.html HTTP/1.1" 404 1042 "-" "Mozilla/5.0 (Windows NT 10.0; Win64; x64) AppleWebKit/537.36 (KHTML, like Gecko) Chrome/120.0.0.0 Safari/537.36"
81.108.20.11 - - [21/May/2026:13:59:28 +0000] "GET /about.html HTTP/1.1" 200 22679 "-" "Mozilla/5.0 (Macintosh; Intel Mac OS X 10_15_7) AppleWebKit/605.1.15 (KHTML, like Gecko) Version/17.2 Safari/605.1.15"
81.108.20.11 - - [21/May/2026:13:59:38 +0000] "GET /js/main.js HTTP/1.1" 200 13393 "-" "Mozilla/5.0 (Windows NT 10.0; Win64; x64) AppleWebKit/537.36 (KHTML, like Gecko) Chrome/120.0.0.0 Safari/537.36"
103.22.200.41 - - [21/May/2026:13:59:48 +0000] "GET /phpmyadmin/index.php HTTP/1.1" 404 1497 "-" "Mozilla/5.0 (iPhone; CPU iPhone OS 17_1_1 like Mac OS X) AppleWebKit/605.1.15 (KHTML, like Gecko) Version/17.1 Mobile/15E148 Safari/604.1"
89.248.167.15 - - [21/May/2026:13:59:58 +0000] "GET /files/download?file=..%2f..%2f..%2fwindows%2fwin.ini HTTP/1.1" 400 1016 "-" "Mozilla/5.0 (compatible; Googlebot/2.1; +http://www.google.com/bot.html)"
203.0.113.88 - - [21/May/2026:14:00:08 +0000] "GET /js/main.js HTTP/1.1" 200 1053 "-" "Mozilla/5.0 (iPhone; CPU iPhone OS 17_1_1 like Mac OS X) AppleWebKit/605.1.15 (KHTML, like Gecko) Version/17.1 Mobile/15E148 Safari/604.1"
122.164.48.9 - - [21/May/2026:14:00:18 +0000] "GET /about.html HTTP/1.1" 404 245 "-" "Mozilla/5.0 (compatible; Googlebot/2.1; +http://www.google.com/bot.html)"
122.164.48.9 - - [21/May/2026:14:00:28 +0000] "GET /about.html HTTP/1.1" 304 356 "-" "Mozilla/5.0 (compatible; Googlebot/2.1; +http://www.google.com/bot.html)"
81.108.20.11 - - [21/May/2026:14:00:38 +0000] "GET /api/v1/status HTTP/1.1" 200 3149 "-" "Mozilla/5.0 (compatible; Googlebot/2.1; +http://www.google.com/bot.html)"
192.168.1.15 - - [21/May/2026:14:00:48 +0000] "GET /blog/posts HTTP/1.1" 200 15127 "-" "Mozilla/5.0 (X11; Linux x86_64; rv:109.0) Gecko/20100101 Firefox/119.0"
122.164.48.9 - - [21/May/2026:14:00:58 +0000] "POST /css/styles.css HTTP/1.1" 200 4334 "-" "Mozilla/5.0 (Macintosh; Intel Mac OS X 10_15_7) AppleWebKit/605.1.15 (KHTML, like Gecko) Version/17.2 Safari/605.1.15"
190.12.87.54 - - [21/May/2026:14:01:08 +0000] "GET /wp-login.php HTTP/1.1" 404 644 "-" "Mozilla/5.0 (Windows NT 10.0; Win64; x64) AppleWebKit/537.36 (KHTML, like Gecko) Chrome/120.0.0.0 Safari/537.36"
122.164.48.9 - - [21/May/2026:14:01:18 +0000] "PUT /favicon.ico HTTP/1.1" 200 16032 "-" "Mozilla/5.0 (X11; Linux x86_64; rv:109.0) Gecko/20100101 Firefox/119.0"
81.108.20.11 - - [21/May/2026:14:01:28 +0000] "PUT /about.html HTTP/1.1" 200 21641 "-" "Mozilla/5.0 (compatible; Googlebot/2.1; +http://www.google.com/bot.html)"
185.220.101.5 - - [21/May/2026:14:01:38 +0000] "GET /files/download?file=..%2f..%2f..%2fwindows%2fwin.ini HTTP/1.1" 400 1147 "-" "Mozilla/5.0 (X11; Linux x86_64; rv:109.0) Gecko/20100101 Firefox/119.0"
10.0.0.4 - - [21/May/2026:14:01:48 +0000] "GET /about.html HTTP/1.1" 200 14556 "-" "Mozilla/5.0 (Windows NT 10.0; Win64; x64) AppleWebKit/537.36 (KHTML, like Gecko) Chrome/120.0.0.0 Safari/537.36"
122.164.48.9 - - [21/May/2026:14:01:58 +0000] "POST /api/v1/status HTTP/1.1" 404 193 "-" "Mozilla/5.0 (X11; Linux x86_64; rv:109.0) Gecko/20100101 Firefox/119.0"
122.164.48.9 - - [21/May/2026:14:02:08 +0000] "GET /about.html HTTP/1.1" 200 13963 "-" "Mozilla/5.0 (Windows NT 10.0; Win64; x64) AppleWebKit/537.36 (KHTML, like Gecko) Chrome/120.0.0.0 Safari/537.36"
192.168.1.15 - - [21/May/2026:14:02:18 +0000] "PUT /js/main.js HTTP/1.1" 200 960 "-" "Mozilla/5.0 (X11; Linux x86_64; rv:109.0) Gecko/20100101 Firefox/119.0"
198.51.100.12 - - [21/May/2026:14:02:28 +0000] "GET /phpmyadmin/index.php HTTP/1.1" 404 1092 "-" "Mozilla/5.0 (Macintosh; Intel Mac OS X 10_15_7) AppleWebKit/605.1.15 (KHTML, like Gecko) Version/17.2 Safari/605.1.15"
10.0.0.4 - - [21/May/2026:14:02:38 +0000] "GET /contact.html HTTP/1.1" 200 906 "-" "Mozilla/5.0 (compatible; Googlebot/2.1; +http://www.google.com/bot.html)"
81.108.20.11 - - [21/May/2026:14:02:48 +0000] "GET /favicon.ico HTTP/1.1" 200 14116 "-" "Mozilla/5.0 (compatible; Googlebot/2.1; +http://www.google.com/bot.html)"
122.164.48.9 - - [21/May/2026:14:02:58 +0000] "PUT /js/main.js HTTP/1.1" 200 6585 "-" "Mozilla/5.0 (Windows NT 10.0; Win64; x64) AppleWebKit/537.36 (KHTML, like Gecko) Chrome/120.0.0.0 Safari/537.36"
122.164.48.9 - - [21/May/2026:14:03:08 +0000] "GET /products/items HTTP/1.1" 200 16575 "-" "Mozilla/5.0 (iPhone; CPU iPhone OS 17_1_1 like Mac OS X) AppleWebKit/605.1.15 (KHTML, like Gecko) Version/17.1 Mobile/15E148 Safari/604.1"
81.108.20.11 - - [21/May/2026:14:03:18 +0000] "PUT /index.html HTTP/1.1" 304 936 "-" "Mozilla/5.0 (iPhone; CPU iPhone OS 17_1_1 like Mac OS X) AppleWebKit/605.1.15 (KHTML, like Gecko) Version/17.1 Mobile/15E148 Safari/604.1"
122.164.48.9 - - [21/May/2026:14:03:28 +0000] "POST /blog/posts HTTP/1.1" 200 16394 "-" "Mozilla/5.0 (X11; Linux x86_64; rv:109.0) Gecko/20100101 Firefox/119.0"
203.0.113.88 - - [21/May/2026:14:03:38 +0000] "POST /contact.html HTTP/1.1" 404 1249 "-" "Mozilla/5.0 (compatible; Googlebot/2.1; +http://www.google.com/bot.html)"
203.0.113.88 - - [21/May/2026:14:03:48 +0000] "GET /index.html HTTP/1.1" 200 10622 "-" "Mozilla/5.0 (Windows NT 10.0; Win64; x64) AppleWebKit/537.36 (KHTML, like Gecko) Chrome/120.0.0.0 Safari/537.36"
81.108.20.11 - - [21/May/2026:14:03:58 +0000] "GET /favicon.ico HTTP/1.1" 200 8070 "-" "Mozilla/5.0 (Windows NT 10.0; Win64; x64) AppleWebKit/537.36 (KHTML, like Gecko) Chrome/120.0.0.0 Safari/537.36"
81.108.20.11 - - [21/May/2026:14:04:08 +0000] "GET /favicon.ico HTTP/1.1" 200 22215 "-" "Mozilla/5.0 (Macintosh; Intel Mac OS X 10_15_7) AppleWebKit/605.1.15 (KHTML, like Gecko) Version/17.2 Safari/605.1.15"
203.0.113.88 - - [21/May/2026:14:04:18 +0000] "GET /js/main.js HTTP/1.1" 200 3698 "-" "Mozilla/5.0 (iPhone; CPU iPhone OS 17_1_1 like Mac OS X) AppleWebKit/605.1.15 (KHTML, like Gecko) Version/17.1 Mobile/15E148 Safari/604.1"
81.108.20.11 - - [21/May/2026:14:04:28 +0000] "GET /css/styles.css HTTP/1.1" 200 2798 "-" "Mozilla/5.0 (X11; Linux x86_64; rv:109.0) Gecko/20100101 Firefox/119.0"
10.0.0.4 - - [21/May/2026:14:04:38 +0000] "GET /blog/posts HTTP/1.1" 404 1222 "-" "Mozilla/5.0 (Macintosh; Intel Mac OS X 10_15_7) AppleWebKit/605.1.15 (KHTML, like Gecko) Version/17.2 Safari/605.1.15"
10.0.0.4 - - [21/May/2026:14:04:48 +0000] "GET /favicon.ico HTTP/1.1" 200 14798 "-" "Mozilla/5.0 (Macintosh; Intel Mac OS X 10_15_7) AppleWebKit/605.1.15 (KHTML, like Gecko) Version/17.2 Safari/605.1.15"
103.22.200.41 - - [21/May/2026:14:04:58 +0000] "POST /login?user=admin%27%20OR%201=1-- HTTP/1.1" 200 3698 "-" "Mozilla/5.0 (X11; Linux x86_64; rv:109.0) Gecko/20100101 Firefox/119.0"
203.0.113.88 - - [21/May/2026:14:05:08 +0000] "GET /contact.html HTTP/1.1" 304 1095 "-" "Mozilla/5.0 (iPhone; CPU iPhone OS 17_1_1 like Mac OS X) AppleWebKit/605.1.15 (KHTML, like Gecko) Version/17.1 Mobile/15E148 Safari/604.1"
192.168.1.15 - - [21/May/2026:14:05:18 +0000] "GET /index.html HTTP/1.1" 404 51 "-" "Mozilla/5.0 (Windows NT 10.0; Win64; x64) AppleWebKit/537.36 (KHTML, like Gecko) Chrome/120.0.0.0 Safari/537.36"
103.22.200.41 - - [21/May/2026:14:05:28 +0000] "POST /favicon.ico HTTP/1.1" 404 581 "-" "Mozilla/5.0 (Macintosh; Intel Mac OS X 10_15_7) AppleWebKit/605.1.15 (KHTML, like Gecko) Version/17.2 Safari/605.1.15"
122.164.48.9 - - [21/May/2026:14:05:38 +0000] "POST /js/main.js HTTP/1.1" 200 22751 "-" "Mozilla/5.0 (Windows NT 10.0; Win64; x64) AppleWebKit/537.36 (KHTML, like Gecko) Chrome/120.0.0.0 Safari/537.36"
203.0.113.88 - - [21/May/2026:14:05:48 +0000] "POST /contact.html HTTP/1.1" 404 557 "-" "Mozilla/5.0 (Macintosh; Intel Mac OS X 10_15_7) AppleWebKit/605.1.15 (KHTML, like Gecko) Version/17.2 Safari/605.1.15"
89.248.167.15 - - [21/May/2026:14:05:58 +0000] "PUT /products/items HTTP/1.1" 200 5902 "-" "Mozilla/5.0 (X11; Linux x86_64; rv:109.0) Gecko/20100101 Firefox/119.0"
185.220.101.5 - - [21/May/2026:14:06:08 +0000] "GET /files/download?file=..%2f..%2f..%2fwindows%2fwin.ini HTTP/1.1" 400 1318 "-" "Mozilla/5.0 (iPhone; CPU iPhone OS 17_1_1 like Mac OS X) AppleWebKit/605.1.15 (KHTML, like Gecko) Version/17.1 Mobile/15E148 Safari/604.1"
192.168.1.15 - - [21/May/2026:14:06:18 +0000] "POST /products/items HTTP/1.1" 304 933 "-" "Mozilla/5.0 (Macintosh; Intel Mac OS X 10_15_7) AppleWebKit/605.1.15 (KHTML, like Gecko) Version/17.2 Safari/605.1.15"
89.248.167.15 - - [21/May/2026:14:06:28 +0000] "GET /static/../../etc/passwd HTTP/1.1" 400 851 "-" "Mozilla/5.0 (Windows NT 10.0; Win64; x64) AppleWebKit/537.36 (KHTML, like Gecko) Chrome/120.0.0.0 Safari/537.36"
81.108.20.11 - - [21/May/2026:14:06:38 +0000] "PUT /index.html HTTP/1.1" 404 954 "-" "Mozilla/5.0 (Macintosh; Intel Mac OS X 10_15_7) AppleWebKit/605.1.15 (KHTML, like Gecko) Version/17.2 Safari/605.1.15"
10.0.0.4 - - [21/May/2026:14:06:48 +0000] "GET /api/v1/status HTTP/1.1" 404 240 "-" "Mozilla/5.0 (Macintosh; Intel Mac OS X 10_15_7) AppleWebKit/605.1.15 (KHTML, like Gecko) Version/17.2 Safari/605.1.15"
192.168.1.15 - - [21/May/2026:14:06:58 +0000] "GET /contact.html HTTP/1.1" 200 17982 "-" "Mozilla/5.0 (iPhone; CPU iPhone OS 17_1_1 like Mac OS X) AppleWebKit/605.1.15 (KHTML, like Gecko) Version/17.1 Mobile/15E148 Safari/604.1"
198.51.100.12 - - [21/May/2026:14:07:08 +0000] "GET /products/items HTTP/1.1" 200 7482 "-" "Mozilla/5.0 (iPhone; CPU iPhone OS 17_1_1 like Mac OS X) AppleWebKit/605.1.15 (KHTML, like Gecko) Version/17.1 Mobile/15E148 Safari/604.1"
10.0.0.4 - - [21/May/2026:14:07:18 +0000] "GET /api/v1/status HTTP/1.1" 304 657 "-" "Mozilla/5.0 (iPhone; CPU iPhone OS 17_1_1 like Mac OS X) AppleWebKit/605.1.15 (KHTML, like Gecko) Version/17.1 Mobile/15E148 Safari/604.1"
82.102.23.45 - - [21/May/2026:14:07:28 +0000] "POST /login?user=admin%27%20OR%201=1-- HTTP/1.1" 200 2088 "-" "Mozilla/5.0 (Macintosh; Intel Mac OS X 10_15_7) AppleWebKit/605.1.15 (KHTML, like Gecko) Version/17.2 Safari/605.1.15"
122.164.48.9 - - [21/May/2026:14:07:38 +0000] "GET /js/main.js HTTP/1.1" 200 15195 "-" "Mozilla/5.0 (compatible; Googlebot/2.1; +http://www.google.com/bot.html)"
198.51.100.12 - - [21/May/2026:14:07:48 +0000] "POST /js/main.js HTTP/1.1" 200 13740 "-" "Mozilla/5.0 (compatible; Googlebot/2.1; +http://www.google.com/bot.html)"
10.0.0.4 - - [21/May/2026:14:07:58 +0000] "GET /contact.html HTTP/1.1" 404 1340 "-" "Mozilla/5.0 (compatible; Googlebot/2.1; +http://www.google.com/bot.html)"
203.0.113.88 - - [21/May/2026:14:08:08 +0000] "POST /favicon.ico HTTP/1.1" 404 453 "-" "Mozilla/5.0 (Windows NT 10.0; Win64; x64) AppleWebKit/537.36 (KHTML, like Gecko) Chrome/120.0.0.0 Safari/537.36"
190.12.87.54 - - [21/May/2026:14:08:18 +0000] "GET /.env HTTP/1.1" 404 1396 "-" "Mozilla/5.0 (iPhone; CPU iPhone OS 17_1_1 like Mac OS X) AppleWebKit/605.1.15 (KHTML, like Gecko) Version/17.1 Mobile/15E148 Safari/604.1"
81.108.20.11 - - [21/May/2026:14:08:28 +0000] "POST /api/v1/metrics HTTP/1.1" 200 15680 "-" "Mozilla/5.0 (iPhone; CPU iPhone OS 17_1_1 like Mac OS X) AppleWebKit/605.1.15 (KHTML, like Gecko) Version/17.1 Mobile/15E148 Safari/604.1"
198.51.100.12 - - [21/May/2026:14:08:38 +0000] "POST /login?user=admin%27%20OR%201=1-- HTTP/1.1" 200 11745 "-" "Mozilla/5.0 (Macintosh; Intel Mac OS X 10_15_7) AppleWebKit/605.1.15 (KHTML, like Gecko) Version/17.2 Safari/605.1.15"
10.0.0.4 - - [21/May/2026:14:08:48 +0000] "GET /images/logo.png HTTP/1.1" 404 370 "-" "Mozilla/5.0 (compatible; Googlebot/2.1; +http://www.google.com/bot.html)"
192.168.1.15 - - [21/May/2026:14:08:58 +0000] "GET /favicon.ico HTTP/1.1" 404 1174 "-" "Mozilla/5.0 (iPhone; CPU iPhone OS 17_1_1 like Mac OS X) AppleWebKit/605.1.15 (KHTML, like Gecko) Version/17.1 Mobile/15E148 Safari/604.1"
192.168.1.15 - - [21/May/2026:14:09:08 +0000] "GET /blog/posts HTTP/1.1" 200 13175 "-" "Mozilla/5.0 (compatible; Googlebot/2.1; +http://www.google.com/bot.html)"
203.0.113.88 - - [21/May/2026:14:09:18 +0000] "GET /blog/posts HTTP/1.1" 200 17320 "-" "Mozilla/5.0 (compatible; Googlebot/2.1; +http://www.google.com/bot.html)"
198.51.100.12 - - [21/May/2026:14:09:28 +0000] "POST /blog/posts HTTP/1.1" 404 1295 "-" "Mozilla/5.0 (Macintosh; Intel Mac OS X 10_15_7) AppleWebKit/605.1.15 (KHTML, like Gecko) Version/17.2 Safari/605.1.15"
82.102.23.45 - - [21/May/2026:14:09:38 +0000] "GET /api/ping?host=127.0.0.1;%20whoami HTTP/1.1" 500 1214 "-" "Mozilla/5.0 (X11; Linux x86_64; rv:109.0) Gecko/20100101 Firefox/119.0"
192.168.1.15 - - [21/May/2026:14:09:48 +0000] "GET /about.html HTTP/1.1" 200 12493 "-" "Mozilla/5.0 (Windows NT 10.0; Win64; x64) AppleWebKit/537.36 (KHTML, like Gecko) Chrome/120.0.0.0 Safari/537.36"
103.22.200.41 - - [21/May/2026:14:09:58 +0000] "GET /phpmyadmin/index.php HTTP/1.1" 404 860 "-" "Mozilla/5.0 (X11; Linux x86_64; rv:109.0) Gecko/20100101 Firefox/119.0"
122.164.48.9 - - [21/May/2026:14:10:08 +0000] "GET /contact.html HTTP/1.1" 200 7111 "-" "Mozilla/5.0 (iPhone; CPU iPhone OS 17_1_1 like Mac OS X) AppleWebKit/605.1.15 (KHTML, like Gecko) Version/17.1 Mobile/15E148 Safari/604.1"
81.108.20.11 - - [21/May/2026:14:10:18 +0000] "PUT /blog/posts HTTP/1.1" 200 18396 "-" "Mozilla/5.0 (Windows NT 10.0; Win64; x64) AppleWebKit/537.36 (KHTML, like Gecko) Chrome/120.0.0.0 Safari/537.36"
82.102.23.45 - - [21/May/2026:14:10:28 +0000] "GET /static/../../etc/passwd HTTP/1.1" 400 1415 "-" "Mozilla/5.0 (Windows NT 10.0; Win64; x64) AppleWebKit/537.36 (KHTML, like Gecko) Chrome/120.0.0.0 Safari/537.36"
192.168.1.15 - - [21/May/2026:14:10:38 +0000] "GET /blog/posts HTTP/1.1" 200 9123 "-" "Mozilla/5.0 (compatible; Googlebot/2.1; +http://www.google.com/bot.html)"
81.108.20.11 - - [21/May/2026:14:10:48 +0000] "GET /favicon.ico HTTP/1.1" 200 11231 "-" "Mozilla/5.0 (X11; Linux x86_64; rv:109.0) Gecko/20100101 Firefox/119.0"
190.12.87.54 - - [21/May/2026:14:10:58 +0000] "GET /static/../../etc/passwd HTTP/1.1" 400 1134 "-" "Mozilla/5.0 (iPhone; CPU iPhone OS 17_1_1 like Mac OS X) AppleWebKit/605.1.15 (KHTML, like Gecko) Version/17.1 Mobile/15E148 Safari/604.1"
122.164.48.9 - - [21/May/2026:14:11:08 +0000] "GET /js/main.js HTTP/1.1" 404 1238 "-" "Mozilla/5.0 (compatible; Googlebot/2.1; +http://www.google.com/bot.html)"
91.220.43.12 - - [21/May/2026:14:11:18 +0000] "GET /api/v1/status HTTP/1.1" 200 9214 "-" "Mozilla/5.0 (Macintosh; Intel Mac OS X 10_15_7) AppleWebKit/605.1.15 (KHTML, like Gecko) Version/17.2 Safari/605.1.15"
190.12.87.54 - - [21/May/2026:14:11:28 +0000] "PUT /favicon.ico HTTP/1.1" 304 523 "-" "Mozilla/5.0 (compatible; Googlebot/2.1; +http://www.google.com/bot.html)"
81.108.20.11 - - [21/May/2026:14:11:38 +0000] "GET /api/v1/status HTTP/1.1" 200 6911 "-" "Mozilla/5.0 (X11; Linux x86_64; rv:109.0) Gecko/20100101 Firefox/119.0"
203.0.113.88 - - [21/May/2026:14:11:48 +0000] "GET /blog/posts HTTP/1.1" 304 336 "-" "Mozilla/5.0 (compatible; Googlebot/2.1; +http://www.google.com/bot.html)"
81.108.20.11 - - [21/May/2026:14:11:58 +0000] "GET /favicon.ico HTTP/1.1" 200 10459 "-" "Mozilla/5.0 (iPhone; CPU iPhone OS 17_1_1 like Mac OS X) AppleWebKit/605.1.15 (KHTML, like Gecko) Version/17.1 Mobile/15E148 Safari/604.1"
91.220.43.12 - - [21/May/2026:14:12:08 +0000] "GET /blog/posts HTTP/1.1" 404 1266 "-" "Mozilla/5.0 (Macintosh; Intel Mac OS X 10_15_7) AppleWebKit/605.1.15 (KHTML, like Gecko) Version/17.2 Safari/605.1.15"
203.0.113.88 - - [21/May/2026:14:12:18 +0000] "POST /contact.html HTTP/1.1" 200 7241 "-" "Mozilla/5.0 (X11; Linux x86_64; rv:109.0) Gecko/20100101 Firefox/119.0"
82.102.23.45 - - [21/May/2026:14:12:28 +0000] "GET /static/../../etc/passwd HTTP/1.1" 400 1002 "-" "Mozilla/5.0 (compatible; Googlebot/2.1; +http://www.google.com/bot.html)"
203.0.113.88 - - [21/May/2026:14:12:38 +0000] "GET /images/logo.png HTTP/1.1" 200 2011 "-" "Mozilla/5.0 (X11; Linux x86_64; rv:109.0) Gecko/20100101 Firefox/119.0"
192.168.1.15 - - [21/May/2026:14:12:48 +0000] "GET /favicon.ico HTTP/1.1" 200 16707 "-" "Mozilla/5.0 (X11; Linux x86_64; rv:109.0) Gecko/20100101 Firefox/119.0"
10.0.0.4 - - [21/May/2026:14:12:58 +0000] "GET /favicon.ico HTTP/1.1" 200 13367 "-" "Mozilla/5.0 (X11; Linux x86_64; rv:109.0) Gecko/20100101 Firefox/119.0"
10.0.0.4 - - [21/May/2026:14:13:08 +0000] "GET /api/v1/status HTTP/1.1" 200 4787 "-" "Mozilla/5.0 (Macintosh; Intel Mac OS X 10_15_7) AppleWebKit/605.1.15 (KHTML, like Gecko) Version/17.2 Safari/605.1.15"
10.0.0.4 - - [21/May/2026:14:13:18 +0000] "GET /products/items HTTP/1.1" 200 14941 "-" "Mozilla/5.0 (Macintosh; Intel Mac OS X 10_15_7) AppleWebKit/605.1.15 (KHTML, like Gecko) Version/17.2 Safari/605.1.15"
122.164.48.9 - - [21/May/2026:14:13:28 +0000] "PUT /images/logo.png HTTP/1.1" 200 14369 "-" "Mozilla/5.0 (Macintosh; Intel Mac OS X 10_15_7) AppleWebKit/605.1.15 (KHTML, like Gecko) Version/17.2 Safari/605.1.15"
122.164.48.9 - - [21/May/2026:14:13:38 +0000] "PUT /css/styles.css HTTP/1.1" 200 10264 "-" "Mozilla/5.0 (X11; Linux x86_64; rv:109.0) Gecko/20100101 Firefox/119.0"
81.108.20.11 - - [21/May/2026:14:13:48 +0000] "GET /css/styles.css HTTP/1.1" 304 563 "-" "Mozilla/5.0 (iPhone; CPU iPhone OS 17_1_1 like Mac OS X) AppleWebKit/605.1.15 (KHTML, like Gecko) Version/17.1 Mobile/15E148 Safari/604.1"
198.51.100.12 - - [21/May/2026:14:13:58 +0000] "GET /cgi-bin/test.sh?cmd=cat%20/etc/hosts HTTP/1.1" 500 213 "-" "Mozilla/5.0 (iPhone; CPU iPhone OS 17_1_1 like Mac OS X) AppleWebKit/605.1.15 (KHTML, like Gecko) Version/17.1 Mobile/15E148 Safari/604.1"
82.102.23.45 - - [21/May/2026:14:14:08 +0000] "GET /api/users?id=1%20UNION%20SELECT%20NULL,username,password%20FROM%20users-- HTTP/1.1" 500 1052 "-" "Mozilla/5.0 (iPhone; CPU iPhone OS 17_1_1 like Mac OS X) AppleWebKit/605.1.15 (KHTML, like Gecko) Version/17.1 Mobile/15E148 Safari/604.1"
203.0.113.88 - - [21/May/2026:14:14:18 +0000] "PUT /css/styles.css HTTP/1.1" 200 8930 "-" "Mozilla/5.0 (iPhone; CPU iPhone OS 17_1_1 like Mac OS X) AppleWebKit/605.1.15 (KHTML, like Gecko) Version/17.1 Mobile/15E148 Safari/604.1"
10.0.0.4 - - [21/May/2026:14:14:28 +0000] "GET /js/main.js HTTP/1.1" 200 9865 "-" "Mozilla/5.0 (iPhone; CPU iPhone OS 17_1_1 like Mac OS X) AppleWebKit/605.1.15 (KHTML, like Gecko) Version/17.1 Mobile/15E148 Safari/604.1"
10.0.0.4 - - [21/May/2026:14:14:38 +0000] "PUT /favicon.ico HTTP/1.1" 200 22424 "-" "Mozilla/5.0 (Windows NT 10.0; Win64; x64) AppleWebKit/537.36 (KHTML, like Gecko) Chrome/120.0.0.0 Safari/537.36"
10.0.0.4 - - [21/May/2026:14:14:48 +0000] "POST /contact.html HTTP/1.1" 404 1276 "-" "Mozilla/5.0 (iPhone; CPU iPhone OS 17_1_1 like Mac OS X) AppleWebKit/605.1.15 (KHTML, like Gecko) Version/17.1 Mobile/15E148 Safari/604.1"
82.102.23.45 - - [21/May/2026:14:14:58 +0000] "GET /wp-login.php HTTP/1.1" 404 1220 "-" "Mozilla/5.0 (X11; Linux x86_64; rv:109.0) Gecko/20100101 Firefox/119.0"
81.108.20.11 - - [21/May/2026:14:15:08 +0000] "PUT /index.html HTTP/1.1" 200 14471 "-" "Mozilla/5.0 (compatible; Googlebot/2.1; +http://www.google.com/bot.html)"
203.0.113.88 - - [21/May/2026:14:15:18 +0000] "PUT /api/v1/status HTTP/1.1" 200 21910 "-" "Mozilla/5.0 (X11; Linux x86_64; rv:109.0) Gecko/20100101 Firefox/119.0"
81.108.20.11 - - [21/May/2026:14:15:28 +0000] "PUT /blog/posts HTTP/1.1" 200 2241 "-" "Mozilla/5.0 (X11; Linux x86_64; rv:109.0) Gecko/20100101 Firefox/119.0"
122.164.48.9 - - [21/May/2026:14:15:38 +0000] "POST /products/items HTTP/1.1" 404 521 "-" "Mozilla/5.0 (Windows NT 10.0; Win64; x64) AppleWebKit/537.36 (KHTML, like Gecko) Chrome/120.0.0.0 Safari/537.36"
81.108.20.11 - - [21/May/2026:14:15:48 +0000] "GET /about.html HTTP/1.1" 200 8169 "-" "Mozilla/5.0 (Windows NT 10.0; Win64; x64) AppleWebKit/537.36 (KHTML, like Gecko) Chrome/120.0.0.0 Safari/537.36"
185.220.101.5 - - [21/May/2026:14:15:58 +0000] "GET /static/../../etc/passwd HTTP/1.1" 400 548 "-" "Mozilla/5.0 (iPhone; CPU iPhone OS 17_1_1 like Mac OS X) AppleWebKit/605.1.15 (KHTML, like Gecko) Version/17.1 Mobile/15E148 Safari/604.1"
192.168.1.15 - - [21/May/2026:14:16:08 +0000] "GET /images/logo.png HTTP/1.1" 404 1191 "-" "Mozilla/5.0 (compatible; Googlebot/2.1; +http://www.google.com/bot.html)"
203.0.113.88 - - [21/May/2026:14:16:18 +0000] "PUT /contact.html HTTP/1.1" 200 5356 "-" "Mozilla/5.0 (Macintosh; Intel Mac OS X 10_15_7) AppleWebKit/605.1.15 (KHTML, like Gecko) Version/17.2 Safari/605.1.15"
122.164.48.9 - - [21/May/2026:14:16:28 +0000] "GET /contact.html HTTP/1.1" 200 13846 "-" "Mozilla/5.0 (iPhone; CPU iPhone OS 17_1_1 like Mac OS X) AppleWebKit/605.1.15 (KHTML, like Gecko) Version/17.1 Mobile/15E148 Safari/604.1"
192.168.1.15 - - [21/May/2026:14:16:38 +0000] "POST /js/main.js HTTP/1.1" 200 3502 "-" "Mozilla/5.0 (compatible; Googlebot/2.1; +http://www.google.com/bot.html)"
122.164.48.9 - - [21/May/2026:14:16:48 +0000] "PUT /css/styles.css HTTP/1.1" 200 10037 "-" "Mozilla/5.0 (Windows NT 10.0; Win64; x64) AppleWebKit/537.36 (KHTML, like Gecko) Chrome/120.0.0.0 Safari/537.36"
122.164.48.9 - - [21/May/2026:14:16:58 +0000] "GET /images/logo.png HTTP/1.1" 200 18130 "-" "Mozilla/5.0 (iPhone; CPU iPhone OS 17_1_1 like Mac OS X) AppleWebKit/605.1.15 (KHTML, like Gecko) Version/17.1 Mobile/15E148 Safari/604.1"
185.220.101.5 - - [21/May/2026:14:17:08 +0000] "GET /phpmyadmin/index.php HTTP/1.1" 404 149 "-" "Mozilla/5.0 (iPhone; CPU iPhone OS 17_1_1 like Mac OS X) AppleWebKit/605.1.15 (KHTML, like Gecko) Version/17.1 Mobile/15E148 Safari/604.1"
192.168.1.15 - - [21/May/2026:14:17:18 +0000] "GET /api/v1/status HTTP/1.1" 404 195 "-" "Mozilla/5.0 (X11; Linux x86_64; rv:109.0) Gecko/20100101 Firefox/119.0"
82.102.23.45 - - [21/May/2026:14:17:28 +0000] "GET /api/users?id=1%20UNION%20SELECT%20NULL,username,password%20FROM%20users-- HTTP/1.1" 500 727 "-" "Mozilla/5.0 (Macintosh; Intel Mac OS X 10_15_7) AppleWebKit/605.1.15 (KHTML, like Gecko) Version/17.2 Safari/605.1.15"
10.0.0.4 - - [21/May/2026:14:17:38 +0000] "PUT /api/v1/metrics HTTP/1.1" 404 1138 "-" "Mozilla/5.0 (Windows NT 10.0; Win64; x64) AppleWebKit/537.36 (KHTML, like Gecko) Chrome/120.0.0.0 Safari/537.36"
122.164.48.9 - - [21/May/2026:14:17:48 +0000] "GET /api/v1/metrics HTTP/1.1" 200 3609 "-" "Mozilla/5.0 (compatible; Googlebot/2.1; +http://www.google.com/bot.html)"
122.164.48.9 - - [21/May/2026:14:17:58 +0000] "GET /images/logo.png HTTP/1.1" 200 1676 "-" "Mozilla/5.0 (Macintosh; Intel Mac OS X 10_15_7) AppleWebKit/605.1.15 (KHTML, like Gecko) Version/17.2 Safari/605.1.15"
192.168.1.15 - - [21/May/2026:14:18:08 +0000] "GET /api/v1/metrics HTTP/1.1" 200 5971 "-" "Mozilla/5.0 (compatible; Googlebot/2.1; +http://www.google.com/bot.html)"
122.164.48.9 - - [21/May/2026:14:18:18 +0000] "GET /blog/posts HTTP/1.1" 200 9614 "-" "Mozilla/5.0 (Macintosh; Intel Mac OS X 10_15_7) AppleWebKit/605.1.15 (KHTML, like Gecko) Version/17.2 Safari/605.1.15"
81.108.20.11 - - [21/May/2026:14:18:28 +0000] "GET /api/v1/metrics HTTP/1.1" 304 1308 "-" "Mozilla/5.0 (Macintosh; Intel Mac OS X 10_15_7) AppleWebKit/605.1.15 (KHTML, like Gecko) Version/17.2 Safari/605.1.15"
203.0.113.88 - - [21/May/2026:14:18:38 +0000] "GET /api/v1/metrics HTTP/1.1" 200 4582 "-" "Mozilla/5.0 (Windows NT 10.0; Win64; x64) AppleWebKit/537.36 (KHTML, like Gecko) Chrome/120.0.0.0 Safari/537.36"
203.0.113.88 - - [21/May/2026:14:18:48 +0000] "GET /api/v1/metrics HTTP/1.1" 304 6 "-" "Mozilla/5.0 (compatible; Googlebot/2.1; +http://www.google.com/bot.html)"
10.0.0.4 - - [21/May/2026:14:18:58 +0000] "POST /blog/posts HTTP/1.1" 304 943 "-" "Mozilla/5.0 (X11; Linux x86_64; rv:109.0) Gecko/20100101 Firefox/119.0"
10.0.0.4 - - [21/May/2026:14:19:08 +0000] "GET /api/v1/metrics HTTP/1.1" 200 6878 "-" "Mozilla/5.0 (X11; Linux x86_64; rv:109.0) Gecko/20100101 Firefox/119.0"
192.168.1.15 - - [21/May/2026:14:19:18 +0000] "GET /css/styles.css HTTP/1.1" 200 11061 "-" "Mozilla/5.0 (iPhone; CPU iPhone OS 17_1_1 like Mac OS X) AppleWebKit/605.1.15 (KHTML, like Gecko) Version/17.1 Mobile/15E148 Safari/604.1"
81.108.20.11 - - [21/May/2026:14:19:28 +0000] "PUT /favicon.ico HTTP/1.1" 200 23468 "-" "Mozilla/5.0 (Windows NT 10.0; Win64; x64) AppleWebKit/537.36 (KHTML, like Gecko) Chrome/120.0.0.0 Safari/537.36"
203.0.113.88 - - [21/May/2026:14:19:38 +0000] "GET /api/v1/metrics HTTP/1.1" 404 849 "-" "Mozilla/5.0 (iPhone; CPU iPhone OS 17_1_1 like Mac OS X) AppleWebKit/605.1.15 (KHTML, like Gecko) Version/17.1 Mobile/15E148 Safari/604.1"
81.108.20.11 - - [21/May/2026:14:19:48 +0000] "PUT /about.html HTTP/1.1" 200 3227 "-" "Mozilla/5.0 (Windows NT 10.0; Win64; x64) AppleWebKit/537.36 (KHTML, like Gecko) Chrome/120.0.0.0 Safari/537.36"
185.220.101.5 - - [21/May/2026:14:19:58 +0000] "GET /api/ping?host=127.0.0.1;%20whoami HTTP/1.1" 500 62 "-" "Mozilla/5.0 (Macintosh; Intel Mac OS X 10_15_7) AppleWebKit/605.1.15 (KHTML, like Gecko) Version/17.2 Safari/605.1.15"
122.164.48.9 - - [21/May/2026:14:20:08 +0000] "GET /api/v1/status HTTP/1.1" 404 1230 "-" "Mozilla/5.0 (compatible; Googlebot/2.1; +http://www.google.com/bot.html)"
185.220.101.5 - - [21/May/2026:14:20:18 +0000] "GET /api/ping?host=127.0.0.1;%20whoami HTTP/1.1" 500 855 "-" "Mozilla/5.0 (Windows NT 10.0; Win64; x64) AppleWebKit/537.36 (KHTML, like Gecko) Chrome/120.0.0.0 Safari/537.36"
203.0.113.88 - - [21/May/2026:14:20:28 +0000] "GET /images/logo.png HTTP/1.1" 404 1249 "-" "Mozilla/5.0 (compatible; Googlebot/2.1; +http://www.google.com/bot.html)"
192.168.1.15 - - [21/May/2026:14:20:38 +0000] "GET /favicon.ico HTTP/1.1" 200 18852 "-" "Mozilla/5.0 (iPhone; CPU iPhone OS 17_1_1 like Mac OS X) AppleWebKit/605.1.15 (KHTML, like Gecko) Version/17.1 Mobile/15E148 Safari/604.1"
81.108.20.11 - - [21/May/2026:14:20:48 +0000] "GET /about.html HTTP/1.1" 404 388 "-" "Mozilla/5.0 (iPhone; CPU iPhone OS 17_1_1 like Mac OS X) AppleWebKit/605.1.15 (KHTML, like Gecko) Version/17.1 Mobile/15E148 Safari/604.1"
81.108.20.11 - - [21/May/2026:14:20:58 +0000] "GET /images/logo.png HTTP/1.1" 404 411 "-" "Mozilla/5.0 (iPhone; CPU iPhone OS 17_1_1 like Mac OS X) AppleWebKit/605.1.15 (KHTML, like Gecko) Version/17.1 Mobile/15E148 Safari/604.1"
122.164.48.9 - - [21/May/2026:14:21:08 +0000] "GET /api/v1/status HTTP/1.1" 200 1013 "-" "Mozilla/5.0 (Macintosh; Intel Mac OS X 10_15_7) AppleWebKit/605.1.15 (KHTML, like Gecko) Version/17.2 Safari/605.1.15"
122.164.48.9 - - [21/May/2026:14:21:18 +0000] "GET /js/main.js HTTP/1.1" 200 11576 "-" "Mozilla/5.0 (Macintosh; Intel Mac OS X 10_15_7) AppleWebKit/605.1.15 (KHTML, like Gecko) Version/17.2 Safari/605.1.15"
122.164.48.9 - - [21/May/2026:14:21:28 +0000] "PUT /products/items HTTP/1.1" 200 15111 "-" "Mozilla/5.0 (Windows NT 10.0; Win64; x64) AppleWebKit/537.36 (KHTML, like Gecko) Chrome/120.0.0.0 Safari/537.36"
203.0.113.88 - - [21/May/2026:14:21:38 +0000] "GET /contact.html HTTP/1.1" 200 7524 "-" "Mozilla/5.0 (Windows NT 10.0; Win64; x64) AppleWebKit/537.36 (KHTML, like Gecko) Chrome/120.0.0.0 Safari/537.36"
190.12.87.54 - - [21/May/2026:14:21:48 +0000] "GET /static/../../etc/passwd HTTP/1.1" 400 88 "-" "Mozilla/5.0 (iPhone; CPU iPhone OS 17_1_1 like Mac OS X) AppleWebKit/605.1.15 (KHTML, like Gecko) Version/17.1 Mobile/15E148 Safari/604.1"
190.12.87.54 - - [21/May/2026:14:21:58 +0000] "GET /products/items HTTP/1.1" 200 181 "-" "Mozilla/5.0 (X11; Linux x86_64; rv:109.0) Gecko/20100101 Firefox/119.0"
190.12.87.54 - - [21/May/2026:14:22:08 +0000] "GET /phpmyadmin/index.php HTTP/1.1" 404 342 "-" "Mozilla/5.0 (X11; Linux x86_64; rv:109.0) Gecko/20100101 Firefox/119.0"
10.0.0.4 - - [21/May/2026:14:22:18 +0000] "GET /favicon.ico HTTP/1.1" 200 17843 "-" "Mozilla/5.0 (iPhone; CPU iPhone OS 17_1_1 like Mac OS X) AppleWebKit/605.1.15 (KHTML, like Gecko) Version/17.1 Mobile/15E148 Safari/604.1"
82.102.23.45 - - [21/May/2026:14:22:28 +0000] "GET /files/download?file=..%2f..%2f..%2fwindows%2fwin.ini HTTP/1.1" 400 1476 "-" "Mozilla/5.0 (Windows NT 10.0; Win64; x64) AppleWebKit/537.36 (KHTML, like Gecko) Chrome/120.0.0.0 Safari/537.36"
82.102.23.45 - - [21/May/2026:14:22:38 +0000] "GET /.env HTTP/1.1" 404 1119 "-" "Mozilla/5.0 (iPhone; CPU iPhone OS 17_1_1 like Mac OS X) AppleWebKit/605.1.15 (KHTML, like Gecko) Version/17.1 Mobile/15E148 Safari/604.1"
185.220.101.5 - - [21/May/2026:14:22:48 +0000] "POST /favicon.ico HTTP/1.1" 404 615 "-" "Mozilla/5.0 (Macintosh; Intel Mac OS X 10_15_7) AppleWebKit/605.1.15 (KHTML, like Gecko) Version/17.2 Safari/605.1.15"
190.12.87.54 - - [21/May/2026:14:22:58 +0000] "GET /css/styles.css HTTP/1.1" 404 1486 "-" "Mozilla/5.0 (iPhone; CPU iPhone OS 17_1_1 like Mac OS X) AppleWebKit/605.1.15 (KHTML, like Gecko) Version/17.1 Mobile/15E148 Safari/604.1"
185.220.101.5 - - [21/May/2026:14:23:08 +0000] "GET /wp-login.php HTTP/1.1" 404 621 "-" "Mozilla/5.0 (iPhone; CPU iPhone OS 17_1_1 like Mac OS X) AppleWebKit/605.1.15 (KHTML, like Gecko) Version/17.1 Mobile/15E148 Safari/604.1"
203.0.113.88 - - [21/May/2026:14:23:18 +0000] "GET /api/v1/metrics HTTP/1.1" 200 17328 "-" "Mozilla/5.0 (iPhone; CPU iPhone OS 17_1_1 like Mac OS X) AppleWebKit/605.1.15 (KHTML, like Gecko) Version/17.1 Mobile/15E148 Safari/604.1"
203.0.113.88 - - [21/May/2026:14:23:28 +0000] "GET /api/v1/status HTTP/1.1" 200 13959 "-" "Mozilla/5.0 (X11; Linux x86_64; rv:109.0) Gecko/20100101 Firefox/119.0"
81.108.20.11 - - [21/May/2026:14:23:38 +0000] "POST /js/main.js HTTP/1.1" 304 25 "-" "Mozilla/5.0 (iPhone; CPU iPhone OS 17_1_1 like Mac OS X) AppleWebKit/605.1.15 (KHTML, like Gecko) Version/17.1 Mobile/15E148 Safari/604.1"
81.108.20.11 - - [21/May/2026:14:23:48 +0000] "GET /api/v1/metrics HTTP/1.1" 200 12427 "-" "Mozilla/5.0 (Windows NT 10.0; Win64; x64) AppleWebKit/537.36 (KHTML, like Gecko) Chrome/120.0.0.0 Safari/537.36"
81.108.20.11 - - [21/May/2026:14:23:58 +0000] "POST /api/v1/status HTTP/1.1" 200 8241 "-" "Mozilla/5.0 (compatible; Googlebot/2.1; +http://www.google.com/bot.html)"
192.168.1.15 - - [21/May/2026:14:24:08 +0000] "GET /js/main.js HTTP/1.1" 200 5151 "-" "Mozilla/5.0 (X11; Linux x86_64; rv:109.0) Gecko/20100101 Firefox/119.0"
91.220.43.12 - - [21/May/2026:14:24:18 +0000] "GET /wp-login.php HTTP/1.1" 404 1277 "-" "Mozilla/5.0 (compatible; Googlebot/2.1; +http://www.google.com/bot.html)"
89.248.167.15 - - [21/May/2026:14:24:28 +0000] "GET /contact.html HTTP/1.1" 304 830 "-" "Mozilla/5.0 (X11; Linux x86_64; rv:109.0) Gecko/20100101 Firefox/119.0"
82.102.23.45 - - [21/May/2026:14:24:38 +0000] "GET /admin HTTP/1.1" 401 541 "-" "Mozilla/5.0 (compatible; Googlebot/2.1; +http://www.google.com/bot.html)"
122.164.48.9 - - [21/May/2026:14:24:48 +0000] "GET /css/styles.css HTTP/1.1" 200 16029 "-" "Mozilla/5.0 (X11; Linux x86_64; rv:109.0) Gecko/20100101 Firefox/119.0"
185.220.101.5 - - [21/May/2026:14:24:58 +0000] "POST /login?user=admin%27%20OR%201=1-- HTTP/1.1" 200 18703 "-" "Mozilla/5.0 (Macintosh; Intel Mac OS X 10_15_7) AppleWebKit/605.1.15 (KHTML, like Gecko) Version/17.2 Safari/605.1.15"
10.0.0.4 - - [21/May/2026:14:25:08 +0000] "GET /about.html HTTP/1.1" 200 20092 "-" "Mozilla/5.0 (compatible; Googlebot/2.1; +http://www.google.com/bot.html)"
203.0.113.88 - - [21/May/2026:14:25:18 +0000] "GET /js/main.js HTTP/1.1" 200 5799 "-" "Mozilla/5.0 (Macintosh; Intel Mac OS X 10_15_7) AppleWebKit/605.1.15 (KHTML, like Gecko) Version/17.2 Safari/605.1.15"
203.0.113.88 - - [21/May/2026:14:25:28 +0000] "GET /index.html HTTP/1.1" 404 316 "-" "Mozilla/5.0 (Windows NT 10.0; Win64; x64) AppleWebKit/537.36 (KHTML, like Gecko) Chrome/120.0.0.0 Safari/537.36"
103.22.200.41 - - [21/May/2026:14:25:38 +0000] "GET /phpmyadmin/index.php HTTP/1.1" 404 565 "-" "Mozilla/5.0 (X11; Linux x86_64; rv:109.0) Gecko/20100101 Firefox/119.0"
122.164.48.9 - - [21/May/2026:14:25:48 +0000] "GET /index.html HTTP/1.1" 200 6149 "-" "Mozilla/5.0 (Windows NT 10.0; Win64; x64) AppleWebKit/537.36 (KHTML, like Gecko) Chrome/120.0.0.0 Safari/537.36"
10.0.0.4 - - [21/May/2026:14:25:58 +0000] "GET /js/main.js HTTP/1.1" 404 463 "-" "Mozilla/5.0 (Windows NT 10.0; Win64; x64) AppleWebKit/537.36 (KHTML, like Gecko) Chrome/120.0.0.0 Safari/537.36"
81.108.20.11 - - [21/May/2026:14:26:08 +0000] "GET /about.html HTTP/1.1" 200 402 "-" "Mozilla/5.0 (X11; Linux x86_64; rv:109.0) Gecko/20100101 Firefox/119.0"
10.0.0.4 - - [21/May/2026:14:26:18 +0000] "GET /products/items HTTP/1.1" 200 15245 "-" "Mozilla/5.0 (iPhone; CPU iPhone OS 17_1_1 like Mac OS X) AppleWebKit/605.1.15 (KHTML, like Gecko) Version/17.1 Mobile/15E148 Safari/604.1"
203.0.113.88 - - [21/May/2026:14:26:28 +0000] "PUT /contact.html HTTP/1.1" 200 8265 "-" "Mozilla/5.0 (Windows NT 10.0; Win64; x64) AppleWebKit/537.36 (KHTML, like Gecko) Chrome/120.0.0.0 Safari/537.36"
81.108.20.11 - - [21/May/2026:14:26:38 +0000] "GET /css/styles.css HTTP/1.1" 200 7717 "-" "Mozilla/5.0 (compatible; Googlebot/2.1; +http://www.google.com/bot.html)"
82.102.23.45 - - [21/May/2026:14:26:48 +0000] "POST /api/v1/auth/login HTTP/1.1" 401 1139 "-" "Mozilla/5.0 (compatible; Googlebot/2.1; +http://www.google.com/bot.html)"
82.102.23.45 - - [21/May/2026:14:26:58 +0000] "POST /api/v1/auth/login HTTP/1.1" 401 300 "-" "Mozilla/5.0 (compatible; Googlebot/2.1; +http://www.google.com/bot.html)"
82.102.23.45 - - [21/May/2026:14:27:08 +0000] "POST /api/v1/auth/login HTTP/1.1" 401 1026 "-" "Mozilla/5.0 (Macintosh; Intel Mac OS X 10_15_7) AppleWebKit/605.1.15 (KHTML, like Gecko) Version/17.2 Safari/605.1.15"
82.102.23.45 - - [21/May/2026:14:27:18 +0000] "POST /api/v1/auth/login HTTP/1.1" 401 255 "-" "Mozilla/5.0 (X11; Linux x86_64; rv:109.0) Gecko/20100101 Firefox/119.0"
82.102.23.45 - - [21/May/2026:14:27:28 +0000] "POST /api/v1/auth/login HTTP/1.1" 401 1238 "-" "Mozilla/5.0 (iPhone; CPU iPhone OS 17_1_1 like Mac OS X) AppleWebKit/605.1.15 (KHTML, like Gecko) Version/17.1 Mobile/15E148 Safari/604.1"
82.102.23.45 - - [21/May/2026:14:27:38 +0000] "POST /api/v1/auth/login HTTP/1.1" 401 1275 "-" "Mozilla/5.0 (compatible; Googlebot/2.1; +http://www.google.com/bot.html)"
82.102.23.45 - - [21/May/2026:14:27:48 +0000] "POST /api/v1/auth/login HTTP/1.1" 401 1374 "-" "Mozilla/5.0 (iPhone; CPU iPhone OS 17_1_1 like Mac OS X) AppleWebKit/605.1.15 (KHTML, like Gecko) Version/17.1 Mobile/15E148 Safari/604.1"
82.102.23.45 - - [21/May/2026:14:27:58 +0000] "POST /api/v1/auth/login HTTP/1.1" 401 398 "-" "Mozilla/5.0 (X11; Linux x86_64; rv:109.0) Gecko/20100101 Firefox/119.0"
82.102.23.45 - - [21/May/2026:14:28:08 +0000] "POST /api/v1/auth/login HTTP/1.1" 401 373 "-" "Mozilla/5.0 (iPhone; CPU iPhone OS 17_1_1 like Mac OS X) AppleWebKit/605.1.15 (KHTML, like Gecko) Version/17.1 Mobile/15E148 Safari/604.1"
10.0.0.4 - - [21/May/2026:14:28:18 +0000] "PUT /images/logo.png HTTP/1.1" 304 520 "-" "Mozilla/5.0 (Windows NT 10.0; Win64; x64) AppleWebKit/537.36 (KHTML, like Gecko) Chrome/120.0.0.0 Safari/537.36"
81.108.20.11 - - [21/May/2026:14:28:28 +0000] "GET /js/main.js HTTP/1.1" 304 1452 "-" "Mozilla/5.0 (iPhone; CPU iPhone OS 17_1_1 like Mac OS X) AppleWebKit/605.1.15 (KHTML, like Gecko) Version/17.1 Mobile/15E148 Safari/604.1"
203.0.113.88 - - [21/May/2026:14:28:38 +0000] "GET /about.html HTTP/1.1" 200 379 "-" "Mozilla/5.0 (Windows NT 10.0; Win64; x64) AppleWebKit/537.36 (KHTML, like Gecko) Chrome/120.0.0.0 Safari/537.36"
203.0.113.88 - - [21/May/2026:14:28:48 +0000] "PUT /api/v1/metrics HTTP/1.1" 200 13552 "-" "Mozilla/5.0 (Windows NT 10.0; Win64; x64) AppleWebKit/537.36 (KHTML, like Gecko) Chrome/120.0.0.0 Safari/537.36"
81.108.20.11 - - [21/May/2026:14:28:58 +0000] "PUT /favicon.ico HTTP/1.1" 200 18181 "-" "Mozilla/5.0 (iPhone; CPU iPhone OS 17_1_1 like Mac OS X) AppleWebKit/605.1.15 (KHTML, like Gecko) Version/17.1 Mobile/15E148 Safari/604.1"
203.0.113.88 - - [21/May/2026:14:29:08 +0000] "GET /contact.html HTTP/1.1" 304 711 "-" "Mozilla/5.0 (Windows NT 10.0; Win64; x64) AppleWebKit/537.36 (KHTML, like Gecko) Chrome/120.0.0.0 Safari/537.36"
122.164.48.9 - - [21/May/2026:14:29:18 +0000] "GET /products/items HTTP/1.1" 404 551 "-" "Mozilla/5.0 (Windows NT 10.0; Win64; x64) AppleWebKit/537.36 (KHTML, like Gecko) Chrome/120.0.0.0 Safari/537.36"
122.164.48.9 - - [21/May/2026:14:29:28 +0000] "GET /favicon.ico HTTP/1.1" 304 1206 "-" "Mozilla/5.0 (X11; Linux x86_64; rv:109.0) Gecko/20100101 Firefox/119.0"
203.0.113.88 - - [21/May/2026:14:29:38 +0000] "GET /index.html HTTP/1.1" 404 14 "-" "Mozilla/5.0 (Macintosh; Intel Mac OS X 10_15_7) AppleWebKit/605.1.15 (KHTML, like Gecko) Version/17.2 Safari/605.1.15"
