89.248.167.15 - - [21/May/2026:15:12:08 +0000] "GET /api/users?id=1%20UNION%20SELECT%20NULL,username,password%20FROM%20users-- HTTP/1.1" 500 1038 "-" "Mozilla/5.0 (Windows NT 10.0; Win64; x64) AppleWebKit/537.36 (KHTML, like Gecko) Chrome/120.0.0.0 Safari/537.36"
192.168.1.15 - - [21/May/2026:15:12:18 +0000] "GET /js/main.js HTTP/1.1" 404 1126 "-" "Mozilla/5.0 (X11; Linux x86_64; rv:109.0) Gecko/20100101 Firefox/119.0"
103.22.200.41 - - [21/May/2026:15:12:28 +0000] "GET /cgi-bin/test.sh?cmd=cat%20/etc/hosts HTTP/1.1" 500 1369 "-" "Mozilla/5.0 (Macintosh; Intel Mac OS X 10_15_7) AppleWebKit/605.1.15 (KHTML, like Gecko) Version/17.2 Safari/605.1.15"
192.168.1.15 - - [21/May/2026:15:12:38 +0000] "POST /about.html HTTP/1.1" 200 23573 "-" "Mozilla/5.0 (Macintosh; Intel Mac OS X 10_15_7) AppleWebKit/605.1.15 (KHTML, like Gecko) Version/17.2 Safari/605.1.15"
10.0.0.4 - - [21/May/2026:15:12:48 +0000] "GET /index.html HTTP/1.1" 200 4268 "-" "Mozilla/5.0 (iPhone; CPU iPhone OS 17_1_1 like Mac OS X) AppleWebKit/605.1.15 (KHTML, like Gecko) Version/17.1 Mobile/15E148 Safari/604.1"
192.168.1.15 - - [21/May/2026:15:12:58 +0000] "GET /js/main.js HTTP/1.1" 200 9567 "-" "Mozilla/5.0 (Windows NT 10.0; Win64; x64) AppleWebKit/537.36 (KHTML, like Gecko) Chrome/120.0.0.0 Safari/537.36"
198.51.100.12 - - [21/May/2026:15:13:08 +0000] "GET /.env HTTP/1.1" 404 301 "-" "Mozilla/5.0 (Macintosh; Intel Mac OS X 10_15_7) AppleWebKit/605.1.15 (KHTML, like Gecko) Version/17.2 Safari/605.1.15"
192.168.1.15 - - [21/May/2026:15:13:18 +0000] "GET /products/items HTTP/1.1" 200 7638 "-" "Mozilla/5.0 (Macintosh; Intel Mac OS X 10_15_7) AppleWebKit/605.1.15 (KHTML, like Gecko) Version/17.2 Safari/605.1.15"
10.0.0.4 - - [21/May/2026:15:13:28 +0000] "GET /products/items HTTP/1.1" 200 3443 "-" "Mozilla/5.0 (compatible; Googlebot/2.1; +http://www.google.com/bot.html)"
10.0.0.4 - - [21/May/2026:15:13:38 +0000] "GET /images/logo.png HTTP/1.1" 304 862 "-" "Mozilla/5.0 (Macintosh; Intel Mac OS X 10_15_7) AppleWebKit/605.1.15 (KHTML, like Gecko) Version/17.2 Safari/605.1.15"
203.0.113.88 - - [21/May/2026:15:13:48 +0000] "PUT /about.html HTTP/1.1" 200 16034 "-" "Mozilla/5.0 (Windows NT 10.0; Win64; x64) AppleWebKit/537.36 (KHTML, like Gecko) Chrome/120.0.0.0 Safari/537.36"
122.164.48.9 - - [21/May/2026:15:13:58 +0000] "GET /index.html HTTP/1.1" 404 1417 "-" "Mozilla/5.0 (Windows NT 10.0; Win64; x64) AppleWebKit/537.36 (KHTML, like Gecko) Chrome/120.0.0.0 Safari/537.36"
122.164.48.9 - - [21/May/2026:15:14:08 +0000] "GET /blog/posts HTTP/1.1" 200 878 "-" "Mozilla/5.0 (Windows NT 10.0; Win64; x64) AppleWebKit/537.36 (KHTML, like Gecko) Chrome/120.0.0.0 Safari/537.36"
122.164.48.9 - - [21/May/2026:15:14:18 +0000] "GET /contact.html HTTP/1.1" 404 405 "-" "Mozilla/5.0 (X11; Linux x86_64; rv:109.0) Gecko/20100101 Firefox/119.0"
192.168.1.15 - - [21/May/2026:15:14:28 +0000] "PUT /js/main.js HTTP/1.1" 200 155 "-" "Mozilla/5.0 (Windows NT 10.0; Win64; x64) AppleWebKit/537.36 (KHTML, like Gecko) Chrome/120.0.0.0 Safari/537.36"
91.220.43.12 - - [21/May/2026:15:14:38 +0000] "GET /phpmyadmin/index.php HTTP/1.1" 404 77 "-" "Mozilla/5.0 (X11; Linux x86_64; rv:109.0) Gecko/20100101 Firefox/119.0"
81.108.20.11 - - [21/May/2026:15:14:48 +0000] "POST /favicon.ico HTTP/1.1" 304 188 "-" "Mozilla/5.0 (Windows NT 10.0; Win64; x64) AppleWebKit/537.36 (KHTML, like Gecko) Chrome/120.0.0.0 Safari/537.36"
190.12.87.54 - - [21/May/2026:15:14:58 +0000] "GET /cgi-bin/test.sh?cmd=cat%20/etc/hosts HTTP/1.1" 500 900 "-" "Mozilla/5.0 (X11; Linux x86_64; rv:109.0) Gecko/20100101 Firefox/119.0"
81.108.20.11 - - [21/May/2026:15:15:08 +0000] "GET /css/styles.css HTTP/1.1" 404 898 "-" "Mozilla/5.0 (Macintosh; Intel Mac OS X 10_15_7) AppleWebKit/605.1.15 (KHTML, like Gecko) Version/17.2 Safari/605.1.15"
203.0.113.88 - - [21/May/2026:15:15:18 +0000] "PUT /products/items HTTP/1.1" 200 470 "-" "Mozilla/5.0 (X11; Linux x86_64; rv:109.0) Gecko/20100101 Firefox/119.0"
103.22.200.41 - - [21/May/2026:15:15:28 +0000] "PUT /contact.html HTTP/1.1" 200 17723 "-" "Mozilla/5.0 (X11; Linux x86_64; rv:109.0) Gecko/20100101 Firefox/119.0"
10.0.0.4 - - [21/May/2026:15:15:38 +0000] "GET /css/styles.css HTTP/1.1" 200 13068 "-" "Mozilla/5.0 (compatible; Googlebot/2.1; +http://www.google.com/bot.html)"
192.168.1.15 - - [21/May/2026:15:15:48 +0000] "GET /images/logo.png HTTP/1.1" 304 723 "-" "Mozilla/5.0 (Macintosh; Intel Mac OS X 10_15_7) AppleWebKit/605.1.15 (KHTML, like Gecko) Version/17.2 Safari/605.1.15"
10.0.0.4 - - [21/May/2026:15:15:58 +0000] "GET /api/v1/status HTTP/1.1" 200 10727 "-" "Mozilla/5.0 (Windows NT 10.0; Win64; x64) AppleWebKit/537.36 (KHTML, like Gecko) Chrome/120.0.0.0 Safari/537.36"
203.0.113.88 - - [21/May/2026:15:16:08 +0000] "GET /index.html HTTP/1.1" 304 1012 "-" "Mozilla/5.0 (iPhone; CPU iPhone OS 17_1_1 like Mac OS X) AppleWebKit/605.1.15 (KHTML, like Gecko) Version/17.1 Mobile/15E148 Safari/604.1"
81.108.20.11 - - [21/May/2026:15:16:18 +0000] "GET /index.html HTTP/1.1" 304 754 "-" "Mozilla/5.0 (iPhone; CPU iPhone OS 17_1_1 like Mac OS X) AppleWebKit/605.1.15 (KHTML, like Gecko) Version/17.1 Mobile/15E148 Safari/604.1"
192.168.1.15 - - [21/May/2026:15:16:28 +0000] "POST /js/main.js HTTP/1.1" 200 15070 "-" "Mozilla/5.0 (compatible; Googlebot/2.1; +http://www.google.com/bot.html)"
89.248.167.15 - - [21/May/2026:15:16:38 +0000] "GET /files/download?file=..%2f..%2f..%2fwindows%2fwin.ini HTTP/1.1" 400 803 "-" "Mozilla/5.0 (Macintosh; Intel Mac OS X 10_15_7) AppleWebKit/605.1.15 (KHTML, like Gecko) Version/17.2 Safari/605.1.15"
82.102.23.45 - - [21/May/2026:15:16:48 +0000] "PUT /css/styles.css HTTP/1.1" 200 8447 "-" "Mozilla/5.0 (X11; Linux x86_64; rv:109.0) Gecko/20100101 Firefox/119.0"
81.108.20.11 - - [21/May/2026:15:16:58 +0000] "PUT /about.html HTTP/1.1" 404 443 "-" "Mozilla/5.0 (iPhone; CPU iPhone OS 17_1_1 like Mac OS X) AppleWebKit/605.1.15 (KHTML, like Gecko) Version/17.1 Mobile/15E148 Safari/604.1"
198.51.100.12 - - [21/May/2026:15:17:08 +0000] "GET /.env HTTP/1.1" 404 758 "-" "Mozilla/5.0 (Macintosh; Intel Mac OS X 10_15_7) AppleWebKit/605.1.15 (KHTML, like Gecko) Version/17.2 Safari/605.1.15"
190.12.87.54 - - [21/May/2026:15:17:18 +0000] "GET /wp-login.php HTTP/1.1" 404 464 "-" "Mozilla/5.0 (Macintosh; Intel Mac OS X 10_15_7) AppleWebKit/605.1.15 (KHTML, like Gecko) Version/17.2 Safari/605.1.15"
91.220.43.12 - - [21/May/2026:15:17:28 +0000] "GET /api/users?id=1%20UNION%20SELECT%20NULL,username,password%20FROM%20users-- HTTP/1.1" 500 35 "-" "Mozilla/5.0 (compatible; Googlebot/2.1; +http://www.google.com/bot.html)"
81.108.20.11 - - [21/May/2026:15:17:38 +0000] "PUT /api/v1/status HTTP/1.1" 200 7320 "-" "Mozilla/5.0 (X11; Linux x86_64; rv:109.0) Gecko/20100101 Firefox/119.0"
10.0.0.4 - - [21/May/2026:15:17:48 +0000] "PUT /contact.html HTTP/1.1" 200 7248 "-" "Mozilla/5.0 (X11; Linux x86_64; rv:109.0) Gecko/20100101 Firefox/119.0"
91.220.43.12 - - [21/May/2026:15:17:58 +0000] "POST /blog/posts HTTP/1.1" 200 6783 "-" "Mozilla/5.0 (Macintosh; Intel Mac OS X 10_15_7) AppleWebKit/605.1.15 (KHTML, like Gecko) Version/17.2 Safari/605.1.15"
185.220.101.5 - - [21/May/2026:15:18:08 +0000] "POST /about.html HTTP/1.1" 404 1300 "-" "Mozilla/5.0 (Windows NT 10.0; Win64; x64) AppleWebKit/537.36 (KHTML, like Gecko) Chrome/120.0.0.0 Safari/537.36"
81.108.20.11 - - [21/May/2026:15:18:18 +0000] "GET /blog/posts HTTP/1.1" 200 17836 "-" "Mozilla/5.0 (X11; Linux x86_64; rv:109.0) Gecko/20100101 Firefox/119.0"
203.0.113.88 - - [21/May/2026:15:18:28 +0000] "GET /products/items HTTP/1.1" 200 21077 "-" "Mozilla/5.0 (X11; Linux x86_64; rv:109.0) Gecko/20100101 Firefox/119.0"
81.108.20.11 - - [21/May/2026:15:18:38 +0000] "PUT /products/items HTTP/1.1" 404 520 "-" "Mozilla/5.0 (Macintosh; Intel Mac OS X 10_15_7) AppleWebKit/605.1.15 (KHTML, like Gecko) Version/17.2 Safari/605.1.15"
10.0.0.4 - - [21/May/2026:15:18:48 +0000] "GET /contact.html HTTP/1.1" 200 10875 "-" "Mozilla/5.0 (X11; Linux x86_64; rv:109.0) Gecko/20100101 Firefox/119.0"
203.0.113.88 - - [21/May/2026:15:18:58 +0000] "GET /images/logo.png HTTP/1.1" 200 23476 "-" "Mozilla/5.0 (iPhone; CPU iPhone OS 17_1_1 like Mac OS X) AppleWebKit/605.1.15 (KHTML, like Gecko) Version/17.1 Mobile/15E148 Safari/604.1"
122.164.48.9 - - [21/May/2026:15:19:08 +0000] "PUT /css/styles.css HTTP/1.1" 404 267 "-" "Mozilla/5.0 (X11; Linux x86_64; rv:109.0) Gecko/20100101 Firefox/119.0"
203.0.113.88 - - [21/May/2026:15:19:18 +0000] "GET /contact.html HTTP/1.1" 200 11930 "-" "Mozilla/5.0 (X11; Linux x86_64; rv:109.0) Gecko/20100101 Firefox/119.0"
81.108.20.11 - - [21/May/2026:15:19:28 +0000] "GET /images/logo.png HTTP/1.1" 404 170 "-" "Mozilla/5.0 (Macintosh; Intel Mac OS X 10_15_7) AppleWebKit/605.1.15 (KHTML, like Gecko) Version/17.2 Safari/605.1.15"
192.168.1.15 - - [21/May/2026:15:19:38 +0000] "GET /css/styles.css HTTP/1.1" 200 6998 "-" "Mozilla/5.0 (X11; Linux x86_64; rv:109.0) Gecko/20100101 Firefox/119.0"
203.0.113.88 - - [21/May/2026:15:19:48 +0000] "GET /about.html HTTP/1.1" 200 19083 "-" "Mozilla/5.0 (iPhone; CPU iPhone OS 17_1_1 like Mac OS X) AppleWebKit/605.1.15 (KHTML, like Gecko) Version/17.1 Mobile/15E148 Safari/604.1"
185.220.101.5 - - [21/May/2026:15:19:58 +0000] "GET /files/download?file=..%2f..%2f..%2fwindows%2fwin.ini HTTP/1.1" 400 1186 "-" "Mozilla/5.0 (Macintosh; Intel Mac OS X 10_15_7) AppleWebKit/605.1.15 (KHTML, like Gecko) Version/17.2 Safari/605.1.15"
192.168.1.15 - - [21/May/2026:15:20:08 +0000] "GET /favicon.ico HTTP/1.1" 200 10730 "-" "Mozilla/5.0 (X11; Linux x86_64; rv:109.0) Gecko/20100101 Firefox/119.0"
81.108.20.11 - - [21/May/2026:15:20:18 +0000] "POST /favicon.ico HTTP/1.1" 200 22868 "-" "Mozilla/5.0 (X11; Linux x86_64; rv:109.0) Gecko/20100101 Firefox/119.0"
81.108.20.11 - - [21/May/2026:15:20:28 +0000] "PUT /products/items HTTP/1.1" 200 1493 "-" "Mozilla/5.0 (iPhone; CPU iPhone OS 17_1_1 like Mac OS X) AppleWebKit/605.1.15 (KHTML, like Gecko) Version/17.1 Mobile/15E148 Safari/604.1"
203.0.113.88 - - [21/May/2026:15:20:38 +0000] "GET /favicon.ico HTTP/1.1" 200 5156 "-" "Mozilla/5.0 (compatible; Googlebot/2.1; +http://www.google.com/bot.html)"
122.164.48.9 - - [21/May/2026:15:20:48 +0000] "GET /contact.html HTTP/1.1" 200 10236 "-" "Mozilla/5.0 (X11; Linux x86_64; rv:109.0) Gecko/20100101 Firefox/119.0"
192.168.1.15 - - [21/May/2026:15:20:58 +0000] "GET /images/logo.png HTTP/1.1" 200 13547 "-" "Mozilla/5.0 (X11; Linux x86_64; rv:109.0) Gecko/20100101 Firefox/119.0"
192.168.1.15 - - [21/May/2026:15:21:08 +0000] "GET /api/v1/status HTTP/1.1" 200 9896 "-" "Mozilla/5.0 (iPhone; CPU iPhone OS 17_1_1 like Mac OS X) AppleWebKit/605.1.15 (KHTML, like Gecko) Version/17.1 Mobile/15E148 Safari/604.1"
81.108.20.11 - - [21/May/2026:15:21:18 +0000] "GET /contact.html HTTP/1.1" 200 15912 "-" "Mozilla/5.0 (compatible; Googlebot/2.1; +http://www.google.com/bot.html)"
122.164.48.9 - - [21/May/2026:15:21:28 +0000] "GET /css/styles.css HTTP/1.1" 404 815 "-" "Mozilla/5.0 (iPhone; CPU iPhone OS 17_1_1 like Mac OS X) AppleWebKit/605.1.15 (KHTML, like Gecko) Version/17.1 Mobile/15E148 Safari/604.1"
81.108.20.11 - - [21/May/2026:15:21:38 +0000] "POST /products/items HTTP/1.1" 200 21599 "-" "Mozilla/5.0 (compatible; Googlebot/2.1; +http://www.google.com/bot.html)"
122.164.48.9 - - [21/May/2026:15:21:48 +0000] "GET /contact.html HTTP/1.1" 404 989 "-" "Mozilla/5.0 (Windows NT 10.0; Win64; x64) AppleWebKit/537.36 (KHTML, like Gecko) Chrome/120.0.0.0 Safari/537.36"
192.168.1.15 - - [21/May/2026:15:21:58 +0000] "PUT /api/v1/status HTTP/1.1" 200 8873 "-" "Mozilla/5.0 (Windows NT 10.0; Win64; x64) AppleWebKit/537.36 (KHTML, like Gecko) Chrome/120.0.0.0 Safari/537.36"
89.248.167.15 - - [21/May/2026:15:22:08 +0000] "GET /api/v1/status HTTP/1.1" 200 16294 "-" "Mozilla/5.0 (Windows NT 10.0; Win64; x64) AppleWebKit/537.36 (KHTML, like Gecko) Chrome/120.0.0.0 Safari/537.36"
203.0.113.88 - - [21/May/2026:15:22:18 +0000] "GET /blog/posts HTTP/1.1" 404 1401 "-" "Mozilla/5.0 (compatible; Googlebot/2.1; +http://www.google.com/bot.html)"
89.248.167.15 - - [21/May/2026:15:22:28 +0000] "GET /files/download?file=..%2f..%2f..%2fwindows%2fwin.ini HTTP/1.1" 400 2 "-" "Mozilla/5.0 (compatible; Googlebot/2.1; +http://www.google.com/bot.html)"
81.108.20.11 - - [21/May/2026:15:22:38 +0000] "GET /js/main.js HTTP/1.1" 200 19509 "-" "Mozilla/5.0 (X11; Linux x86_64; rv:109.0) Gecko/20100101 Firefox/119.0"
10.0.0.4 - - [21/May/2026:15:22:48 +0000] "GET /products/items HTTP/1.1" 200 17935 "-" "Mozilla/5.0 (Macintosh; Intel Mac OS X 10_15_7) AppleWebKit/605.1.15 (KHTML, like Gecko) Version/17.2 Safari/605.1.15"
103.22.200.41 - - [21/May/2026:15:22:58 +0000] "GET /phpmyadmin/index.php HTTP/1.1" 404 366 "-" "Mozilla/5.0 (Macintosh; Intel Mac OS X 10_15_7) AppleWebKit/605.1.15 (KHTML, like Gecko) Version/17.2 Safari/605.1.15"
122.164.48.9 - - [21/May/2026:15:23:08 +0000] "GET /blog/posts HTTP/1.1" 200 10447 "-" "Mozilla/5.0 (iPhone; CPU iPhone OS 17_1_1 like Mac OS X) AppleWebKit/605.1.15 (KHTML, like Gecko) Version/17.1 Mobile/15E148 Safari/604.1"
122.164.48.9 - - [21/May/2026:15:23:18 +0000] "POST /index.html HTTP/1.1" 200 10275 "-" "Mozilla/5.0 (X11; Linux x86_64; rv:109.0) Gecko/20100101 Firefox/119.0"
203.0.113.88 - - [21/May/2026:15:23:28 +0000] "PUT /favicon.ico HTTP/1.1" 200 10722 "-" "Mozilla/5.0 (Windows NT 10.0; Win64; x64) AppleWebKit/537.36 (KHTML, like Gecko) Chrome/120.0.0.0 Safari/537.36"
10.0.0.4 - - [21/May/2026:15:23:38 +0000] "PUT /images/logo.png HTTP/1.1" 200 16346 "-" "Mozilla/5.0 (X11; Linux x86_64; rv:109.0) Gecko/20100101 Firefox/119.0"
81.108.20.11 - - [21/May/2026:15:23:48 +0000] "GET /favicon.ico HTTP/1.1" 200 4883 "-" "Mozilla/5.0 (Macintosh; Intel Mac OS X 10_15_7) AppleWebKit/605.1.15 (KHTML, like Gecko) Version/17.2 Safari/605.1.15"
10.0.0.4 - - [21/May/2026:15:23:58 +0000] "GET /products/items HTTP/1.1" 200 665 "-" "Mozilla/5.0 (X11; Linux x86_64; rv:109.0) Gecko/20100101 Firefox/119.0"
122.164.48.9 - - [21/May/2026:15:24:08 +0000] "GET /api/v1/status HTTP/1.1" 200 15488 "-" "Mozilla/5.0 (Macintosh; Intel Mac OS X 10_15_7) AppleWebKit/605.1.15 (KHTML, like Gecko) Version/17.2 Safari/605.1.15"
203.0.113.88 - - [21/May/2026:15:24:18 +0000] "POST /products/items HTTP/1.1" 304 122 "-" "Mozilla/5.0 (Macintosh; Intel Mac OS X 10_15_7) AppleWebKit/605.1.15 (KHTML, like Gecko) Version/17.2 Safari/605.1.15"
10.0.0.4 - - [21/May/2026:15:24:28 +0000] "GET /blog/posts HTTP/1.1" 200 4924 "-" "Mozilla/5.0 (Macintosh; Intel Mac OS X 10_15_7) AppleWebKit/605.1.15 (KHTML, like Gecko) Version/17.2 Safari/605.1.15"
81.108.20.11 - - [21/May/2026:15:24:38 +0000] "GET /contact.html HTTP/1.1" 404 746 "-" "Mozilla/5.0 (Macintosh; Intel Mac OS X 10_15_7) AppleWebKit/605.1.15 (KHTML, like Gecko) Version/17.2 Safari/605.1.15"
122.164.48.9 - - [21/May/2026:15:24:48 +0000] "GET /blog/posts HTTP/1.1" 200 21352 "-" "Mozilla/5.0 (Macintosh; Intel Mac OS X 10_15_7) AppleWebKit/605.1.15 (KHTML, like Gecko) Version/17.2 Safari/605.1.15"
198.51.100.12 - - [21/May/2026:15:24:58 +0000] "GET /.env HTTP/1.1" 404 1295 "-" "Mozilla/5.0 (iPhone; CPU iPhone OS 17_1_1 like Mac OS X) AppleWebKit/605.1.15 (KHTML, like Gecko) Version/17.1 Mobile/15E148 Safari/604.1"
10.0.0.4 - - [21/May/2026:15:25:08 +0000] "POST /favicon.ico HTTP/1.1" 200 12814 "-" "Mozilla/5.0 (compatible; Googlebot/2.1; +http://www.google.com/bot.html)"
192.168.1.15 - - [21/May/2026:15:25:18 +0000] "POST /css/styles.css HTTP/1.1" 404 1396 "-" "Mozilla/5.0 (Windows NT 10.0; Win64; x64) AppleWebKit/537.36 (KHTML, like Gecko) Chrome/120.0.0.0 Safari/537.36"
203.0.113.88 - - [21/May/2026:15:25:28 +0000] "GET /about.html HTTP/1.1" 404 881 "-" "Mozilla/5.0 (Macintosh; Intel Mac OS X 10_15_7) AppleWebKit/605.1.15 (KHTML, like Gecko) Version/17.2 Safari/605.1.15"
10.0.0.4 - - [21/May/2026:15:25:38 +0000] "GET /favicon.ico HTTP/1.1" 200 14337 "-" "Mozilla/5.0 (Windows NT 10.0; Win64; x64) AppleWebKit/537.36 (KHTML, like Gecko) Chrome/120.0.0.0 Safari/537.36"
190.12.87.54 - - [21/May/2026:15:25:48 +0000] "GET /phpmyadmin/index.php HTTP/1.1" 404 1188 "-" "Mozilla/5.0 (Macintosh; Intel Mac OS X 10_15_7) AppleWebKit/605.1.15 (KHTML, like Gecko) Version/17.2 Safari/605.1.15"
192.168.1.15 - - [21/May/2026:15:25:58 +0000] "POST /js/main.js HTTP/1.1" 200 7372 "-" "Mozilla/5.0 (compatible; Googlebot/2.1; +http://www.google.com/bot.html)"
10.0.0.4 - - [21/May/2026:15:26:08 +0000] "GET /products/items HTTP/1.1" 200 14774 "-" "Mozilla/5.0 (iPhone; CPU iPhone OS 17_1_1 like Mac OS X) AppleWebKit/605.1.15 (KHTML, like Gecko) Version/17.1 Mobile/15E148 Safari/604.1"
203.0.113.88 - - [21/May/2026:15:26:18 +0000] "GET /products/items HTTP/1.1" 200 19463 "-" "Mozilla/5.0 (X11; Linux x86_64; rv:109.0) Gecko/20100101 Firefox/119.0"
203.0.113.88 - - [21/May/2026:15:26:28 +0000] "PUT /api/v1/status HTTP/1.1" 404 930 "-" "Mozilla/5.0 (Windows NT 10.0; Win64; x64) AppleWebKit/537.36 (KHTML, like Gecko) Chrome/120.0.0.0 Safari/537.36"
10.0.0.4 - - [21/May/2026:15:26:38 +0000] "GET /contact.html HTTP/1.1" 200 8436 "-" "Mozilla/5.0 (Windows NT 10.0; Win64; x64) AppleWebKit/537.36 (KHTML, like Gecko) Chrome/120.0.0.0 Safari/537.36"
203.0.113.88 - - [21/May/2026:15:26:48 +0000] "GET /images/logo.png HTTP/1.1" 200 20760 "-" "Mozilla/5.0 (Macintosh; Intel Mac OS X 10_15_7) AppleWebKit/605.1.15 (KHTML, like Gecko) Version/17.2 Safari/605.1.15"
10.0.0.4 - - [21/May/2026:15:26:58 +0000] "PUT /about.html HTTP/1.1" 304 269 "-" "Mozilla/5.0 (Macintosh; Intel Mac OS X 10_15_7) AppleWebKit/605.1.15 (KHTML, like Gecko) Version/17.2 Safari/605.1.15"
81.108.20.11 - - [21/May/2026:15:27:08 +0000] "POST /css/styles.css HTTP/1.1" 304 248 "-" "Mozilla/5.0 (Windows NT 10.0; Win64; x64) AppleWebKit/537.36 (KHTML, like Gecko) Chrome/120.0.0.0 Safari/537.36"
10.0.0.4 - - [21/May/2026:15:27:18 +0000] "POST /js/main.js HTTP/1.1" 200 15936 "-" "Mozilla/5.0 (Windows NT 10.0; Win64; x64) AppleWebKit/537.36 (KHTML, like Gecko) Chrome/120.0.0.0 Safari/537.36"
198.51.100.12 - - [21/May/2026:15:27:28 +0000] "POST /login?user=admin%27%20OR%201=1-- HTTP/1.1" 200 22169 "-" "Mozilla/5.0 (X11; Linux x86_64; rv:109.0) Gecko/20100101 Firefox/119.0"
122.164.48.9 - - [21/May/2026:15:27:38 +0000] "PUT /products/items HTTP/1.1" 200 19089 "-" "Mozilla/5.0 (X11; Linux x86_64; rv:109.0) Gecko/20100101 Firefox/119.0"
10.0.0.4 - - [21/May/2026:15:27:48 +0000] "PUT /js/main.js HTTP/1.1" 200 819 "-" "Mozilla/5.0 (X11; Linux x86_64; rv:109.0) Gecko/20100101 Firefox/119.0"
122.164.48.9 - - [21/May/2026:15:27:58 +0000] "GET /api/v1/status HTTP/1.1" 404 121 "-" "Mozilla/5.0 (Windows NT 10.0; Win64; x64) AppleWebKit/537.36 (KHTML, like Gecko) Chrome/120.0.0.0 Safari/537.36"
10.0.0.4 - - [21/May/2026:15:28:08 +0000] "PUT /about.html HTTP/1.1" 200 18610 "-" "Mozilla/5.0 (Windows NT 10.0; Win64; x64) AppleWebKit/537.36 (KHTML, like Gecko) Chrome/120.0.0.0 Safari/537.36"
203.0.113.88 - - [21/May/2026:15:28:18 +0000] "POST /api/v1/metrics HTTP/1.1" 200 6487 "-" "Mozilla/5.0 (Windows NT 10.0; Win64; x64) AppleWebKit/537.36 (KHTML, like Gecko) Chrome/120.0.0.0 Safari/537.36"
10.0.0.4 - - [21/May/2026:15:28:28 +0000] "GET /favicon.ico HTTP/1.1" 200 23811 "-" "Mozilla/5.0 (Macintosh; Intel Mac OS X 10_15_7) AppleWebKit/605.1.15 (KHTML, like Gecko) Version/17.2 Safari/605.1.15"
203.0.113.88 - - [21/May/2026:15:28:38 +0000] "POST /api/v1/status HTTP/1.1" 200 24540 "-" "Mozilla/5.0 (Windows NT 10.0; Win64; x64) AppleWebKit/537.36 (KHTML, like Gecko) Chrome/120.0.0.0 Safari/537.36"
81.108.20.11 - - [21/May/2026:15:28:48 +0000] "GET /favicon.ico HTTP/1.1" 404 1491 "-" "Mozilla/5.0 (X11; Linux x86_64; rv:109.0) Gecko/20100101 Firefox/119.0"
89.248.167.15 - - [21/May/2026:15:28:58 +0000] "GET /api/v1/status HTTP/1.1" 200 14839 "-" "Mozilla/5.0 (Macintosh; Intel Mac OS X 10_15_7) AppleWebKit/605.1.15 (KHTML, like Gecko) Version/17.2 Safari/605.1.15"
82.102.23.45 - - [21/May/2026:15:29:08 +0000] "GET /files/download?file=..%2f..%2f..%2fwindows%2fwin.ini HTTP/1.1" 400 966 "-" "Mozilla/5.0 (Macintosh; Intel Mac OS X 10_15_7) AppleWebKit/605.1.15 (KHTML, like Gecko) Version/17.2 Safari/605.1.15"
190.12.87.54 - - [21/May/2026:15:29:18 +0000] "GET /wp-login.php HTTP/1.1" 404 976 "-" "Mozilla/5.0 (Macintosh; Intel Mac OS X 10_15_7) AppleWebKit/605.1.15 (KHTML, like Gecko) Version/17.2 Safari/605.1.15"
190.12.87.54 - - [21/May/2026:15:29:28 +0000] "GET /api/v1/metrics HTTP/1.1" 200 19538 "-" "Mozilla/5.0 (compatible; Googlebot/2.1; +http://www.google.com/bot.html)"
10.0.0.4 - - [21/May/2026:15:29:38 +0000] "PUT /index.html HTTP/1.1" 200 5079 "-" "Mozilla/5.0 (iPhone; CPU iPhone OS 17_1_1 like Mac OS X) AppleWebKit/605.1.15 (KHTML, like Gecko) Version/17.1 Mobile/15E148 Safari/604.1"
81.108.20.11 - - [21/May/2026:15:29:48 +0000] "GET /index.html HTTP/1.1" 200 5588 "-" "Mozilla/5.0 (X11; Linux x86_64; rv:109.0) Gecko/20100101 Firefox/119.0"
103.22.200.41 - - [21/May/2026:15:29:58 +0000] "GET /files/download?file=..%2f..%2f..%2fwindows%2fwin.ini HTTP/1.1" 400 1163 "-" "Mozilla/5.0 (Windows NT 10.0; Win64; x64) AppleWebKit/537.36 (KHTML, like Gecko) Chrome/120.0.0.0 Safari/537.36"
190.12.87.54 - - [21/May/2026:15:30:08 +0000] "GET /admin HTTP/1.1" 401 1262 "-" "Mozilla/5.0 (X11; Linux x86_64; rv:109.0) Gecko/20100101 Firefox/119.0"
192.168.1.15 - - [21/May/2026:15:30:18 +0000] "GET /js/main.js HTTP/1.1" 200 16379 "-" "Mozilla/5.0 (compatible; Googlebot/2.1; +http://www.google.com/bot.html)"
122.164.48.9 - - [21/May/2026:15:30:28 +0000] "GET /products/items HTTP/1.1" 200 18538 "-" "Mozilla/5.0 (Macintosh; Intel Mac OS X 10_15_7) AppleWebKit/605.1.15 (KHTML, like Gecko) Version/17.2 Safari/605.1.15"
122.164.48.9 - - [21/May/2026:15:30:38 +0000] "GET /api/v1/status HTTP/1.1" 304 948 "-" "Mozilla/5.0 (iPhone; CPU iPhone OS 17_1_1 like Mac OS X) AppleWebKit/605.1.15 (KHTML, like Gecko) Version/17.1 Mobile/15E148 Safari/604.1"
192.168.1.15 - - [21/May/2026:15:30:48 +0000] "PUT /blog/posts HTTP/1.1" 404 1448 "-" "Mozilla/5.0 (compatible; Googlebot/2.1; +http://www.google.com/bot.html)"
122.164.48.9 - - [21/May/2026:15:30:58 +0000] "GET /images/logo.png HTTP/1.1" 404 960 "-" "Mozilla/5.0 (X11; Linux x86_64; rv:109.0) Gecko/20100101 Firefox/119.0"
203.0.113.88 - - [21/May/2026:15:31:08 +0000] "POST /index.html HTTP/1.1" 200 20118 "-" "Mozilla/5.0 (X11; Linux x86_64; rv:109.0) Gecko/20100101 Firefox/119.0"
122.164.48.9 - - [21/May/2026:15:31:18 +0000] "GET /products/items HTTP/1.1" 304 627 "-" "Mozilla/5.0 (Macintosh; Intel Mac OS X 10_15_7) AppleWebKit/605.1.15 (KHTML, like Gecko) Version/17.2 Safari/605.1.15"
81.108.20.11 - - [21/May/2026:15:31:28 +0000] "PUT /blog/posts HTTP/1.1" 200 14623 "-" "Mozilla/5.0 (X11; Linux x86_64; rv:109.0) Gecko/20100101 Firefox/119.0"
122.164.48.9 - - [21/May/2026:15:31:38 +0000] "GET /index.html HTTP/1.1" 404 1199 "-" "Mozilla/5.0 (X11; Linux x86_64; rv:109.0) Gecko/20100101 Firefox/119.0"
89.248.167.15 - - [21/May/2026:15:31:48 +0000] "GET /static/../../etc/passwd HTTP/1.1" 400 71 "-" "Mozilla/5.0 (X11; Linux x86_64; rv:109.0) Gecko/20100101 Firefox/119.0"
89.248.167.15 - - [21/May/2026:15:31:58 +0000] "POST /js/main.js HTTP/1.1" 200 11243 "-" "Mozilla/5.0 (iPhone; CPU iPhone OS 17_1_1 like Mac OS X) AppleWebKit/605.1.15 (KHTML, like Gecko) Version/17.1 Mobile/15E148 Safari/604.1"
122.164.48.9 - - [21/May/2026:15:32:08 +0000] "GET /products/items HTTP/1.1" 200 10667 "-" "Mozilla/5.0 (Macintosh; Intel Mac OS X 10_15_7) AppleWebKit/605.1.15 (KHTML, like Gecko) Version/17.2 Safari/605.1.15"
203.0.113.88 - - [21/May/2026:15:32:18 +0000] "PUT /index.html HTTP/1.1" 200 9263 "-" "Mozilla/5.0 (compatible; Googlebot/2.1; +http://www.google.com/bot.html)"
103.22.200.41 - - [21/May/2026:15:32:28 +0000] "GET /.env HTTP/1.1" 404 1447 "-" "Mozilla/5.0 (compatible; Googlebot/2.1; +http://www.google.com/bot.html)"
203.0.113.88 - - [21/May/2026:15:32:38 +0000] "PUT /js/main.js HTTP/1.1" 200 23609 "-" "Mozilla/5.0 (Macintosh; Intel Mac OS X 10_15_7) AppleWebKit/605.1.15 (KHTML, like Gecko) Version/17.2 Safari/605.1.15"
81.108.20.11 - - [21/May/2026:15:32:48 +0000] "PUT /blog/posts HTTP/1.1" 200 24946 "-" "Mozilla/5.0 (iPhone; CPU iPhone OS 17_1_1 like Mac OS X) AppleWebKit/605.1.15 (KHTML, like Gecko) Version/17.1 Mobile/15E148 Safari/604.1"
192.168.1.15 - - [21/May/2026:15:32:58 +0000] "GET /api/v1/status HTTP/1.1" 304 820 "-" "Mozilla/5.0 (compatible; Googlebot/2.1; +http://www.google.com/bot.html)"
122.164.48.9 - - [21/May/2026:15:33:08 +0000] "GET /contact.html HTTP/1.1" 200 15433 "-" "Mozilla/5.0 (iPhone; CPU iPhone OS 17_1_1 like Mac OS X) AppleWebKit/605.1.15 (KHTML, like Gecko) Version/17.1 Mobile/15E148 Safari/604.1"
203.0.113.88 - - [21/May/2026:15:33:18 +0000] "POST /api/v1/status HTTP/1.1" 404 1149 "-" "Mozilla/5.0 (X11; Linux x86_64; rv:109.0) Gecko/20100101 Firefox/119.0"
203.0.113.88 - - [21/May/2026:15:33:28 +0000] "PUT /contact.html HTTP/1.1" 200 21106 "-" "Mozilla/5.0 (Macintosh; Intel Mac OS X 10_15_7) AppleWebKit/605.1.15 (KHTML, like Gecko) Version/17.2 Safari/605.1.15"
203.0.113.88 - - [21/May/2026:15:33:38 +0000] "GET /js/main.js HTTP/1.1" 200 15740 "-" "Mozilla/5.0 (Macintosh; Intel Mac OS X 10_15_7) AppleWebKit/605.1.15 (KHTML, like Gecko) Version/17.2 Safari/605.1.15"
81.108.20.11 - - [21/May/2026:15:33:48 +0000] "PUT /js/main.js HTTP/1.1" 200 4604 "-" "Mozilla/5.0 (X11; Linux x86_64; rv:109.0) Gecko/20100101 Firefox/119.0"
81.108.20.11 - - [21/May/2026:15:33:58 +0000] "GET /images/logo.png HTTP/1.1" 200 19158 "-" "Mozilla/5.0 (X11; Linux x86_64; rv:109.0) Gecko/20100101 Firefox/119.0"
192.168.1.15 - - [21/May/2026:15:34:08 +0000] "POST /about.html HTTP/1.1" 200 6753 "-" "Mozilla/5.0 (Macintosh; Intel Mac OS X 10_15_7) AppleWebKit/605.1.15 (KHTML, like Gecko) Version/17.2 Safari/605.1.15"
81.108.20.11 - - [21/May/2026:15:34:18 +0000] "POST /index.html HTTP/1.1" 200 4662 "-" "Mozilla/5.0 (X11; Linux x86_64; rv:109.0) Gecko/20100101 Firefox/119.0"
122.164.48.9 - - [21/May/2026:15:34:28 +0000] "GET /css/styles.css HTTP/1.1" 304 349 "-" "Mozilla/5.0 (Windows NT 10.0; Win64; x64) AppleWebKit/537.36 (KHTML, like Gecko) Chrome/120.0.0.0 Safari/537.36"
203.0.113.88 - - [21/May/2026:15:34:38 +0000] "POST /products/items HTTP/1.1" 200 11583 "-" "Mozilla/5.0 (Windows NT 10.0; Win64; x64) AppleWebKit/537.36 (KHTML, like Gecko) Chrome/120.0.0.0 Safari/537.36"
122.164.48.9 - - [21/May/2026:15:34:48 +0000] "GET /blog/posts HTTP/1.1" 200 22874 "-" "Mozilla/5.0 (Windows NT 10.0; Win64; x64) AppleWebKit/537.36 (KHTML, like Gecko) Chrome/120.0.0.0 Safari/537.36"
185.220.101.5 - - [21/May/2026:15:34:58 +0000] "GET /admin HTTP/1.1" 401 524 "-" "Mozilla/5.0 (iPhone; CPU iPhone OS 17_1_1 like Mac OS X) AppleWebKit/605.1.15 (KHTML, like Gecko) Version/17.1 Mobile/15E148 Safari/604.1"
81.108.20.11 - - [21/May/2026:15:35:08 +0000] "POST /api/v1/metrics HTTP/1.1" 200 3994 "-" "Mozilla/5.0 (iPhone; CPU iPhone OS 17_1_1 like Mac OS X) AppleWebKit/605.1.15 (KHTML, like Gecko) Version/17.1 Mobile/15E148 Safari/604.1"
122.164.48.9 - - [21/May/2026:15:35:18 +0000] "GET /contact.html HTTP/1.1" 304 1052 "-" "Mozilla/5.0 (Windows NT 10.0; Win64; x64) AppleWebKit/537.36 (KHTML, like Gecko) Chrome/120.0.0.0 Safari/537.36"
82.102.23.45 - - [21/May/2026:15:35:28 +0000] "GET /favicon.ico HTTP/1.1" 200 14531 "-" "Mozilla/5.0 (compatible; Googlebot/2.1; +http://www.google.com/bot.html)"
192.168.1.15 - - [21/May/2026:15:35:38 +0000] "POST /js/main.js HTTP/1.1" 304 198 "-" "Mozilla/5.0 (Macintosh; Intel Mac OS X 10_15_7) AppleWebKit/605.1.15 (KHTML, like Gecko) Version/17.2 Safari/605.1.15"
122.164.48.9 - - [21/May/2026:15:35:48 +0000] "GET /css/styles.css HTTP/1.1" 404 683 "-" "Mozilla/5.0 (Windows NT 10.0; Win64; x64) AppleWebKit/537.36 (KHTML, like Gecko) Chrome/120.0.0.0 Safari/537.36"
10.0.0.4 - - [21/May/2026:15:35:58 +0000] "POST /api/v1/metrics HTTP/1.1" 200 21597 "-" "Mozilla/5.0 (X11; Linux x86_64; rv:109.0) Gecko/20100101 Firefox/119.0"
203.0.113.88 - - [21/May/2026:15:36:08 +0000] "PUT /contact.html HTTP/1.1" 200 11557 "-" "Mozilla/5.0 (compatible; Googlebot/2.1; +http://www.google.com/bot.html)"
122.164.48.9 - - [21/May/2026:15:36:18 +0000] "GET /favicon.ico HTTP/1.1" 200 2506 "-" "Mozilla/5.0 (X11; Linux x86_64; rv:109.0) Gecko/20100101 Firefox/119.0"
81.108.20.11 - - [21/May/2026:15:36:28 +0000] "GET /blog/posts HTTP/1.1" 200 10310 "-" "Mozilla/5.0 (compatible; Googlebot/2.1; +http://www.google.com/bot.html)"
81.108.20.11 - - [21/May/2026:15:36:38 +0000] "GET /js/main.js HTTP/1.1" 200 17600 "-" "Mozilla/5.0 (X11; Linux x86_64; rv:109.0) Gecko/20100101 Firefox/119.0"
192.168.1.15 - - [21/May/2026:15:36:48 +0000] "POST /css/styles.css HTTP/1.1" 200 8640 "-" "Mozilla/5.0 (compatible; Googlebot/2.1; +http://www.google.com/bot.html)"
203.0.113.88 - - [21/May/2026:15:36:58 +0000] "POST /api/v1/status HTTP/1.1" 304 932 "-" "Mozilla/5.0 (Macintosh; Intel Mac OS X 10_15_7) AppleWebKit/605.1.15 (KHTML, like Gecko) Version/17.2 Safari/605.1.15"
122.164.48.9 - - [21/May/2026:15:37:08 +0000] "GET /blog/posts HTTP/1.1" 200 4542 "-" "Mozilla/5.0 (Macintosh; Intel Mac OS X 10_15_7) AppleWebKit/605.1.15 (KHTML, like Gecko) Version/17.2 Safari/605.1.15"
89.248.167.15 - - [21/May/2026:15:37:18 +0000] "GET /api/ping?host=127.0.0.1;%20whoami HTTP/1.1" 500 169 "-" "Mozilla/5.0 (iPhone; CPU iPhone OS 17_1_1 like Mac OS X) AppleWebKit/605.1.15 (KHTML, like Gecko) Version/17.1 Mobile/15E148 Safari/604.1"
89.248.167.15 - - [21/May/2026:15:37:28 +0000] "GET /phpmyadmin/index.php HTTP/1.1" 404 664 "-" "Mozilla/5.0 (compatible; Googlebot/2.1; +http://www.google.com/bot.html)"
81.108.20.11 - - [21/May/2026:15:37:38 +0000] "PUT /blog/posts HTTP/1.1" 200 4710 "-" "Mozilla/5.0 (Macintosh; Intel Mac OS X 10_15_7) AppleWebKit/605.1.15 (KHTML, like Gecko) Version/17.2 Safari/605.1.15"
89.248.167.15 - - [21/May/2026:15:37:48 +0000] "PUT /contact.html HTTP/1.1" 200 20114 "-" "Mozilla/5.0 (Windows NT 10.0; Win64; x64) AppleWebKit/537.36 (KHTML, like Gecko) Chrome/120.0.0.0 Safari/537.36"
203.0.113.88 - - [21/May/2026:15:37:58 +0000] "PUT /images/logo.png HTTP/1.1" 304 1223 "-" "Mozilla/5.0 (X11; Linux x86_64; rv:109.0) Gecko/20100101 Firefox/119.0"
81.108.20.11 - - [21/May/2026:15:38:08 +0000] "GET /blog/posts HTTP/1.1" 200 17849 "-" "Mozilla/5.0 (X11; Linux x86_64; rv:109.0) Gecko/20100101 Firefox/119.0"
190.12.87.54 - - [21/May/2026:15:38:18 +0000] "GET /css/styles.css HTTP/1.1" 200 24537 "-" "Mozilla/5.0 (compatible; Googlebot/2.1; +http://www.google.com/bot.html)"
203.0.113.88 - - [21/May/2026:15:38:28 +0000] "GET /about.html HTTP/1.1" 404 436 "-" "Mozilla/5.0 (X11; Linux x86_64; rv:109.0) Gecko/20100101 Firefox/119.0"
10.0.0.4 - - [21/May/2026:15:38:38 +0000] "GET /images/logo.png HTTP/1.1" 404 1055 "-" "Mozilla/5.0 (X11; Linux x86_64; rv:109.0) Gecko/20100101 Firefox/119.0"
203.0.113.88 - - [21/May/2026:15:38:48 +0000] "PUT /api/v1/status HTTP/1.1" 200 2409 "-" "Mozilla/5.0 (iPhone; CPU iPhone OS 17_1_1 like Mac OS X) AppleWebKit/605.1.15 (KHTML, like Gecko) Version/17.1 Mobile/15E148 Safari/604.1"
192.168.1.15 - - [21/May/2026:15:38:58 +0000] "PUT /products/items HTTP/1.1" 304 1196 "-" "Mozilla/5.0 (Windows NT 10.0; Win64; x64) AppleWebKit/537.36 (KHTML, like Gecko) Chrome/120.0.0.0 Safari/537.36"
203.0.113.88 - - [21/May/2026:15:39:08 +0000] "GET /contact.html HTTP/1.1" 200 14875 "-" "Mozilla/5.0 (compatible; Googlebot/2.1; +http://www.google.com/bot.html)"
89.248.167.15 - - [21/May/2026:15:39:18 +0000] "GET /contact.html HTTP/1.1" 200 9037 "-" "Mozilla/5.0 (Windows NT 10.0; Win64; x64) AppleWebKit/537.36 (KHTML, like Gecko) Chrome/120.0.0.0 Safari/537.36"
198.51.100.12 - - [21/May/2026:15:39:28 +0000] "POST /index.html HTTP/1.1" 304 666 "-" "Mozilla/5.0 (X11; Linux x86_64; rv:109.0) Gecko/20100101 Firefox/119.0"
203.0.113.88 - - [21/May/2026:15:39:38 +0000] "GET /contact.html HTTP/1.1" 200 5913 "-" "Mozilla/5.0 (compatible; Googlebot/2.1; +http://www.google.com/bot.html)"
89.248.167.15 - - [21/May/2026:15:39:48 +0000] "GET /js/main.js HTTP/1.1" 304 371 "-" "Mozilla/5.0 (X11; Linux x86_64; rv:109.0) Gecko/20100101 Firefox/119.0"
190.12.87.54 - - [21/May/2026:15:39:58 +0000] "GET /cgi-bin/test.sh?cmd=cat%20/etc/hosts HTTP/1.1" 500 635 "-" "Mozilla/5.0 (Macintosh; Intel Mac OS X 10_15_7) AppleWebKit/605.1.15 (KHTML, like Gecko) Version/17.2 Safari/605.1.15"
203.0.113.88 - - [21/May/2026:15:40:08 +0000] "GET /blog/posts HTTP/1.1" 200 8453 "-" "Mozilla/5.0 (Macintosh; Intel Mac OS X 10_15_7) AppleWebKit/605.1.15 (KHTML, like Gecko) Version/17.2 Safari/605.1.15"
203.0.113.88 - - [21/May/2026:15:40:18 +0000] "GET /api/v1/metrics HTTP/1.1" 200 24774 "-" "Mozilla/5.0 (X11; Linux x86_64; rv:109.0) Gecko/20100101 Firefox/119.0"
81.108.20.11 - - [21/May/2026:15:40:28 +0000] "GET /blog/posts HTTP/1.1" 200 6523 "-" "Mozilla/5.0 (Macintosh; Intel Mac OS X 10_15_7) AppleWebKit/605.1.15 (KHTML, like Gecko) Version/17.2 Safari/605.1.15"
10.0.0.4 - - [21/May/2026:15:40:38 +0000] "GET /products/items HTTP/1.1" 200 6514 "-" "Mozilla/5.0 (Macintosh; Intel Mac OS X 10_15_7) AppleWebKit/605.1.15 (KHTML, like Gecko) Version/17.2 Safari/605.1.15"
89.248.167.15 - - [21/May/2026:15:40:48 +0000] "GET /cgi-bin/test.sh?cmd=cat%20/etc/hosts HTTP/1.1" 500 343 "-" "Mozilla/5.0 (iPhone; CPU iPhone OS 17_1_1 like Mac OS X) AppleWebKit/605.1.15 (KHTML, like Gecko) Version/17.1 Mobile/15E148 Safari/604.1"
192.168.1.15 - - [21/May/2026:15:40:58 +0000] "GET /about.html HTTP/1.1" 304 1442 "-" "Mozilla/5.0 (iPhone; CPU iPhone OS 17_1_1 like Mac OS X) AppleWebKit/605.1.15 (KHTML, like Gecko) Version/17.1 Mobile/15E148 Safari/604.1"
192.168.1.15 - - [21/May/2026:15:41:08 +0000] "POST /images/logo.png HTTP/1.1" 200 21789 "-" "Mozilla/5.0 (iPhone; CPU iPhone OS 17_1_1 like Mac OS X) AppleWebKit/605.1.15 (KHTML, like Gecko) Version/17.1 Mobile/15E148 Safari/604.1"
81.108.20.11 - - [21/May/2026:15:41:18 +0000] "GET /index.html HTTP/1.1" 200 15764 "-" "Mozilla/5.0 (iPhone; CPU iPhone OS 17_1_1 like Mac OS X) AppleWebKit/605.1.15 (KHTML, like Gecko) Version/17.1 Mobile/15E148 Safari/604.1"
203.0.113.88 - - [21/May/2026:15:41:28 +0000] "POST /about.html HTTP/1.1" 200 9577 "-" "Mozilla/5.0 (Macintosh; Intel Mac OS X 10_15_7) AppleWebKit/605.1.15 (KHTML, like Gecko) Version/17.2 Safari/605.1.15"
192.168.1.15 - - [21/May/2026:15:41:38 +0000] "POST /products/items HTTP/1.1" 404 452 "-" "Mozilla/5.0 (compatible; Googlebot/2.1; +http://www.google.com/bot.html)"
203.0.113.88 - - [21/May/2026:15:41:48 +0000] "PUT /css/styles.css HTTP/1.1" 200 19391 "-" "Mozilla/5.0 (Windows NT 10.0; Win64; x64) AppleWebKit/537.36 (KHTML, like Gecko) Chrome/120.0.0.0 Safari/537.36"
81.108.20.11 - - [21/May/2026:15:41:58 +0000] "GET /js/main.js HTTP/1.1" 200 18546 "-" "Mozilla/5.0 (X11; Linux x86_64; rv:109.0) Gecko/20100101 Firefox/119.0"
89.248.167.15 - - [21/May/2026:15:42:08 +0000] "GET /api/v1/metrics HTTP/1.1" 404 437 "-" "Mozilla/5.0 (compatible; Googlebot/2.1; +http://www.google.com/bot.html)"
203.0.113.88 - - [21/May/2026:15:42:18 +0000] "POST /index.html HTTP/1.1" 200 5139 "-" "Mozilla/5.0 (Macintosh; Intel Mac OS X 10_15_7) AppleWebKit/605.1.15 (KHTML, like Gecko) Version/17.2 Safari/605.1.15"
89.248.167.15 - - [21/May/2026:15:42:28 +0000] "GET /.env HTTP/1.1" 404 665 "-" "Mozilla/5.0 (Macintosh; Intel Mac OS X 10_15_7) AppleWebKit/605.1.15 (KHTML, like Gecko) Version/17.2 Safari/605.1.15"
203.0.113.88 - - [21/May/2026:15:42:38 +0000] "POST /api/v1/status HTTP/1.1" 404 992 "-" "Mozilla/5.0 (iPhone; CPU iPhone OS 17_1_1 like Mac OS X) AppleWebKit/605.1.15 (KHTML, like Gecko) Version/17.1 Mobile/15E148 Safari/604.1"
122.164.48.9 - - [21/May/2026:15:42:48 +0000] "GET /favicon.ico HTTP/1.1" 200 12809 "-" "Mozilla/5.0 (Macintosh; Intel Mac OS X 10_15_7) AppleWebKit/605.1.15 (KHTML, like Gecko) Version/17.2 Safari/605.1.15"
81.108.20.11 - - [21/May/2026:15:42:58 +0000] "GET /images/logo.png HTTP/1.1" 404 625 "-" "Mozilla/5.0 (Windows NT 10.0; Win64; x64) AppleWebKit/537.36 (KHTML, like Gecko) Chrome/120.0.0.0 Safari/537.36"
203.0.113.88 - - [21/May/2026:15:43:08 +0000] "GET /products/items HTTP/1.1" 304 360 "-" "Mozilla/5.0 (iPhone; CPU iPhone OS 17_1_1 like Mac OS X) AppleWebKit/605.1.15 (KHTML, like Gecko) Version/17.1 Mobile/15E148 Safari/604.1"
81.108.20.11 - - [21/May/2026:15:43:18 +0000] "PUT /index.html HTTP/1.1" 200 5751 "-" "Mozilla/5.0 (X11; Linux x86_64; rv:109.0) Gecko/20100101 Firefox/119.0"
91.220.43.12 - - [21/May/2026:15:43:28 +0000] "GET /admin HTTP/1.1" 401 245 "-" "Mozilla/5.0 (compatible; Googlebot/2.1; +http://www.google.com/bot.html)"
122.164.48.9 - - [21/May/2026:15:43:38 +0000] "GET /images/logo.png HTTP/1.1" 200 2668 "-" "Mozilla/5.0 (X11; Linux x86_64; rv:109.0) Gecko/20100101 Firefox/119.0"
192.168.1.15 - - [21/May/2026:15:43:48 +0000] "PUT /products/items HTTP/1.1" 200 10381 "-" "Mozilla/5.0 (Macintosh; Intel Mac OS X 10_15_7) AppleWebKit/605.1.15 (KHTML, like Gecko) Version/17.2 Safari/605.1.15"
192.168.1.15 - - [21/May/2026:15:43:58 +0000] "GET /js/main.js HTTP/1.1" 200 16907 "-" "Mozilla/5.0 (Windows NT 10.0; Win64; x64) AppleWebKit/537.36 (KHTML, like Gecko) Chrome/120.0.0.0 Safari/537.36"
81.108.20.11 - - [21/May/2026:15:44:08 +0000] "GET /images/logo.png HTTP/1.1" 404 254 "-" "Mozilla/5.0 (Macintosh; Intel Mac OS X 10_15_7) AppleWebKit/605.1.15 (KHTML, like Gecko) Version/17.2 Safari/605.1.15"
10.0.0.4 - - [21/May/2026:15:44:18 +0000] "GET /products/items HTTP/1.1" 404 269 "-" "Mozilla/5.0 (X11; Linux x86_64; rv:109.0) Gecko/20100101 Firefox/119.0"
122.164.48.9 - - [21/May/2026:15:44:28 +0000] "GET /api/v1/metrics HTTP/1.1" 200 16343 "-" "Mozilla/5.0 (Macintosh; Intel Mac OS X 10_15_7) AppleWebKit/605.1.15 (KHTML, like Gecko) Version/17.2 Safari/605.1.15"
122.164.48.9 - - [21/May/2026:15:44:38 +0000] "GET /api/v1/status HTTP/1.1" 200 11610 "-" "Mozilla/5.0 (iPhone; CPU iPhone OS 17_1_1 like Mac OS X) AppleWebKit/605.1.15 (KHTML, like Gecko) Version/17.1 Mobile/15E148 Safari/604.1"
81.108.20.11 - - [21/May/2026:15:44:48 +0000] "GET /js/main.js HTTP/1.1" 200 10313 "-" "Mozilla/5.0 (Macintosh; Intel Mac OS X 10_15_7) AppleWebKit/605.1.15 (KHTML, like Gecko) Version/17.2 Safari/605.1.15"
89.248.167.15 - - [21/May/2026:15:44:58 +0000] "GET /files/download?file=..%2f..%2f..%2fwindows%2fwin.ini HTTP/1.1" 400 279 "-" "Mozilla/5.0 (compatible; Googlebot/2.1; +http://www.google.com/bot.html)"
192.168.1.15 - - [21/May/2026:15:45:08 +0000] "PUT /index.html HTTP/1.1" 200 20961 "-" "Mozilla/5.0 (iPhone; CPU iPhone OS 17_1_1 like Mac OS X) AppleWebKit/605.1.15 (KHTML, like Gecko) Version/17.1 Mobile/15E148 Safari/604.1"
203.0.113.88 - - [21/May/2026:15:45:18 +0000] "GET /api/v1/status HTTP/1.1" 200 15976 "-" "Mozilla/5.0 (Windows NT 10.0; Win64; x64) AppleWebKit/537.36 (KHTML, like Gecko) Chrome/120.0.0.0 Safari/537.36"
203.0.113.88 - - [21/May/2026:15:45:28 +0000] "GET /index.html HTTP/1.1" 200 18699 "-" "Mozilla/5.0 (Windows NT 10.0; Win64; x64) AppleWebKit/537.36 (KHTML, like Gecko) Chrome/120.0.0.0 Safari/537.36"
103.22.200.41 - - [21/May/2026:15:45:38 +0000] "GET /wp-login.php HTTP/1.1" 404 878 "-" "Mozilla/5.0 (compatible; Googlebot/2.1; +http://www.google.com/bot.html)"
103.22.200.41 - - [21/May/2026:15:45:48 +0000] "GET /wp-login.php HTTP/1.1" 404 567 "-" "Mozilla/5.0 (Macintosh; Intel Mac OS X 10_15_7) AppleWebKit/605.1.15 (KHTML, like Gecko) Version/17.2 Safari/605.1.15"
81.108.20.11 - - [21/May/2026:15:45:58 +0000] "GET /about.html HTTP/1.1" 200 2352 "-" "Mozilla/5.0 (compatible; Googlebot/2.1; +http://www.google.com/bot.html)"
192.168.1.15 - - [21/May/2026:15:46:08 +0000] "PUT /favicon.ico HTTP/1.1" 200 4544 "-" "Mozilla/5.0 (iPhone; CPU iPhone OS 17_1_1 like Mac OS X) AppleWebKit/605.1.15 (KHTML, like Gecko) Version/17.1 Mobile/15E148 Safari/604.1"
103.22.200.41 - - [21/May/2026:15:46:18 +0000] "GET /images/logo.png HTTP/1.1" 200 11759 "-" "Mozilla/5.0 (X11; Linux x86_64; rv:109.0) Gecko/20100101 Firefox/119.0"
122.164.48.9 - - [21/May/2026:15:46:28 +0000] "GET /images/logo.png HTTP/1.1" 304 118 "-" "Mozilla/5.0 (iPhone; CPU iPhone OS 17_1_1 like Mac OS X) AppleWebKit/605.1.15 (KHTML, like Gecko) Version/17.1 Mobile/15E148 Safari/604.1"
203.0.113.88 - - [21/May/2026:15:46:38 +0000] "GET /css/styles.css HTTP/1.1" 200 17513 "-" "Mozilla/5.0 (compatible; Googlebot/2.1; +http://www.google.com/bot.html)"
203.0.113.88 - - [21/May/2026:15:46:48 +0000] "POST /about.html HTTP/1.1" 200 8088 "-" "Mozilla/5.0 (compatible; Googlebot/2.1; +http://www.google.com/bot.html)"
190.12.87.54 - - [21/May/2026:15:46:58 +0000] "POST /js/main.js HTTP/1.1" 200 20798 "-" "Mozilla/5.0 (iPhone; CPU iPhone OS 17_1_1 like Mac OS X) AppleWebKit/605.1.15 (KHTML, like Gecko) Version/17.1 Mobile/15E148 Safari/604.1"
203.0.113.88 - - [21/May/2026:15:47:08 +0000] "PUT /js/main.js HTTP/1.1" 200 11263 "-" "Mozilla/5.0 (compatible; Googlebot/2.1; +http://www.google.com/bot.html)"
81.108.20.11 - - [21/May/2026:15:47:18 +0000] "GET /api/v1/metrics HTTP/1.1" 404 603 "-" "Mozilla/5.0 (compatible; Googlebot/2.1; +http://www.google.com/bot.html)"
103.22.200.41 - - [21/May/2026:15:47:28 +0000] "GET /cgi-bin/test.sh?cmd=cat%20/etc/hosts HTTP/1.1" 500 298 "-" "Mozilla/5.0 (X11; Linux x86_64; rv:109.0) Gecko/20100101 Firefox/119.0"
10.0.0.4 - - [21/May/2026:15:47:38 +0000] "POST /api/v1/status HTTP/1.1" 200 10331 "-" "Mozilla/5.0 (iPhone; CPU iPhone OS 17_1_1 like Mac OS X) AppleWebKit/605.1.15 (KHTML, like Gecko) Version/17.1 Mobile/15E148 Safari/604.1"
122.164.48.9 - - [21/May/2026:15:47:48 +0000] "GET /contact.html HTTP/1.1" 200 9940 "-" "Mozilla/5.0 (iPhone; CPU iPhone OS 17_1_1 like Mac OS X) AppleWebKit/605.1.15 (KHTML, like Gecko) Version/17.1 Mobile/15E148 Safari/604.1"
192.168.1.15 - - [21/May/2026:15:47:58 +0000] "GET /about.html HTTP/1.1" 200 13831 "-" "Mozilla/5.0 (compatible; Googlebot/2.1; +http://www.google.com/bot.html)"
122.164.48.9 - - [21/May/2026:15:48:08 +0000] "GET /css/styles.css HTTP/1.1" 200 10126 "-" "Mozilla/5.0 (Macintosh; Intel Mac OS X 10_15_7) AppleWebKit/605.1.15 (KHTML, like Gecko) Version/17.2 Safari/605.1.15"
10.0.0.4 - - [21/May/2026:15:48:18 +0000] "GET /js/main.js HTTP/1.1" 200 11138 "-" "Mozilla/5.0 (iPhone; CPU iPhone OS 17_1_1 like Mac OS X) AppleWebKit/605.1.15 (KHTML, like Gecko) Version/17.1 Mobile/15E148 Safari/604.1"
198.51.100.12 - - [21/May/2026:15:48:28 +0000] "GET /admin HTTP/1.1" 401 1061 "-" "Mozilla/5.0 (compatible; Googlebot/2.1; +http://www.google.com/bot.html)"
103.22.200.41 - - [21/May/2026:15:48:38 +0000] "GET /phpmyadmin/index.php HTTP/1.1" 404 206 "-" "Mozilla/5.0 (Windows NT 10.0; Win64; x64) AppleWebKit/537.36 (KHTML, like Gecko) Chrome/120.0.0.0 Safari/537.36"
122.164.48.9 - - [21/May/2026:15:48:48 +0000] "POST /about.html HTTP/1.1" 200 8711 "-" "Mozilla/5.0 (compatible; Googlebot/2.1; +http://www.google.com/bot.html)"
91.220.43.12 - - [21/May/2026:15:48:58 +0000] "GET /api/users?id=1%20UNION%20SELECT%20NULL,username,password%20FROM%20users-- HTTP/1.1" 500 469 "-" "Mozilla/5.0 (compatible; Googlebot/2.1; +http://www.google.com/bot.html)"
10.0.0.4 - - [21/May/2026:15:49:08 +0000] "GET /blog/posts HTTP/1.1" 200 16260 "-" "Mozilla/5.0 (compatible; Googlebot/2.1; +http://www.google.com/bot.html)"
192.168.1.15 - - [21/May/2026:15:49:18 +0000] "POST /js/main.js HTTP/1.1" 304 411 "-" "Mozilla/5.0 (Windows NT 10.0; Win64; x64) AppleWebKit/537.36 (KHTML, like Gecko) Chrome/120.0.0.0 Safari/537.36"
203.0.113.88 - - [21/May/2026:15:49:28 +0000] "GET /api/v1/metrics HTTP/1.1" 404 602 "-" "Mozilla/5.0 (X11; Linux x86_64; rv:109.0) Gecko/20100101 Firefox/119.0"
81.108.20.11 - - [21/May/2026:15:49:38 +0000] "GET /api/v1/metrics HTTP/1.1" 304 1495 "-" "Mozilla/5.0 (Windows NT 10.0; Win64; x64) AppleWebKit/537.36 (KHTML, like Gecko) Chrome/120.0.0.0 Safari/537.36"
89.248.167.15 - - [21/May/2026:15:49:48 +0000] "POST /products/items HTTP/1.1" 200 10068 "-" "Mozilla/5.0 (X11; Linux x86_64; rv:109.0) Gecko/20100101 Firefox/119.0"
82.102.23.45 - - [21/May/2026:15:49:58 +0000] "GET /cgi-bin/test.sh?cmd=cat%20/etc/hosts HTTP/1.1" 500 1414 "-" "Mozilla/5.0 (X11; Linux x86_64; rv:109.0) Gecko/20100101 Firefox/119.0"
81.108.20.11 - - [21/May/2026:15:50:08 +0000] "PUT /blog/posts HTTP/1.1" 304 1043 "-" "Mozilla/5.0 (Macintosh; Intel Mac OS X 10_15_7) AppleWebKit/605.1.15 (KHTML, like Gecko) Version/17.2 Safari/605.1.15"
203.0.113.88 - - [21/May/2026:15:50:18 +0000] "GET /blog/posts HTTP/1.1" 200 23751 "-" "Mozilla/5.0 (iPhone; CPU iPhone OS 17_1_1 like Mac OS X) AppleWebKit/605.1.15 (KHTML, like Gecko) Version/17.1 Mobile/15E148 Safari/604.1"
203.0.113.88 - - [21/May/2026:15:50:28 +0000] "POST /contact.html HTTP/1.1" 200 9779 "-" "Mozilla/5.0 (iPhone; CPU iPhone OS 17_1_1 like Mac OS X) AppleWebKit/605.1.15 (KHTML, like Gecko) Version/17.1 Mobile/15E148 Safari/604.1"
81.108.20.11 - - [21/May/2026:15:50:38 +0000] "PUT /index.html HTTP/1.1" 304 17 "-" "Mozilla/5.0 (iPhone; CPU iPhone OS 17_1_1 like Mac OS X) AppleWebKit/605.1.15 (KHTML, like Gecko) Version/17.1 Mobile/15E148 Safari/604.1"
81.108.20.11 - - [21/May/2026:15:50:48 +0000] "GET /index.html HTTP/1.1" 200 8545 "-" "Mozilla/5.0 (X11; Linux x86_64; rv:109.0) Gecko/20100101 Firefox/119.0"
192.168.1.15 - - [21/May/2026:15:50:58 +0000] "PUT /about.html HTTP/1.1" 404 893 "-" "Mozilla/5.0 (Macintosh; Intel Mac OS X 10_15_7) AppleWebKit/605.1.15 (KHTML, like Gecko) Version/17.2 Safari/605.1.15"
203.0.113.88 - - [21/May/2026:15:51:08 +0000] "GET /blog/posts HTTP/1.1" 200 18550 "-" "Mozilla/5.0 (Macintosh; Intel Mac OS X 10_15_7) AppleWebKit/605.1.15 (KHTML, like Gecko) Version/17.2 Safari/605.1.15"
190.12.87.54 - - [21/May/2026:15:51:18 +0000] "PUT /contact.html HTTP/1.1" 404 121 "-" "Mozilla/5.0 (iPhone; CPU iPhone OS 17_1_1 like Mac OS X) AppleWebKit/605.1.15 (KHTML, like Gecko) Version/17.1 Mobile/15E148 Safari/604.1"
81.108.20.11 - - [21/May/2026:15:51:28 +0000] "GET /products/items HTTP/1.1" 200 11625 "-" "Mozilla/5.0 (Windows NT 10.0; Win64; x64) AppleWebKit/537.36 (KHTML, like Gecko) Chrome/120.0.0.0 Safari/537.36"
122.164.48.9 - - [21/May/2026:15:51:38 +0000] "GET /js/main.js HTTP/1.1" 200 19533 "-" "Mozilla/5.0 (compatible; Googlebot/2.1; +http://www.google.com/bot.html)"
82.102.23.45 - - [21/May/2026:15:51:48 +0000] "GET /blog/posts HTTP/1.1" 304 1270 "-" "Mozilla/5.0 (Macintosh; Intel Mac OS X 10_15_7) AppleWebKit/605.1.15 (KHTML, like Gecko) Version/17.2 Safari/605.1.15"
122.164.48.9 - - [21/May/2026:15:51:58 +0000] "PUT /blog/posts HTTP/1.1" 404 734 "-" "Mozilla/5.0 (Windows NT 10.0; Win64; x64) AppleWebKit/537.36 (KHTML, like Gecko) Chrome/120.0.0.0 Safari/537.36"
192.168.1.15 - - [21/May/2026:15:52:08 +0000] "GET /blog/posts HTTP/1.1" 304 1437 "-" "Mozilla/5.0 (compatible; Googlebot/2.1; +http://www.google.com/bot.html)"
192.168.1.15 - - [21/May/2026:15:52:18 +0000] "PUT /js/main.js HTTP/1.1" 200 17543 "-" "Mozilla/5.0 (compatible; Googlebot/2.1; +http://www.google.com/bot.html)"
103.22.200.41 - - [21/May/2026:15:52:28 +0000] "GET /files/download?file=..%2f..%2f..%2fwindows%2fwin.ini HTTP/1.1" 400 219 "-" "Mozilla/5.0 (Windows NT 10.0; Win64; x64) AppleWebKit/537.36 (KHTML, like Gecko) Chrome/120.0.0.0 Safari/537.36"
89.248.167.15 - - [21/May/2026:15:52:38 +0000] "GET /favicon.ico HTTP/1.1" 404 442 "-" "Mozilla/5.0 (compatible; Googlebot/2.1; +http://www.google.com/bot.html)"
10.0.0.4 - - [21/May/2026:15:52:48 +0000] "PUT /index.html HTTP/1.1" 304 562 "-" "Mozilla/5.0 (X11; Linux x86_64; rv:109.0) Gecko/20100101 Firefox/119.0"
198.51.100.12 - - [21/May/2026:15:52:58 +0000] "GET /files/download?file=..%2f..%2f..%2fwindows%2fwin.ini HTTP/1.1" 400 941 "-" "Mozilla/5.0 (Windows NT 10.0; Win64; x64) AppleWebKit/537.36 (KHTML, like Gecko) Chrome/120.0.0.0 Safari/537.36"
103.22.200.41 - - [21/May/2026:15:53:08 +0000] "GET /api/v1/status HTTP/1.1" 200 2721 "-" "Mozilla/5.0 (iPhone; CPU iPhone OS 17_1_1 like Mac OS X) AppleWebKit/605.1.15 (KHTML, like Gecko) Version/17.1 Mobile/15E148 Safari/604.1"
91.220.43.12 - - [21/May/2026:15:53:18 +0000] "PUT /about.html HTTP/1.1" 200 18326 "-" "Mozilla/5.0 (iPhone; CPU iPhone OS 17_1_1 like Mac OS X) AppleWebKit/605.1.15 (KHTML, like Gecko) Version/17.1 Mobile/15E148 Safari/604.1"
81.108.20.11 - - [21/May/2026:15:53:28 +0000] "PUT /contact.html HTTP/1.1" 304 618 "-" "Mozilla/5.0 (Windows NT 10.0; Win64; x64) AppleWebKit/537.36 (KHTML, like Gecko) Chrome/120.0.0.0 Safari/537.36"
122.164.48.9 - - [21/May/2026:15:53:38 +0000] "GET /css/styles.css HTTP/1.1" 200 22247 "-" "Mozilla/5.0 (compatible; Googlebot/2.1; +http://www.google.com/bot.html)"
81.108.20.11 - - [21/May/2026:15:53:48 +0000] "GET /products/items HTTP/1.1" 304 1233 "-" "Mozilla/5.0 (Macintosh; Intel Mac OS X 10_15_7) AppleWebKit/605.1.15 (KHTML, like Gecko) Version/17.2 Safari/605.1.15"
203.0.113.88 - - [21/May/2026:15:53:58 +0000] "GET /images/logo.png HTTP/1.1" 304 558 "-" "Mozilla/5.0 (iPhone; CPU iPhone OS 17_1_1 like Mac OS X) AppleWebKit/605.1.15 (KHTML, like Gecko) Version/17.1 Mobile/15E148 Safari/604.1"
122.164.48.9 - - [21/May/2026:15:54:08 +0000] "PUT /blog/posts HTTP/1.1" 200 12341 "-" "Mozilla/5.0 (compatible; Googlebot/2.1; +http://www.google.com/bot.html)"
203.0.113.88 - - [21/May/2026:15:54:18 +0000] "GET /blog/posts HTTP/1.1" 200 23653 "-" "Mozilla/5.0 (compatible; Googlebot/2.1; +http://www.google.com/bot.html)"
81.108.20.11 - - [21/May/2026:15:54:28 +0000] "GET /index.html HTTP/1.1" 200 5283 "-" "Mozilla/5.0 (X11; Linux x86_64; rv:109.0) Gecko/20100101 Firefox/119.0"
122.164.48.9 - - [21/May/2026:15:54:38 +0000] "GET /contact.html HTTP/1.1" 304 835 "-" "Mozilla/5.0 (X11; Linux x86_64; rv:109.0) Gecko/20100101 Firefox/119.0"
192.168.1.15 - - [21/May/2026:15:54:48 +0000] "PUT /api/v1/metrics HTTP/1.1" 404 439 "-" "Mozilla/5.0 (compatible; Googlebot/2.1; +http://www.google.com/bot.html)"
198.51.100.12 - - [21/May/2026:15:54:58 +0000] "POST /login?user=admin%27%20OR%201=1-- HTTP/1.1" 200 2852 "-" "Mozilla/5.0 (iPhone; CPU iPhone OS 17_1_1 like Mac OS X) AppleWebKit/605.1.15 (KHTML, like Gecko) Version/17.1 Mobile/15E148 Safari/604.1"
203.0.113.88 - - [21/May/2026:15:55:08 +0000] "POST /css/styles.css HTTP/1.1" 200 5764 "-" "Mozilla/5.0 (compatible; Googlebot/2.1; +http://www.google.com/bot.html)"
