89.248.167.15 - - [21/May/2026:13:05:38 +0000] "GET /products/items HTTP/1.1" 404 961 "-" "Mozilla/5.0 (Macintosh; Intel Mac OS X 10_15_7) AppleWebKit/605.1.15 (KHTML, like Gecko) Version/17.2 Safari/605.1.15"
81.108.20.11 - - [21/May/2026:13:05:48 +0000] "PUT /products/items HTTP/1.1" 200 24357 "-" "Mozilla/5.0 (Macintosh; Intel Mac OS X 10_15_7) AppleWebKit/605.1.15 (KHTML, like Gecko) Version/17.2 Safari/605.1.15"
192.168.1.15 - - [21/May/2026:13:05:58 +0000] "GET /api/v1/metrics HTTP/1.1" 404 1274 "-" "Mozilla/5.0 (iPhone; CPU iPhone OS 17_1_1 like Mac OS X) AppleWebKit/605.1.15 (KHTML, like Gecko) Version/17.1 Mobile/15E148 Safari/604.1"
82.102.23.45 - - [21/May/2026:13:06:08 +0000] "GET /contact.html HTTP/1.1" 200 13469 "-" "Mozilla/5.0 (Windows NT 10.0; Win64; x64) AppleWebKit/537.36 (KHTML, like Gecko) Chrome/120.0.0.0 Safari/537.36"
192.168.1.15 - - [21/May/2026:13:06:18 +0000] "POST /api/v1/status HTTP/1.1" 404 1358 "-" "Mozilla/5.0 (Windows NT 10.0; Win64; x64) AppleWebKit/537.36 (KHTML, like Gecko) Chrome/120.0.0.0 Safari/537.36"
122.164.48.9 - - [21/May/2026:13:06:28 +0000] "GET /images/logo.png HTTP/1.1" 200 9525 "-" "Mozilla/5.0 (compatible; Googlebot/2.1; +http://www.google.com/bot.html)"
82.102.23.45 - - [21/May/2026:13:06:38 +0000] "GET /phpmyadmin/index.php HTTP/1.1" 404 641 "-" "Mozilla/5.0 (iPhone; CPU iPhone OS 17_1_1 like Mac OS X) AppleWebKit/605.1.15 (KHTML, like Gecko) Version/17.1 Mobile/15E148 Safari/604.1"
10.0.0.4 - - [21/May/2026:13:06:48 +0000] "PUT /js/main.js HTTP/1.1" 404 10 "-" "Mozilla/5.0 (compatible; Googlebot/2.1; +http://www.google.com/bot.html)"
103.22.200.41 - - [21/May/2026:13:06:58 +0000] "POST /api/v1/status HTTP/1.1" 200 12599 "-" "Mozilla/5.0 (X11; Linux x86_64; rv:109.0) Gecko/20100101 Firefox/119.0"
203.0.113.88 - - [21/May/2026:13:07:08 +0000] "GET /about.html HTTP/1.1" 200 16458 "-" "Mozilla/5.0 (X11; Linux x86_64; rv:109.0) Gecko/20100101 Firefox/119.0"
203.0.113.88 - - [21/May/2026:13:07:18 +0000] "GET /api/v1/status HTTP/1.1" 200 23168 "-" "Mozilla/5.0 (Macintosh; Intel Mac OS X 10_15_7) AppleWebKit/605.1.15 (KHTML, like Gecko) Version/17.2 Safari/605.1.15"
190.12.87.54 - - [21/May/2026:13:07:28 +0000] "GET /phpmyadmin/index.php HTTP/1.1" 404 1102 "-" "Mozilla/5.0 (iPhone; CPU iPhone OS 17_1_1 like Mac OS X) AppleWebKit/605.1.15 (KHTML, like Gecko) Version/17.1 Mobile/15E148 Safari/604.1"
203.0.113.88 - - [21/May/2026:13:07:38 +0000] "GET /blog/posts HTTP/1.1" 404 1160 "-" "Mozilla/5.0 (X11; Linux x86_64; rv:109.0) Gecko/20100101 Firefox/119.0"
192.168.1.15 - - [21/May/2026:13:07:48 +0000] "GET /api/v1/status HTTP/1.1" 200 15913 "-" "Mozilla/5.0 (Macintosh; Intel Mac OS X 10_15_7) AppleWebKit/605.1.15 (KHTML, like Gecko) Version/17.2 Safari/605.1.15"
122.164.48.9 - - [21/May/2026:13:07:58 +0000] "POST /js/main.js HTTP/1.1" 200 3494 "-" "Mozilla/5.0 (X11; Linux x86_64; rv:109.0) Gecko/20100101 Firefox/119.0"
192.168.1.15 - - [21/May/2026:13:08:08 +0000] "GET /api/v1/metrics HTTP/1.1" 200 5362 "-" "Mozilla/5.0 (X11; Linux x86_64; rv:109.0) Gecko/20100101 Firefox/119.0"
82.102.23.45 - - [21/May/2026:13:08:18 +0000] "GET /files/download?file=..%2f..%2f..%2fwindows%2fwin.ini HTTP/1.1" 400 1429 "-" "Mozilla/5.0 (X11; Linux x86_64; rv:109.0) Gecko/20100101 Firefox/119.0"
10.0.0.4 - - [21/May/2026:13:08:28 +0000] "GET /js/main.js HTTP/1.1" 304 1353 "-" "Mozilla/5.0 (Macintosh; Intel Mac OS X 10_15_7) AppleWebKit/605.1.15 (KHTML, like Gecko) Version/17.2 Safari/605.1.15"
81.108.20.11 - - [21/May/2026:13:08:38 +0000] "GET /css/styles.css HTTP/1.1" 404 90 "-" "Mozilla/5.0 (Windows NT 10.0; Win64; x64) AppleWebKit/537.36 (KHTML, like Gecko) Chrome/120.0.0.0 Safari/537.36"
203.0.113.88 - - [21/May/2026:13:08:48 +0000] "GET /api/v1/metrics HTTP/1.1" 404 584 "-" "Mozilla/5.0 (iPhone; CPU iPhone OS 17_1_1 like Mac OS X) AppleWebKit/605.1.15 (KHTML, like Gecko) Version/17.1 Mobile/15E148 Safari/604.1"
81.108.20.11 - - [21/May/2026:13:08:58 +0000] "POST /favicon.ico HTTP/1.1" 200 18046 "-" "Mozilla/5.0 (iPhone; CPU iPhone OS 17_1_1 like Mac OS X) AppleWebKit/605.1.15 (KHTML, like Gecko) Version/17.1 Mobile/15E148 Safari/604.1"
192.168.1.15 - - [21/May/2026:13:09:08 +0000] "GET /favicon.ico HTTP/1.1" 304 1174 "-" "Mozilla/5.0 (iPhone; CPU iPhone OS 17_1_1 like Mac OS X) AppleWebKit/605.1.15 (KHTML, like Gecko) Version/17.1 Mobile/15E148 Safari/604.1"
82.102.23.45 - - [21/May/2026:13:09:18 +0000] "GET /css/styles.css HTTP/1.1" 404 1451 "-" "Mozilla/5.0 (Windows NT 10.0; Win64; x64) AppleWebKit/537.36 (KHTML, like Gecko) Chrome/120.0.0.0 Safari/537.36"
82.102.23.45 - - [21/May/2026:13:09:28 +0000] "POST /images/logo.png HTTP/1.1" 200 17990 "-" "Mozilla/5.0 (compatible; Googlebot/2.1; +http://www.google.com/bot.html)"
10.0.0.4 - - [21/May/2026:13:09:38 +0000] "GET /products/items HTTP/1.1" 304 408 "-" "Mozilla/5.0 (compatible; Googlebot/2.1; +http://www.google.com/bot.html)"
10.0.0.4 - - [21/May/2026:13:09:48 +0000] "GET /blog/posts HTTP/1.1" 200 15032 "-" "Mozilla/5.0 (X11; Linux x86_64; rv:109.0) Gecko/20100101 Firefox/119.0"
91.220.43.12 - - [21/May/2026:13:09:58 +0000] "GET /.env HTTP/1.1" 404 205 "-" "Mozilla/5.0 (compatible; Googlebot/2.1; +http://www.google.com/bot.html)"
122.164.48.9 - - [21/May/2026:13:10:08 +0000] "POST /products/items HTTP/1.1" 200 17484 "-" "Mozilla/5.0 (iPhone; CPU iPhone OS 17_1_1 like Mac OS X) AppleWebKit/605.1.15 (KHTML, like Gecko) Version/17.1 Mobile/15E148 Safari/604.1"
10.0.0.4 - - [21/May/2026:13:10:18 +0000] "GET /blog/posts HTTP/1.1" 404 1023 "-" "Mozilla/5.0 (iPhone; CPU iPhone OS 17_1_1 like Mac OS X) AppleWebKit/605.1.15 (KHTML, like Gecko) Version/17.1 Mobile/15E148 Safari/604.1"
185.220.101.5 - - [21/May/2026:13:10:28 +0000] "GET /js/main.js HTTP/1.1" 200 9895 "-" "Mozilla/5.0 (Macintosh; Intel Mac OS X 10_15_7) AppleWebKit/605.1.15 (KHTML, like Gecko) Version/17.2 Safari/605.1.15"
192.168.1.15 - - [21/May/2026:13:10:38 +0000] "GET /favicon.ico HTTP/1.1" 304 78 "-" "Mozilla/5.0 (Macintosh; Intel Mac OS X 10_15_7) AppleWebKit/605.1.15 (KHTML, like Gecko) Version/17.2 Safari/605.1.15"
198.51.100.12 - - [21/May/2026:13:10:48 +0000] "GET /api/users?id=1%20UNION%20SELECT%20NULL,username,password%20FROM%20users-- HTTP/1.1" 500 544 "-" "Mozilla/5.0 (compatible; Googlebot/2.1; +http://www.google.com/bot.html)"
192.168.1.15 - - [21/May/2026:13:10:58 +0000] "POST /products/items HTTP/1.1" 200 23376 "-" "Mozilla/5.0 (compatible; Googlebot/2.1; +http://www.google.com/bot.html)"
192.168.1.15 - - [21/May/2026:13:11:08 +0000] "GET /js/main.js HTTP/1.1" 200 3059 "-" "Mozilla/5.0 (X11; Linux x86_64; rv:109.0) Gecko/20100101 Firefox/119.0"
81.108.20.11 - - [21/May/2026:13:11:18 +0000] "POST /contact.html HTTP/1.1" 200 307 "-" "Mozilla/5.0 (iPhone; CPU iPhone OS 17_1_1 like Mac OS X) AppleWebKit/605.1.15 (KHTML, like Gecko) Version/17.1 Mobile/15E148 Safari/604.1"
10.0.0.4 - - [21/May/2026:13:11:28 +0000] "GET /about.html HTTP/1.1" 200 15584 "-" "Mozilla/5.0 (X11; Linux x86_64; rv:109.0) Gecko/20100101 Firefox/119.0"
198.51.100.12 - - [21/May/2026:13:11:38 +0000] "POST /login?user=admin%27%20OR%201=1-- HTTP/1.1" 200 5136 "-" "Mozilla/5.0 (iPhone; CPU iPhone OS 17_1_1 like Mac OS X) AppleWebKit/605.1.15 (KHTML, like Gecko) Version/17.1 Mobile/15E148 Safari/604.1"
122.164.48.9 - - [21/May/2026:13:11:48 +0000] "PUT /favicon.ico HTTP/1.1" 200 2125 "-" "Mozilla/5.0 (Macintosh; Intel Mac OS X 10_15_7) AppleWebKit/605.1.15 (KHTML, like Gecko) Version/17.2 Safari/605.1.15"
81.108.20.11 - - [21/May/2026:13:11:58 +0000] "PUT /favicon.ico HTTP/1.1" 200 15588 "-" "Mozilla/5.0 (iPhone; CPU iPhone OS 17_1_1 like Mac OS X) AppleWebKit/605.1.15 (KHTML, like Gecko) Version/17.1 Mobile/15E148 Safari/604.1"
192.168.1.15 - - [21/May/2026:13:12:08 +0000] "GET /css/styles.css HTTP/1.1" 304 221 "-" "Mozilla/5.0 (X11; Linux x86_64; rv:109.0) Gecko/20100101 Firefox/119.0"
89.248.167.15 - - [21/May/2026:13:12:18 +0000] "GET /.env HTTP/1.1" 404 893 "-" "Mozilla/5.0 (Macintosh; Intel Mac OS X 10_15_7) AppleWebKit/605.1.15 (KHTML, like Gecko) Version/17.2 Safari/605.1.15"
185.220.101.5 - - [21/May/2026:13:12:28 +0000] "GET /wp-login.php HTTP/1.1" 404 1033 "-" "Mozilla/5.0 (Macintosh; Intel Mac OS X 10_15_7) AppleWebKit/605.1.15 (KHTML, like Gecko) Version/17.2 Safari/605.1.15"
203.0.113.88 - - [21/May/2026:13:12:38 +0000] "GET /favicon.ico HTTP/1.1" 304 1422 "-" "Mozilla/5.0 (iPhone; CPU iPhone OS 17_1_1 like Mac OS X) AppleWebKit/605.1.15 (KHTML, like Gecko) Version/17.1 Mobile/15E148 Safari/604.1"
190.12.87.54 - - [21/May/2026:13:12:48 +0000] "GET /css/styles.css HTTP/1.1" 304 616 "-" "Mozilla/5.0 (Macintosh; Intel Mac OS X 10_15_7) AppleWebKit/605.1.15 (KHTML, like Gecko) Version/17.2 Safari/605.1.15"
192.168.1.15 - - [21/May/2026:13:12:58 +0000] "GET /blog/posts HTTP/1.1" 304 639 "-" "Mozilla/5.0 (Windows NT 10.0; Win64; x64) AppleWebKit/537.36 (KHTML, like Gecko) Chrome/120.0.0.0 Safari/537.36"
82.102.23.45 - - [21/May/2026:13:13:08 +0000] "PUT /favicon.ico HTTP/1.1" 200 24198 "-" "Mozilla/5.0 (Windows NT 10.0; Win64; x64) AppleWebKit/537.36 (KHTML, like Gecko) Chrome/120.0.0.0 Safari/537.36"
10.0.0.4 - - [21/May/2026:13:13:18 +0000] "GET /css/styles.css HTTP/1.1" 200 19213 "-" "Mozilla/5.0 (iPhone; CPU iPhone OS 17_1_1 like Mac OS X) AppleWebKit/605.1.15 (KHTML, like Gecko) Version/17.1 Mobile/15E148 Safari/604.1"
122.164.48.9 - - [21/May/2026:13:13:28 +0000] "GET /index.html HTTP/1.1" 304 859 "-" "Mozilla/5.0 (Windows NT 10.0; Win64; x64) AppleWebKit/537.36 (KHTML, like Gecko) Chrome/120.0.0.0 Safari/537.36"
81.108.20.11 - - [21/May/2026:13:13:38 +0000] "GET /css/styles.css HTTP/1.1" 200 24009 "-" "Mozilla/5.0 (Windows NT 10.0; Win64; x64) AppleWebKit/537.36 (KHTML, like Gecko) Chrome/120.0.0.0 Safari/537.36"
10.0.0.4 - - [21/May/2026:13:13:48 +0000] "PUT /api/v1/metrics HTTP/1.1" 404 1444 "-" "Mozilla/5.0 (Macintosh; Intel Mac OS X 10_15_7) AppleWebKit/605.1.15 (KHTML, like Gecko) Version/17.2 Safari/605.1.15"
192.168.1.15 - - [21/May/2026:13:13:58 +0000] "POST /products/items HTTP/1.1" 304 315 "-" "Mozilla/5.0 (Macintosh; Intel Mac OS X 10_15_7) AppleWebKit/605.1.15 (KHTML, like Gecko) Version/17.2 Safari/605.1.15"
10.0.0.4 - - [21/May/2026:13:14:08 +0000] "GET /blog/posts HTTP/1.1" 200 5103 "-" "Mozilla/5.0 (compatible; Googlebot/2.1; +http://www.google.com/bot.html)"
10.0.0.4 - - [21/May/2026:13:14:18 +0000] "PUT /js/main.js HTTP/1.1" 200 4307 "-" "Mozilla/5.0 (iPhone; CPU iPhone OS 17_1_1 like Mac OS X) AppleWebKit/605.1.15 (KHTML, like Gecko) Version/17.1 Mobile/15E148 Safari/604.1"
10.0.0.4 - - [21/May/2026:13:14:28 +0000] "POST /api/v1/metrics HTTP/1.1" 404 640 "-" "Mozilla/5.0 (X11; Linux x86_64; rv:109.0) Gecko/20100101 Firefox/119.0"
81.108.20.11 - - [21/May/2026:13:14:38 +0000] "POST /api/v1/metrics HTTP/1.1" 200 15098 "-" "Mozilla/5.0 (X11; Linux x86_64; rv:109.0) Gecko/20100101 Firefox/119.0"
91.220.43.12 - - [21/May/2026:13:14:48 +0000] "POST /contact.html HTTP/1.1" 200 22020 "-" "Mozilla/5.0 (compatible; Googlebot/2.1; +http://www.google.com/bot.html)"
103.22.200.41 - - [21/May/2026:13:14:58 +0000] "GET /api/ping?host=127.0.0.1;%20whoami HTTP/1.1" 500 967 "-" "Mozilla/5.0 (X11; Linux x86_64; rv:109.0) Gecko/20100101 Firefox/119.0"
192.168.1.15 - - [21/May/2026:13:15:08 +0000] "POST /api/v1/status HTTP/1.1" 200 11637 "-" "Mozilla/5.0 (X11; Linux x86_64; rv:109.0) Gecko/20100101 Firefox/119.0"
10.0.0.4 - - [21/May/2026:13:15:18 +0000] "GET /favicon.ico HTTP/1.1" 304 709 "-" "Mozilla/5.0 (iPhone; CPU iPhone OS 17_1_1 like Mac OS X) AppleWebKit/605.1.15 (KHTML, like Gecko) Version/17.1 Mobile/15E148 Safari/604.1"
81.108.20.11 - - [21/May/2026:13:15:28 +0000] "GET /js/main.js HTTP/1.1" 200 16524 "-" "Mozilla/5.0 (X11; Linux x86_64; rv:109.0) Gecko/20100101 Firefox/119.0"
190.12.87.54 - - [21/May/2026:13:15:38 +0000] "GET /wp-login.php HTTP/1.1" 404 1201 "-" "Mozilla/5.0 (X11; Linux x86_64; rv:109.0) Gecko/20100101 Firefox/119.0"
10.0.0.4 - - [21/May/2026:13:15:48 +0000] "PUT /products/items HTTP/1.1" 304 108 "-" "Mozilla/5.0 (X11; Linux x86_64; rv:109.0) Gecko/20100101 Firefox/119.0"
203.0.113.88 - - [21/May/2026:13:15:58 +0000] "GET /js/main.js HTTP/1.1" 200 12603 "-" "Mozilla/5.0 (Macintosh; Intel Mac OS X 10_15_7) AppleWebKit/605.1.15 (KHTML, like Gecko) Version/17.2 Safari/605.1.15"
81.108.20.11 - - [21/May/2026:13:16:08 +0000] "POST /favicon.ico HTTP/1.1" 304 724 "-" "Mozilla/5.0 (Macintosh; Intel Mac OS X 10_15_7) AppleWebKit/605.1.15 (KHTML, like Gecko) Version/17.2 Safari/605.1.15"
10.0.0.4 - - [21/May/2026:13:16:18 +0000] "POST /contact.html HTTP/1.1" 200 20199 "-" "Mozilla/5.0 (Windows NT 10.0; Win64; x64) AppleWebKit/537.36 (KHTML, like Gecko) Chrome/120.0.0.0 Safari/537.36"
192.168.1.15 - - [21/May/2026:13:16:28 +0000] "GET /favicon.ico HTTP/1.1" 200 12108 "-" "Mozilla/5.0 (Macintosh; Intel Mac OS X 10_15_7) AppleWebKit/605.1.15 (KHTML, like Gecko) Version/17.2 Safari/605.1.15"
203.0.113.88 - - [21/May/2026:13:16:38 +0000] "GET /images/logo.png HTTP/1.1" 200 16777 "-" "Mozilla/5.0 (X11; Linux x86_64; rv:109.0) Gecko/20100101 Firefox/119.0"
192.168.1.15 - - [21/May/2026:13:16:48 +0000] "PUT /css/styles.css HTTP/1.1" 304 480 "-" "Mozilla/5.0 (compatible; Googlebot/2.1; +http://www.google.com/bot.html)"
190.12.87.54 - - [21/May/2026:13:16:58 +0000] "GET /api/users?id=1%20UNION%20SELECT%20NULL,username,password%20FROM%20users-- HTTP/1.1" 500 999 "-" "Mozilla/5.0 (compatible; Googlebot/2.1; +http://www.google.com/bot.html)"
10.0.0.4 - - [21/May/2026:13:17:08 +0000] "GET /api/v1/status HTTP/1.1" 200 22977 "-" "Mozilla/5.0 (Macintosh; Intel Mac OS X 10_15_7) AppleWebKit/605.1.15 (KHTML, like Gecko) Version/17.2 Safari/605.1.15"
192.168.1.15 - - [21/May/2026:13:17:18 +0000] "GET /products/items HTTP/1.1" 404 1090 "-" "Mozilla/5.0 (Windows NT 10.0; Win64; x64) AppleWebKit/537.36 (KHTML, like Gecko) Chrome/120.0.0.0 Safari/537.36"
89.248.167.15 - - [21/May/2026:13:17:28 +0000] "GET /.env HTTP/1.1" 404 933 "-" "Mozilla/5.0 (Macintosh; Intel Mac OS X 10_15_7) AppleWebKit/605.1.15 (KHTML, like Gecko) Version/17.2 Safari/605.1.15"
122.164.48.9 - - [21/May/2026:13:17:38 +0000] "PUT /images/logo.png HTTP/1.1" 200 8559 "-" "Mozilla/5.0 (X11; Linux x86_64; rv:109.0) Gecko/20100101 Firefox/119.0"
122.164.48.9 - - [21/May/2026:13:17:48 +0000] "GET /products/items HTTP/1.1" 304 254 "-" "Mozilla/5.0 (iPhone; CPU iPhone OS 17_1_1 like Mac OS X) AppleWebKit/605.1.15 (KHTML, like Gecko) Version/17.1 Mobile/15E148 Safari/604.1"
103.22.200.41 - - [21/May/2026:13:17:58 +0000] "GET /phpmyadmin/index.php HTTP/1.1" 404 559 "-" "Mozilla/5.0 (iPhone; CPU iPhone OS 17_1_1 like Mac OS X) AppleWebKit/605.1.15 (KHTML, like Gecko) Version/17.1 Mobile/15E148 Safari/604.1"
198.51.100.12 - - [21/May/2026:13:18:08 +0000] "GET /css/styles.css HTTP/1.1" 404 1480 "-" "Mozilla/5.0 (iPhone; CPU iPhone OS 17_1_1 like Mac OS X) AppleWebKit/605.1.15 (KHTML, like Gecko) Version/17.1 Mobile/15E148 Safari/604.1"
192.168.1.15 - - [21/May/2026:13:18:18 +0000] "GET /api/v1/metrics HTTP/1.1" 200 1542 "-" "Mozilla/5.0 (compatible; Googlebot/2.1; +http://www.google.com/bot.html)"
203.0.113.88 - - [21/May/2026:13:18:28 +0000] "GET /contact.html HTTP/1.1" 200 11897 "-" "Mozilla/5.0 (iPhone; CPU iPhone OS 17_1_1 like Mac OS X) AppleWebKit/605.1.15 (KHTML, like Gecko) Version/17.1 Mobile/15E148 Safari/604.1"
81.108.20.11 - - [21/May/2026:13:18:38 +0000] "GET /products/items HTTP/1.1" 200 12875 "-" "Mozilla/5.0 (Macintosh; Intel Mac OS X 10_15_7) AppleWebKit/605.1.15 (KHTML, like Gecko) Version/17.2 Safari/605.1.15"
81.108.20.11 - - [21/May/2026:13:18:48 +0000] "GET /css/styles.css HTTP/1.1" 404 338 "-" "Mozilla/5.0 (Macintosh; Intel Mac OS X 10_15_7) AppleWebKit/605.1.15 (KHTML, like Gecko) Version/17.2 Safari/605.1.15"
81.108.20.11 - - [21/May/2026:13:18:58 +0000] "GET /blog/posts HTTP/1.1" 200 3341 "-" "Mozilla/5.0 (iPhone; CPU iPhone OS 17_1_1 like Mac OS X) AppleWebKit/605.1.15 (KHTML, like Gecko) Version/17.1 Mobile/15E148 Safari/604.1"
192.168.1.15 - - [21/May/2026:13:19:08 +0000] "POST /css/styles.css HTTP/1.1" 200 8900 "-" "Mozilla/5.0 (Macintosh; Intel Mac OS X 10_15_7) AppleWebKit/605.1.15 (KHTML, like Gecko) Version/17.2 Safari/605.1.15"
190.12.87.54 - - [21/May/2026:13:19:18 +0000] "GET /about.html HTTP/1.1" 200 2997 "-" "Mozilla/5.0 (iPhone; CPU iPhone OS 17_1_1 like Mac OS X) AppleWebKit/605.1.15 (KHTML, like Gecko) Version/17.1 Mobile/15E148 Safari/604.1"
122.164.48.9 - - [21/May/2026:13:19:28 +0000] "GET /blog/posts HTTP/1.1" 404 509 "-" "Mozilla/5.0 (X11; Linux x86_64; rv:109.0) Gecko/20100101 Firefox/119.0"
81.108.20.11 - - [21/May/2026:13:19:38 +0000] "GET /blog/posts HTTP/1.1" 200 14483 "-" "Mozilla/5.0 (compatible; Googlebot/2.1; +http://www.google.com/bot.html)"
185.220.101.5 - - [21/May/2026:13:19:48 +0000] "GET /wp-login.php HTTP/1.1" 404 931 "-" "Mozilla/5.0 (iPhone; CPU iPhone OS 17_1_1 like Mac OS X) AppleWebKit/605.1.15 (KHTML, like Gecko) Version/17.1 Mobile/15E148 Safari/604.1"
89.248.167.15 - - [21/May/2026:13:19:58 +0000] "POST /login?user=admin%27%20OR%201=1-- HTTP/1.1" 200 1300 "-" "Mozilla/5.0 (Macintosh; Intel Mac OS X 10_15_7) AppleWebKit/605.1.15 (KHTML, like Gecko) Version/17.2 Safari/605.1.15"
81.108.20.11 - - [21/May/2026:13:20:08 +0000] "GET /products/items HTTP/1.1" 200 24907 "-" "Mozilla/5.0 (compatible; Googlebot/2.1; +http://www.google.com/bot.html)"
203.0.113.88 - - [21/May/2026:13:20:18 +0000] "GET /contact.html HTTP/1.1" 404 432 "-" "Mozilla/5.0 (Windows NT 10.0; Win64; x64) AppleWebKit/537.36 (KHTML, like Gecko) Chrome/120.0.0.0 Safari/537.36"
203.0.113.88 - - [21/May/2026:13:20:28 +0000] "POST /css/styles.css HTTP/1.1" 200 24175 "-" "Mozilla/5.0 (Macintosh; Intel Mac OS X 10_15_7) AppleWebKit/605.1.15 (KHTML, like Gecko) Version/17.2 Safari/605.1.15"
192.168.1.15 - - [21/May/2026:13:20:38 +0000] "GET /contact.html HTTP/1.1" 200 2130 "-" "Mozilla/5.0 (compatible; Googlebot/2.1; +http://www.google.com/bot.html)"
203.0.113.88 - - [21/May/2026:13:20:48 +0000] "PUT /js/main.js HTTP/1.1" 200 14358 "-" "Mozilla/5.0 (Macintosh; Intel Mac OS X 10_15_7) AppleWebKit/605.1.15 (KHTML, like Gecko) Version/17.2 Safari/605.1.15"
185.220.101.5 - - [21/May/2026:13:20:58 +0000] "PUT /images/logo.png HTTP/1.1" 200 6611 "-" "Mozilla/5.0 (iPhone; CPU iPhone OS 17_1_1 like Mac OS X) AppleWebKit/605.1.15 (KHTML, like Gecko) Version/17.1 Mobile/15E148 Safari/604.1"
81.108.20.11 - - [21/May/2026:13:21:08 +0000] "POST /images/logo.png HTTP/1.1" 200 16851 "-" "Mozilla/5.0 (X11; Linux x86_64; rv:109.0) Gecko/20100101 Firefox/119.0"
192.168.1.15 - - [21/May/2026:13:21:18 +0000] "GET /index.html HTTP/1.1" 304 1164 "-" "Mozilla/5.0 (X11; Linux x86_64; rv:109.0) Gecko/20100101 Firefox/119.0"
122.164.48.9 - - [21/May/2026:13:21:28 +0000] "POST /about.html HTTP/1.1" 200 1934 "-" "Mozilla/5.0 (Macintosh; Intel Mac OS X 10_15_7) AppleWebKit/605.1.15 (KHTML, like Gecko) Version/17.2 Safari/605.1.15"
81.108.20.11 - - [21/May/2026:13:21:38 +0000] "GET /contact.html HTTP/1.1" 200 10061 "-" "Mozilla/5.0 (iPhone; CPU iPhone OS 17_1_1 like Mac OS X) AppleWebKit/605.1.15 (KHTML, like Gecko) Version/17.1 Mobile/15E148 Safari/604.1"
122.164.48.9 - - [21/May/2026:13:21:48 +0000] "GET /js/main.js HTTP/1.1" 404 324 "-" "Mozilla/5.0 (Windows NT 10.0; Win64; x64) AppleWebKit/537.36 (KHTML, like Gecko) Chrome/120.0.0.0 Safari/537.36"
122.164.48.9 - - [21/May/2026:13:21:58 +0000] "GET /js/main.js HTTP/1.1" 404 508 "-" "Mozilla/5.0 (X11; Linux x86_64; rv:109.0) Gecko/20100101 Firefox/119.0"
190.12.87.54 - - [21/May/2026:13:22:08 +0000] "GET /.env HTTP/1.1" 404 109 "-" "Mozilla/5.0 (X11; Linux x86_64; rv:109.0) Gecko/20100101 Firefox/119.0"
10.0.0.4 - - [21/May/2026:13:22:18 +0000] "POST /contact.html HTTP/1.1" 200 4125 "-" "Mozilla/5.0 (Macintosh; Intel Mac OS X 10_15_7) AppleWebKit/605.1.15 (KHTML, like Gecko) Version/17.2 Safari/605.1.15"
89.248.167.15 - - [21/May/2026:13:22:28 +0000] "GET /.env HTTP/1.1" 404 488 "-" "Mozilla/5.0 (iPhone; CPU iPhone OS 17_1_1 like Mac OS X) AppleWebKit/605.1.15 (KHTML, like Gecko) Version/17.1 Mobile/15E148 Safari/604.1"
81.108.20.11 - - [21/May/2026:13:22:38 +0000] "GET /about.html HTTP/1.1" 200 20929 "-" "Mozilla/5.0 (Macintosh; Intel Mac OS X 10_15_7) AppleWebKit/605.1.15 (KHTML, like Gecko) Version/17.2 Safari/605.1.15"
103.22.200.41 - - [21/May/2026:13:22:48 +0000] "GET /contact.html HTTP/1.1" 404 1439 "-" "Mozilla/5.0 (iPhone; CPU iPhone OS 17_1_1 like Mac OS X) AppleWebKit/605.1.15 (KHTML, like Gecko) Version/17.1 Mobile/15E148 Safari/604.1"
192.168.1.15 - - [21/May/2026:13:22:58 +0000] "PUT /index.html HTTP/1.1" 200 15177 "-" "Mozilla/5.0 (X11; Linux x86_64; rv:109.0) Gecko/20100101 Firefox/119.0"
81.108.20.11 - - [21/May/2026:13:23:08 +0000] "GET /index.html HTTP/1.1" 200 20481 "-" "Mozilla/5.0 (Macintosh; Intel Mac OS X 10_15_7) AppleWebKit/605.1.15 (KHTML, like Gecko) Version/17.2 Safari/605.1.15"
203.0.113.88 - - [21/May/2026:13:23:18 +0000] "GET /favicon.ico HTTP/1.1" 200 6265 "-" "Mozilla/5.0 (Macintosh; Intel Mac OS X 10_15_7) AppleWebKit/605.1.15 (KHTML, like Gecko) Version/17.2 Safari/605.1.15"
122.164.48.9 - - [21/May/2026:13:23:28 +0000] "PUT /api/v1/status HTTP/1.1" 304 1286 "-" "Mozilla/5.0 (Macintosh; Intel Mac OS X 10_15_7) AppleWebKit/605.1.15 (KHTML, like Gecko) Version/17.2 Safari/605.1.15"
122.164.48.9 - - [21/May/2026:13:23:38 +0000] "POST /css/styles.css HTTP/1.1" 304 114 "-" "Mozilla/5.0 (Macintosh; Intel Mac OS X 10_15_7) AppleWebKit/605.1.15 (KHTML, like Gecko) Version/17.2 Safari/605.1.15"
203.0.113.88 - - [21/May/2026:13:23:48 +0000] "GET /favicon.ico HTTP/1.1" 200 1425 "-" "Mozilla/5.0 (Windows NT 10.0; Win64; x64) AppleWebKit/537.36 (KHTML, like Gecko) Chrome/120.0.0.0 Safari/537.36"
82.102.23.45 - - [21/May/2026:13:23:58 +0000] "GET /cgi-bin/test.sh?cmd=cat%20/etc/hosts HTTP/1.1" 500 707 "-" "Mozilla/5.0 (compatible; Googlebot/2.1; +http://www.google.com/bot.html)"
185.220.101.5 - - [21/May/2026:13:24:08 +0000] "POST /products/items HTTP/1.1" 200 13519 "-" "Mozilla/5.0 (iPhone; CPU iPhone OS 17_1_1 like Mac OS X) AppleWebKit/605.1.15 (KHTML, like Gecko) Version/17.1 Mobile/15E148 Safari/604.1"
10.0.0.4 - - [21/May/2026:13:24:18 +0000] "POST /blog/posts HTTP/1.1" 404 856 "-" "Mozilla/5.0 (compatible; Googlebot/2.1; +http://www.google.com/bot.html)"
122.164.48.9 - - [21/May/2026:13:24:28 +0000] "POST /products/items HTTP/1.1" 200 5704 "-" "Mozilla/5.0 (Macintosh; Intel Mac OS X 10_15_7) AppleWebKit/605.1.15 (KHTML, like Gecko) Version/17.2 Safari/605.1.15"
122.164.48.9 - - [21/May/2026:13:24:38 +0000] "POST /blog/posts HTTP/1.1" 304 1265 "-" "Mozilla/5.0 (Macintosh; Intel Mac OS X 10_15_7) AppleWebKit/605.1.15 (KHTML, like Gecko) Version/17.2 Safari/605.1.15"
192.168.1.15 - - [21/May/2026:13:24:48 +0000] "PUT /images/logo.png HTTP/1.1" 200 12371 "-" "Mozilla/5.0 (Windows NT 10.0; Win64; x64) AppleWebKit/537.36 (KHTML, like Gecko) Chrome/120.0.0.0 Safari/537.36"
190.12.87.54 - - [21/May/2026:13:24:58 +0000] "GET /static/../../etc/passwd HTTP/1.1" 400 722 "-" "Mozilla/5.0 (Windows NT 10.0; Win64; x64) AppleWebKit/537.36 (KHTML, like Gecko) Chrome/120.0.0.0 Safari/537.36"
203.0.113.88 - - [21/May/2026:13:25:08 +0000] "GET /api/v1/metrics HTTP/1.1" 200 6383 "-" "Mozilla/5.0 (Macintosh; Intel Mac OS X 10_15_7) AppleWebKit/605.1.15 (KHTML, like Gecko) Version/17.2 Safari/605.1.15"
198.51.100.12 - - [21/May/2026:13:25:18 +0000] "POST /login?user=admin%27%20OR%201=1-- HTTP/1.1" 200 15972 "-" "Mozilla/5.0 (Windows NT 10.0; Win64; x64) AppleWebKit/537.36 (KHTML, like Gecko) Chrome/120.0.0.0 Safari/537.36"
122.164.48.9 - - [21/May/2026:13:25:28 +0000] "GET /products/items HTTP/1.1" 200 1945 "-" "Mozilla/5.0 (Windows NT 10.0; Win64; x64) AppleWebKit/537.36 (KHTML, like Gecko) Chrome/120.0.0.0 Safari/537.36"
185.220.101.5 - - [21/May/2026:13:25:38 +0000] "POST /favicon.ico HTTP/1.1" 404 515 "-" "Mozilla/5.0 (Windows NT 10.0; Win64; x64) AppleWebKit/537.36 (KHTML, like Gecko) Chrome/120.0.0.0 Safari/537.36"
192.168.1.15 - - [21/May/2026:13:25:48 +0000] "GET /contact.html HTTP/1.1" 200 12007 "-" "Mozilla/5.0 (iPhone; CPU iPhone OS 17_1_1 like Mac OS X) AppleWebKit/605.1.15 (KHTML, like Gecko) Version/17.1 Mobile/15E148 Safari/604.1"
82.102.23.45 - - [21/May/2026:13:25:58 +0000] "GET /wp-login.php HTTP/1.1" 404 1439 "-" "Mozilla/5.0 (Windows NT 10.0; Win64; x64) AppleWebKit/537.36 (KHTML, like Gecko) Chrome/120.0.0.0 Safari/537.36"
203.0.113.88 - - [21/May/2026:13:26:08 +0000] "POST /css/styles.css HTTP/1.1" 304 190 "-" "Mozilla/5.0 (Macintosh; Intel Mac OS X 10_15_7) AppleWebKit/605.1.15 (KHTML, like Gecko) Version/17.2 Safari/605.1.15"
81.108.20.11 - - [21/May/2026:13:26:18 +0000] "GET /favicon.ico HTTP/1.1" 200 14500 "-" "Mozilla/5.0 (Windows NT 10.0; Win64; x64) AppleWebKit/537.36 (KHTML, like Gecko) Chrome/120.0.0.0 Safari/537.36"
82.102.23.45 - - [21/May/2026:13:26:28 +0000] "PUT /about.html HTTP/1.1" 200 20844 "-" "Mozilla/5.0 (Macintosh; Intel Mac OS X 10_15_7) AppleWebKit/605.1.15 (KHTML, like Gecko) Version/17.2 Safari/605.1.15"
82.102.23.45 - - [21/May/2026:13:26:38 +0000] "GET /cgi-bin/test.sh?cmd=cat%20/etc/hosts HTTP/1.1" 500 1373 "-" "Mozilla/5.0 (Macintosh; Intel Mac OS X 10_15_7) AppleWebKit/605.1.15 (KHTML, like Gecko) Version/17.2 Safari/605.1.15"
192.168.1.15 - - [21/May/2026:13:26:48 +0000] "GET /images/logo.png HTTP/1.1" 404 177 "-" "Mozilla/5.0 (iPhone; CPU iPhone OS 17_1_1 like Mac OS X) AppleWebKit/605.1.15 (KHTML, like Gecko) Version/17.1 Mobile/15E148 Safari/604.1"
81.108.20.11 - - [21/May/2026:13:26:58 +0000] "GET /products/items HTTP/1.1" 404 1270 "-" "Mozilla/5.0 (compatible; Googlebot/2.1; +http://www.google.com/bot.html)"
91.220.43.12 - - [21/May/2026:13:27:08 +0000] "GET /api/users?id=1%20UNION%20SELECT%20NULL,username,password%20FROM%20users-- HTTP/1.1" 500 180 "-" "Mozilla/5.0 (compatible; Googlebot/2.1; +http://www.google.com/bot.html)"
122.164.48.9 - - [21/May/2026:13:27:18 +0000] "GET /products/items HTTP/1.1" 200 5928 "-" "Mozilla/5.0 (iPhone; CPU iPhone OS 17_1_1 like Mac OS X) AppleWebKit/605.1.15 (KHTML, like Gecko) Version/17.1 Mobile/15E148 Safari/604.1"
91.220.43.12 - - [21/May/2026:13:27:28 +0000] "GET /phpmyadmin/index.php HTTP/1.1" 404 280 "-" "Mozilla/5.0 (Windows NT 10.0; Win64; x64) AppleWebKit/537.36 (KHTML, like Gecko) Chrome/120.0.0.0 Safari/537.36"
10.0.0.4 - - [21/May/2026:13:27:38 +0000] "PUT /products/items HTTP/1.1" 200 4790 "-" "Mozilla/5.0 (iPhone; CPU iPhone OS 17_1_1 like Mac OS X) AppleWebKit/605.1.15 (KHTML, like Gecko) Version/17.1 Mobile/15E148 Safari/604.1"
192.168.1.15 - - [21/May/2026:13:27:48 +0000] "GET /images/logo.png HTTP/1.1" 304 581 "-" "Mozilla/5.0 (compatible; Googlebot/2.1; +http://www.google.com/bot.html)"
122.164.48.9 - - [21/May/2026:13:27:58 +0000] "GET /blog/posts HTTP/1.1" 200 13826 "-" "Mozilla/5.0 (iPhone; CPU iPhone OS 17_1_1 like Mac OS X) AppleWebKit/605.1.15 (KHTML, like Gecko) Version/17.1 Mobile/15E148 Safari/604.1"
122.164.48.9 - - [21/May/2026:13:28:08 +0000] "GET /contact.html HTTP/1.1" 304 995 "-" "Mozilla/5.0 (Windows NT 10.0; Win64; x64) AppleWebKit/537.36 (KHTML, like Gecko) Chrome/120.0.0.0 Safari/537.36"
81.108.20.11 - - [21/May/2026:13:28:18 +0000] "GET /css/styles.css HTTP/1.1" 200 14985 "-" "Mozilla/5.0 (compatible; Googlebot/2.1; +http://www.google.com/bot.html)"
203.0.113.88 - - [21/May/2026:13:28:28 +0000] "GET /index.html HTTP/1.1" 200 18249 "-" "Mozilla/5.0 (compatible; Googlebot/2.1; +http://www.google.com/bot.html)"
10.0.0.4 - - [21/May/2026:13:28:38 +0000] "POST /products/items HTTP/1.1" 200 3679 "-" "Mozilla/5.0 (Windows NT 10.0; Win64; x64) AppleWebKit/537.36 (KHTML, like Gecko) Chrome/120.0.0.0 Safari/537.36"
81.108.20.11 - - [21/May/2026:13:28:48 +0000] "GET /favicon.ico HTTP/1.1" 200 10287 "-" "Mozilla/5.0 (compatible; Googlebot/2.1; +http://www.google.com/bot.html)"
91.220.43.12 - - [21/May/2026:13:28:58 +0000] "GET /favicon.ico HTTP/1.1" 404 221 "-" "Mozilla/5.0 (compatible; Googlebot/2.1; +http://www.google.com/bot.html)"
10.0.0.4 - - [21/May/2026:13:29:08 +0000] "PUT /about.html HTTP/1.1" 404 810 "-" "Mozilla/5.0 (Macintosh; Intel Mac OS X 10_15_7) AppleWebKit/605.1.15 (KHTML, like Gecko) Version/17.2 Safari/605.1.15"
10.0.0.4 - - [21/May/2026:13:29:18 +0000] "GET /index.html HTTP/1.1" 200 12895 "-" "Mozilla/5.0 (compatible; Googlebot/2.1; +http://www.google.com/bot.html)"
82.102.23.45 - - [21/May/2026:13:29:28 +0000] "GET /phpmyadmin/index.php HTTP/1.1" 404 645 "-" "Mozilla/5.0 (Windows NT 10.0; Win64; x64) AppleWebKit/537.36 (KHTML, like Gecko) Chrome/120.0.0.0 Safari/537.36"
192.168.1.15 - - [21/May/2026:13:29:38 +0000] "GET /js/main.js HTTP/1.1" 304 1367 "-" "Mozilla/5.0 (X11; Linux x86_64; rv:109.0) Gecko/20100101 Firefox/119.0"
198.51.100.12 - - [21/May/2026:13:29:48 +0000] "POST /login?user=admin%27%20OR%201=1-- HTTP/1.1" 200 8082 "-" "Mozilla/5.0 (compatible; Googlebot/2.1; +http://www.google.com/bot.html)"
185.220.101.5 - - [21/May/2026:13:29:58 +0000] "GET /static/../../etc/passwd HTTP/1.1" 400 801 "-" "Mozilla/5.0 (X11; Linux x86_64; rv:109.0) Gecko/20100101 Firefox/119.0"
185.220.101.5 - - [21/May/2026:13:30:08 +0000] "GET /static/../../etc/passwd HTTP/1.1" 400 381 "-" "Mozilla/5.0 (Macintosh; Intel Mac OS X 10_15_7) AppleWebKit/605.1.15 (KHTML, like Gecko) Version/17.2 Safari/605.1.15"
122.164.48.9 - - [21/May/2026:13:30:18 +0000] "GET /about.html HTTP/1.1" 200 7012 "-" "Mozilla/5.0 (X11; Linux x86_64; rv:109.0) Gecko/20100101 Firefox/119.0"
81.108.20.11 - - [21/May/2026:13:30:28 +0000] "GET /api/v1/status HTTP/1.1" 304 684 "-" "Mozilla/5.0 (compatible; Googlebot/2.1; +http://www.google.com/bot.html)"
122.164.48.9 - - [21/May/2026:13:30:38 +0000] "GET /blog/posts HTTP/1.1" 200 6681 "-" "Mozilla/5.0 (compatible; Googlebot/2.1; +http://www.google.com/bot.html)"
122.164.48.9 - - [21/May/2026:13:30:48 +0000] "GET /images/logo.png HTTP/1.1" 200 3099 "-" "Mozilla/5.0 (compatible; Googlebot/2.1; +http://www.google.com/bot.html)"
203.0.113.88 - - [21/May/2026:13:30:58 +0000] "GET /products/items HTTP/1.1" 200 13124 "-" "Mozilla/5.0 (iPhone; CPU iPhone OS 17_1_1 like Mac OS X) AppleWebKit/605.1.15 (KHTML, like Gecko) Version/17.1 Mobile/15E148 Safari/604.1"
203.0.113.88 - - [21/May/2026:13:31:08 +0000] "POST /index.html HTTP/1.1" 200 21613 "-" "Mozilla/5.0 (Macintosh; Intel Mac OS X 10_15_7) AppleWebKit/605.1.15 (KHTML, like Gecko) Version/17.2 Safari/605.1.15"
203.0.113.88 - - [21/May/2026:13:31:18 +0000] "GET /blog/posts HTTP/1.1" 200 10575 "-" "Mozilla/5.0 (iPhone; CPU iPhone OS 17_1_1 like Mac OS X) AppleWebKit/605.1.15 (KHTML, like Gecko) Version/17.1 Mobile/15E148 Safari/604.1"
203.0.113.88 - - [21/May/2026:13:31:28 +0000] "POST /contact.html HTTP/1.1" 304 465 "-" "Mozilla/5.0 (compatible; Googlebot/2.1; +http://www.google.com/bot.html)"
122.164.48.9 - - [21/May/2026:13:31:38 +0000] "GET /index.html HTTP/1.1" 404 510 "-" "Mozilla/5.0 (X11; Linux x86_64; rv:109.0) Gecko/20100101 Firefox/119.0"
10.0.0.4 - - [21/May/2026:13:31:48 +0000] "GET /images/logo.png HTTP/1.1" 304 1454 "-" "Mozilla/5.0 (Macintosh; Intel Mac OS X 10_15_7) AppleWebKit/605.1.15 (KHTML, like Gecko) Version/17.2 Safari/605.1.15"
91.220.43.12 - - [21/May/2026:13:31:58 +0000] "GET /static/../../etc/passwd HTTP/1.1" 400 1441 "-" "Mozilla/5.0 (iPhone; CPU iPhone OS 17_1_1 like Mac OS X) AppleWebKit/605.1.15 (KHTML, like Gecko) Version/17.1 Mobile/15E148 Safari/604.1"
203.0.113.88 - - [21/May/2026:13:32:08 +0000] "POST /blog/posts HTTP/1.1" 404 204 "-" "Mozilla/5.0 (iPhone; CPU iPhone OS 17_1_1 like Mac OS X) AppleWebKit/605.1.15 (KHTML, like Gecko) Version/17.1 Mobile/15E148 Safari/604.1"
10.0.0.4 - - [21/May/2026:13:32:18 +0000] "GET /blog/posts HTTP/1.1" 200 6633 "-" "Mozilla/5.0 (compatible; Googlebot/2.1; +http://www.google.com/bot.html)"
89.248.167.15 - - [21/May/2026:13:32:28 +0000] "GET /wp-login.php HTTP/1.1" 404 624 "-" "Mozilla/5.0 (X11; Linux x86_64; rv:109.0) Gecko/20100101 Firefox/119.0"
10.0.0.4 - - [21/May/2026:13:32:38 +0000] "PUT /api/v1/status HTTP/1.1" 200 6554 "-" "Mozilla/5.0 (iPhone; CPU iPhone OS 17_1_1 like Mac OS X) AppleWebKit/605.1.15 (KHTML, like Gecko) Version/17.1 Mobile/15E148 Safari/604.1"
10.0.0.4 - - [21/May/2026:13:32:48 +0000] "GET /images/logo.png HTTP/1.1" 200 21680 "-" "Mozilla/5.0 (Macintosh; Intel Mac OS X 10_15_7) AppleWebKit/605.1.15 (KHTML, like Gecko) Version/17.2 Safari/605.1.15"
81.108.20.11 - - [21/May/2026:13:32:58 +0000] "GET /index.html HTTP/1.1" 404 394 "-" "Mozilla/5.0 (Macintosh; Intel Mac OS X 10_15_7) AppleWebKit/605.1.15 (KHTML, like Gecko) Version/17.2 Safari/605.1.15"
122.164.48.9 - - [21/May/2026:13:33:08 +0000] "GET /api/v1/metrics HTTP/1.1" 200 13484 "-" "Mozilla/5.0 (iPhone; CPU iPhone OS 17_1_1 like Mac OS X) AppleWebKit/605.1.15 (KHTML, like Gecko) Version/17.1 Mobile/15E148 Safari/604.1"
81.108.20.11 - - [21/May/2026:13:33:18 +0000] "PUT /api/v1/status HTTP/1.1" 404 1149 "-" "Mozilla/5.0 (X11; Linux x86_64; rv:109.0) Gecko/20100101 Firefox/119.0"
192.168.1.15 - - [21/May/2026:13:33:28 +0000] "POST /images/logo.png HTTP/1.1" 200 16237 "-" "Mozilla/5.0 (compatible; Googlebot/2.1; +http://www.google.com/bot.html)"
81.108.20.11 - - [21/May/2026:13:33:38 +0000] "GET /images/logo.png HTTP/1.1" 200 3063 "-" "Mozilla/5.0 (compatible; Googlebot/2.1; +http://www.google.com/bot.html)"
10.0.0.4 - - [21/May/2026:13:33:48 +0000] "POST /images/logo.png HTTP/1.1" 404 789 "-" "Mozilla/5.0 (compatible; Googlebot/2.1; +http://www.google.com/bot.html)"
203.0.113.88 - - [21/May/2026:13:33:58 +0000] "POST /index.html HTTP/1.1" 200 11084 "-" "Mozilla/5.0 (iPhone; CPU iPhone OS 17_1_1 like Mac OS X) AppleWebKit/605.1.15 (KHTML, like Gecko) Version/17.1 Mobile/15E148 Safari/604.1"
81.108.20.11 - - [21/May/2026:13:34:08 +0000] "GET /css/styles.css HTTP/1.1" 200 13903 "-" "Mozilla/5.0 (X11; Linux x86_64; rv:109.0) Gecko/20100101 Firefox/119.0"
103.22.200.41 - - [21/May/2026:13:34:18 +0000] "POST /index.html HTTP/1.1" 304 1467 "-" "Mozilla/5.0 (Windows NT 10.0; Win64; x64) AppleWebKit/537.36 (KHTML, like Gecko) Chrome/120.0.0.0 Safari/537.36"
122.164.48.9 - - [21/May/2026:13:34:28 +0000] "GET /products/items HTTP/1.1" 304 119 "-" "Mozilla/5.0 (compatible; Googlebot/2.1; +http://www.google.com/bot.html)"
122.164.48.9 - - [21/May/2026:13:34:38 +0000] "GET /api/v1/metrics HTTP/1.1" 200 2833 "-" "Mozilla/5.0 (compatible; Googlebot/2.1; +http://www.google.com/bot.html)"
81.108.20.11 - - [21/May/2026:13:34:48 +0000] "GET /about.html HTTP/1.1" 200 4783 "-" "Mozilla/5.0 (iPhone; CPU iPhone OS 17_1_1 like Mac OS X) AppleWebKit/605.1.15 (KHTML, like Gecko) Version/17.1 Mobile/15E148 Safari/604.1"
190.12.87.54 - - [21/May/2026:13:34:58 +0000] "GET /static/../../etc/passwd HTTP/1.1" 400 519 "-" "Mozilla/5.0 (iPhone; CPU iPhone OS 17_1_1 like Mac OS X) AppleWebKit/605.1.15 (KHTML, like Gecko) Version/17.1 Mobile/15E148 Safari/604.1"
81.108.20.11 - - [21/May/2026:13:35:08 +0000] "GET /products/items HTTP/1.1" 404 1453 "-" "Mozilla/5.0 (X11; Linux x86_64; rv:109.0) Gecko/20100101 Firefox/119.0"
122.164.48.9 - - [21/May/2026:13:35:18 +0000] "GET /css/styles.css HTTP/1.1" 304 938 "-" "Mozilla/5.0 (Windows NT 10.0; Win64; x64) AppleWebKit/537.36 (KHTML, like Gecko) Chrome/120.0.0.0 Safari/537.36"
203.0.113.88 - - [21/May/2026:13:35:28 +0000] "PUT /favicon.ico HTTP/1.1" 404 1397 "-" "Mozilla/5.0 (iPhone; CPU iPhone OS 17_1_1 like Mac OS X) AppleWebKit/605.1.15 (KHTML, like Gecko) Version/17.1 Mobile/15E148 Safari/604.1"
198.51.100.12 - - [21/May/2026:13:35:38 +0000] "GET /images/logo.png HTTP/1.1" 404 1320 "-" "Mozilla/5.0 (Windows NT 10.0; Win64; x64) AppleWebKit/537.36 (KHTML, like Gecko) Chrome/120.0.0.0 Safari/537.36"
198.51.100.12 - - [21/May/2026:13:35:48 +0000] "POST /about.html HTTP/1.1" 200 15406 "-" "Mozilla/5.0 (Macintosh; Intel Mac OS X 10_15_7) AppleWebKit/605.1.15 (KHTML, like Gecko) Version/17.2 Safari/605.1.15"
81.108.20.11 - - [21/May/2026:13:35:58 +0000] "POST /favicon.ico HTTP/1.1" 304 620 "-" "Mozilla/5.0 (Windows NT 10.0; Win64; x64) AppleWebKit/537.36 (KHTML, like Gecko) Chrome/120.0.0.0 Safari/537.36"
91.220.43.12 - - [21/May/2026:13:36:08 +0000] "GET /static/../../etc/passwd HTTP/1.1" 400 1049 "-" "Mozilla/5.0 (Windows NT 10.0; Win64; x64) AppleWebKit/537.36 (KHTML, like Gecko) Chrome/120.0.0.0 Safari/537.36"
103.22.200.41 - - [21/May/2026:13:36:18 +0000] "GET /contact.html HTTP/1.1" 200 17883 "-" "Mozilla/5.0 (Windows NT 10.0; Win64; x64) AppleWebKit/537.36 (KHTML, like Gecko) Chrome/120.0.0.0 Safari/537.36"
122.164.48.9 - - [21/May/2026:13:36:28 +0000] "PUT /css/styles.css HTTP/1.1" 200 1984 "-" "Mozilla/5.0 (X11; Linux x86_64; rv:109.0) Gecko/20100101 Firefox/119.0"
10.0.0.4 - - [21/May/2026:13:36:38 +0000] "POST /about.html HTTP/1.1" 404 767 "-" "Mozilla/5.0 (iPhone; CPU iPhone OS 17_1_1 like Mac OS X) AppleWebKit/605.1.15 (KHTML, like Gecko) Version/17.1 Mobile/15E148 Safari/604.1"
103.22.200.41 - - [21/May/2026:13:36:48 +0000] "GET /js/main.js HTTP/1.1" 304 524 "-" "Mozilla/5.0 (iPhone; CPU iPhone OS 17_1_1 like Mac OS X) AppleWebKit/605.1.15 (KHTML, like Gecko) Version/17.1 Mobile/15E148 Safari/604.1"
122.164.48.9 - - [21/May/2026:13:36:58 +0000] "POST /index.html HTTP/1.1" 200 16546 "-" "Mozilla/5.0 (Macintosh; Intel Mac OS X 10_15_7) AppleWebKit/605.1.15 (KHTML, like Gecko) Version/17.2 Safari/605.1.15"
203.0.113.88 - - [21/May/2026:13:37:08 +0000] "POST /favicon.ico HTTP/1.1" 200 6640 "-" "Mozilla/5.0 (X11; Linux x86_64; rv:109.0) Gecko/20100101 Firefox/119.0"
192.168.1.15 - - [21/May/2026:13:37:18 +0000] "GET /js/main.js HTTP/1.1" 200 20281 "-" "Mozilla/5.0 (Macintosh; Intel Mac OS X 10_15_7) AppleWebKit/605.1.15 (KHTML, like Gecko) Version/17.2 Safari/605.1.15"
190.12.87.54 - - [21/May/2026:13:37:28 +0000] "GET /phpmyadmin/index.php HTTP/1.1" 404 1411 "-" "Mozilla/5.0 (iPhone; CPU iPhone OS 17_1_1 like Mac OS X) AppleWebKit/605.1.15 (KHTML, like Gecko) Version/17.1 Mobile/15E148 Safari/604.1"
81.108.20.11 - - [21/May/2026:13:37:38 +0000] "GET /css/styles.css HTTP/1.1" 404 1208 "-" "Mozilla/5.0 (X11; Linux x86_64; rv:109.0) Gecko/20100101 Firefox/119.0"
122.164.48.9 - - [21/May/2026:13:37:48 +0000] "GET /api/v1/status HTTP/1.1" 304 794 "-" "Mozilla/5.0 (X11; Linux x86_64; rv:109.0) Gecko/20100101 Firefox/119.0"
10.0.0.4 - - [21/May/2026:13:37:58 +0000] "GET /about.html HTTP/1.1" 200 16205 "-" "Mozilla/5.0 (Macintosh; Intel Mac OS X 10_15_7) AppleWebKit/605.1.15 (KHTML, like Gecko) Version/17.2 Safari/605.1.15"
81.108.20.11 - - [21/May/2026:13:38:08 +0000] "GET /contact.html HTTP/1.1" 200 14924 "-" "Mozilla/5.0 (iPhone; CPU iPhone OS 17_1_1 like Mac OS X) AppleWebKit/605.1.15 (KHTML, like Gecko) Version/17.1 Mobile/15E148 Safari/604.1"
122.164.48.9 - - [21/May/2026:13:38:18 +0000] "GET /api/v1/status HTTP/1.1" 200 7913 "-" "Mozilla/5.0 (Macintosh; Intel Mac OS X 10_15_7) AppleWebKit/605.1.15 (KHTML, like Gecko) Version/17.2 Safari/605.1.15"
89.248.167.15 - - [21/May/2026:13:38:28 +0000] "GET /api/users?id=1%20UNION%20SELECT%20NULL,username,password%20FROM%20users-- HTTP/1.1" 500 1198 "-" "Mozilla/5.0 (compatible; Googlebot/2.1; +http://www.google.com/bot.html)"
122.164.48.9 - - [21/May/2026:13:38:38 +0000] "GET /index.html HTTP/1.1" 200 590 "-" "Mozilla/5.0 (Windows NT 10.0; Win64; x64) AppleWebKit/537.36 (KHTML, like Gecko) Chrome/120.0.0.0 Safari/537.36"
192.168.1.15 - - [21/May/2026:13:38:48 +0000] "POST /js/main.js HTTP/1.1" 200 13000 "-" "Mozilla/5.0 (Windows NT 10.0; Win64; x64) AppleWebKit/537.36 (KHTML, like Gecko) Chrome/120.0.0.0 Safari/537.36"
10.0.0.4 - - [21/May/2026:13:38:58 +0000] "POST /index.html HTTP/1.1" 404 1265 "-" "Mozilla/5.0 (Macintosh; Intel Mac OS X 10_15_7) AppleWebKit/605.1.15 (KHTML, like Gecko) Version/17.2 Safari/605.1.15"
192.168.1.15 - - [21/May/2026:13:39:08 +0000] "GET /api/v1/metrics HTTP/1.1" 200 1572 "-" "Mozilla/5.0 (iPhone; CPU iPhone OS 17_1_1 like Mac OS X) AppleWebKit/605.1.15 (KHTML, like Gecko) Version/17.1 Mobile/15E148 Safari/604.1"
82.102.23.45 - - [21/May/2026:13:39:18 +0000] "GET /index.html HTTP/1.1" 200 1859 "-" "Mozilla/5.0 (iPhone; CPU iPhone OS 17_1_1 like Mac OS X) AppleWebKit/605.1.15 (KHTML, like Gecko) Version/17.1 Mobile/15E148 Safari/604.1"
203.0.113.88 - - [21/May/2026:13:39:28 +0000] "GET /favicon.ico HTTP/1.1" 404 1274 "-" "Mozilla/5.0 (iPhone; CPU iPhone OS 17_1_1 like Mac OS X) AppleWebKit/605.1.15 (KHTML, like Gecko) Version/17.1 Mobile/15E148 Safari/604.1"
198.51.100.12 - - [21/May/2026:13:39:38 +0000] "POST /login?user=admin%27%20OR%201=1-- HTTP/1.1" 200 19675 "-" "Mozilla/5.0 (iPhone; CPU iPhone OS 17_1_1 like Mac OS X) AppleWebKit/605.1.15 (KHTML, like Gecko) Version/17.1 Mobile/15E148 Safari/604.1"
122.164.48.9 - - [21/May/2026:13:39:48 +0000] "GET /contact.html HTTP/1.1" 200 15402 "-" "Mozilla/5.0 (Macintosh; Intel Mac OS X 10_15_7) AppleWebKit/605.1.15 (KHTML, like Gecko) Version/17.2 Safari/605.1.15"
82.102.23.45 - - [21/May/2026:13:39:58 +0000] "GET /static/../../etc/passwd HTTP/1.1" 400 167 "-" "Mozilla/5.0 (X11; Linux x86_64; rv:109.0) Gecko/20100101 Firefox/119.0"
122.164.48.9 - - [21/May/2026:13:40:08 +0000] "GET /js/main.js HTTP/1.1" 200 13942 "-" "Mozilla/5.0 (compatible; Googlebot/2.1; +http://www.google.com/bot.html)"
82.102.23.45 - - [21/May/2026:13:40:18 +0000] "GET /about.html HTTP/1.1" 200 4076 "-" "Mozilla/5.0 (Macintosh; Intel Mac OS X 10_15_7) AppleWebKit/605.1.15 (KHTML, like Gecko) Version/17.2 Safari/605.1.15"
190.12.87.54 - - [21/May/2026:13:40:28 +0000] "GET /api/ping?host=127.0.0.1;%20whoami HTTP/1.1" 500 1208 "-" "Mozilla/5.0 (Windows NT 10.0; Win64; x64) AppleWebKit/537.36 (KHTML, like Gecko) Chrome/120.0.0.0 Safari/537.36"
103.22.200.41 - - [21/May/2026:13:40:38 +0000] "GET /images/logo.png HTTP/1.1" 200 16100 "-" "Mozilla/5.0 (X11; Linux x86_64; rv:109.0) Gecko/20100101 Firefox/119.0"
81.108.20.11 - - [21/May/2026:13:40:48 +0000] "GET /blog/posts HTTP/1.1" 200 15999 "-" "Mozilla/5.0 (iPhone; CPU iPhone OS 17_1_1 like Mac OS X) AppleWebKit/605.1.15 (KHTML, like Gecko) Version/17.1 Mobile/15E148 Safari/604.1"
122.164.48.9 - - [21/May/2026:13:40:58 +0000] "POST /contact.html HTTP/1.1" 404 650 "-" "Mozilla/5.0 (compatible; Googlebot/2.1; +http://www.google.com/bot.html)"
10.0.0.4 - - [21/May/2026:13:41:08 +0000] "POST /products/items HTTP/1.1" 304 1041 "-" "Mozilla/5.0 (X11; Linux x86_64; rv:109.0) Gecko/20100101 Firefox/119.0"
122.164.48.9 - - [21/May/2026:13:41:18 +0000] "PUT /api/v1/status HTTP/1.1" 404 1192 "-" "Mozilla/5.0 (iPhone; CPU iPhone OS 17_1_1 like Mac OS X) AppleWebKit/605.1.15 (KHTML, like Gecko) Version/17.1 Mobile/15E148 Safari/604.1"
122.164.48.9 - - [21/May/2026:13:41:28 +0000] "PUT /favicon.ico HTTP/1.1" 404 354 "-" "Mozilla/5.0 (compatible; Googlebot/2.1; +http://www.google.com/bot.html)"
81.108.20.11 - - [21/May/2026:13:41:38 +0000] "PUT /products/items HTTP/1.1" 200 5568 "-" "Mozilla/5.0 (iPhone; CPU iPhone OS 17_1_1 like Mac OS X) AppleWebKit/605.1.15 (KHTML, like Gecko) Version/17.1 Mobile/15E148 Safari/604.1"
81.108.20.11 - - [21/May/2026:13:41:48 +0000] "POST /blog/posts HTTP/1.1" 200 21231 "-" "Mozilla/5.0 (Windows NT 10.0; Win64; x64) AppleWebKit/537.36 (KHTML, like Gecko) Chrome/120.0.0.0 Safari/537.36"
203.0.113.88 - - [21/May/2026:13:41:58 +0000] "GET /js/main.js HTTP/1.1" 304 125 "-" "Mozilla/5.0 (iPhone; CPU iPhone OS 17_1_1 like Mac OS X) AppleWebKit/605.1.15 (KHTML, like Gecko) Version/17.1 Mobile/15E148 Safari/604.1"
192.168.1.15 - - [21/May/2026:13:42:08 +0000] "GET /images/logo.png HTTP/1.1" 304 445 "-" "Mozilla/5.0 (Macintosh; Intel Mac OS X 10_15_7) AppleWebKit/605.1.15 (KHTML, like Gecko) Version/17.2 Safari/605.1.15"
81.108.20.11 - - [21/May/2026:13:42:18 +0000] "POST /contact.html HTTP/1.1" 404 784 "-" "Mozilla/5.0 (compatible; Googlebot/2.1; +http://www.google.com/bot.html)"
185.220.101.5 - - [21/May/2026:13:42:28 +0000] "GET /wp-login.php HTTP/1.1" 404 870 "-" "Mozilla/5.0 (iPhone; CPU iPhone OS 17_1_1 like Mac OS X) AppleWebKit/605.1.15 (KHTML, like Gecko) Version/17.1 Mobile/15E148 Safari/604.1"
203.0.113.88 - - [21/May/2026:13:42:38 +0000] "GET /css/styles.css HTTP/1.1" 200 377 "-" "Mozilla/5.0 (iPhone; CPU iPhone OS 17_1_1 like Mac OS X) AppleWebKit/605.1.15 (KHTML, like Gecko) Version/17.1 Mobile/15E148 Safari/604.1"
122.164.48.9 - - [21/May/2026:13:42:48 +0000] "PUT /index.html HTTP/1.1" 404 1288 "-" "Mozilla/5.0 (compatible; Googlebot/2.1; +http://www.google.com/bot.html)"
81.108.20.11 - - [21/May/2026:13:42:58 +0000] "GET /css/styles.css HTTP/1.1" 200 5294 "-" "Mozilla/5.0 (Windows NT 10.0; Win64; x64) AppleWebKit/537.36 (KHTML, like Gecko) Chrome/120.0.0.0 Safari/537.36"
82.102.23.45 - - [21/May/2026:13:43:08 +0000] "GET /static/../../etc/passwd HTTP/1.1" 400 710 "-" "Mozilla/5.0 (iPhone; CPU iPhone OS 17_1_1 like Mac OS X) AppleWebKit/605.1.15 (KHTML, like Gecko) Version/17.1 Mobile/15E148 Safari/604.1"
203.0.113.88 - - [21/May/2026:13:43:18 +0000] "POST /api/v1/status HTTP/1.1" 404 823 "-" "Mozilla/5.0 (Windows NT 10.0; Win64; x64) AppleWebKit/537.36 (KHTML, like Gecko) Chrome/120.0.0.0 Safari/537.36"
122.164.48.9 - - [21/May/2026:13:43:28 +0000] "GET /favicon.ico HTTP/1.1" 200 15274 "-" "Mozilla/5.0 (Macintosh; Intel Mac OS X 10_15_7) AppleWebKit/605.1.15 (KHTML, like Gecko) Version/17.2 Safari/605.1.15"
122.164.48.9 - - [21/May/2026:13:43:38 +0000] "GET /favicon.ico HTTP/1.1" 200 5048 "-" "Mozilla/5.0 (iPhone; CPU iPhone OS 17_1_1 like Mac OS X) AppleWebKit/605.1.15 (KHTML, like Gecko) Version/17.1 Mobile/15E148 Safari/604.1"
10.0.0.4 - - [21/May/2026:13:43:48 +0000] "POST /contact.html HTTP/1.1" 200 13827 "-" "Mozilla/5.0 (X11; Linux x86_64; rv:109.0) Gecko/20100101 Firefox/119.0"
103.22.200.41 - - [21/May/2026:13:43:58 +0000] "GET /api/users?id=1%20UNION%20SELECT%20NULL,username,password%20FROM%20users-- HTTP/1.1" 500 1002 "-" "Mozilla/5.0 (iPhone; CPU iPhone OS 17_1_1 like Mac OS X) AppleWebKit/605.1.15 (KHTML, like Gecko) Version/17.1 Mobile/15E148 Safari/604.1"
81.108.20.11 - - [21/May/2026:13:44:08 +0000] "GET /favicon.ico HTTP/1.1" 404 993 "-" "Mozilla/5.0 (iPhone; CPU iPhone OS 17_1_1 like Mac OS X) AppleWebKit/605.1.15 (KHTML, like Gecko) Version/17.1 Mobile/15E148 Safari/604.1"
190.12.87.54 - - [21/May/2026:13:44:18 +0000] "GET /contact.html HTTP/1.1" 200 2092 "-" "Mozilla/5.0 (Macintosh; Intel Mac OS X 10_15_7) AppleWebKit/605.1.15 (KHTML, like Gecko) Version/17.2 Safari/605.1.15"
203.0.113.88 - - [21/May/2026:13:44:28 +0000] "GET /favicon.ico HTTP/1.1" 200 1289 "-" "Mozilla/5.0 (Macintosh; Intel Mac OS X 10_15_7) AppleWebKit/605.1.15 (KHTML, like Gecko) Version/17.2 Safari/605.1.15"
82.102.23.45 - - [21/May/2026:13:44:38 +0000] "GET /contact.html HTTP/1.1" 404 1048 "-" "Mozilla/5.0 (compatible; Googlebot/2.1; +http://www.google.com/bot.html)"
122.164.48.9 - - [21/May/2026:13:44:48 +0000] "GET /api/v1/status HTTP/1.1" 200 21498 "-" "Mozilla/5.0 (compatible; Googlebot/2.1; +http://www.google.com/bot.html)"
190.12.87.54 - - [21/May/2026:13:44:58 +0000] "GET /wp-login.php HTTP/1.1" 404 371 "-" "Mozilla/5.0 (Windows NT 10.0; Win64; x64) AppleWebKit/537.36 (KHTML, like Gecko) Chrome/120.0.0.0 Safari/537.36"
203.0.113.88 - - [21/May/2026:13:45:08 +0000] "GET /index.html HTTP/1.1" 200 8826 "-" "Mozilla/5.0 (iPhone; CPU iPhone OS 17_1_1 like Mac OS X) AppleWebKit/605.1.15 (KHTML, like Gecko) Version/17.1 Mobile/15E148 Safari/604.1"
91.220.43.12 - - [21/May/2026:13:45:18 +0000] "GET /api/ping?host=127.0.0.1;%20whoami HTTP/1.1" 500 1201 "-" "Mozilla/5.0 (compatible; Googlebot/2.1; +http://www.google.com/bot.html)"
122.164.48.9 - - [21/May/2026:13:45:28 +0000] "GET /js/main.js HTTP/1.1" 304 635 "-" "Mozilla/5.0 (X11; Linux x86_64; rv:109.0) Gecko/20100101 Firefox/119.0"
10.0.0.4 - - [21/May/2026:13:45:38 +0000] "GET /images/logo.png HTTP/1.1" 200 6453 "-" "Mozilla/5.0 (Windows NT 10.0; Win64; x64) AppleWebKit/537.36 (KHTML, like Gecko) Chrome/120.0.0.0 Safari/537.36"
122.164.48.9 - - [21/May/2026:13:45:48 +0000] "POST /contact.html HTTP/1.1" 200 10361 "-" "Mozilla/5.0 (Windows NT 10.0; Win64; x64) AppleWebKit/537.36 (KHTML, like Gecko) Chrome/120.0.0.0 Safari/537.36"
192.168.1.15 - - [21/May/2026:13:45:58 +0000] "PUT /contact.html HTTP/1.1" 200 17886 "-" "Mozilla/5.0 (compatible; Googlebot/2.1; +http://www.google.com/bot.html)"
192.168.1.15 - - [21/May/2026:13:46:08 +0000] "GET /js/main.js HTTP/1.1" 200 17696 "-" "Mozilla/5.0 (iPhone; CPU iPhone OS 17_1_1 like Mac OS X) AppleWebKit/605.1.15 (KHTML, like Gecko) Version/17.1 Mobile/15E148 Safari/604.1"
203.0.113.88 - - [21/May/2026:13:46:18 +0000] "GET /contact.html HTTP/1.1" 200 1487 "-" "Mozilla/5.0 (iPhone; CPU iPhone OS 17_1_1 like Mac OS X) AppleWebKit/605.1.15 (KHTML, like Gecko) Version/17.1 Mobile/15E148 Safari/604.1"
203.0.113.88 - - [21/May/2026:13:46:28 +0000] "PUT /js/main.js HTTP/1.1" 200 6983 "-" "Mozilla/5.0 (Macintosh; Intel Mac OS X 10_15_7) AppleWebKit/605.1.15 (KHTML, like Gecko) Version/17.2 Safari/605.1.15"
185.220.101.5 - - [21/May/2026:13:46:38 +0000] "GET /.env HTTP/1.1" 404 660 "-" "Mozilla/5.0 (Windows NT 10.0; Win64; x64) AppleWebKit/537.36 (KHTML, like Gecko) Chrome/120.0.0.0 Safari/537.36"
122.164.48.9 - - [21/May/2026:13:46:48 +0000] "GET /images/logo.png HTTP/1.1" 304 64 "-" "Mozilla/5.0 (Macintosh; Intel Mac OS X 10_15_7) AppleWebKit/605.1.15 (KHTML, like Gecko) Version/17.2 Safari/605.1.15"
81.108.20.11 - - [21/May/2026:13:46:58 +0000] "POST /blog/posts HTTP/1.1" 200 9308 "-" "Mozilla/5.0 (compatible; Googlebot/2.1; +http://www.google.com/bot.html)"
91.220.43.12 - - [21/May/2026:13:47:08 +0000] "GET /api/v1/metrics HTTP/1.1" 404 1496 "-" "Mozilla/5.0 (X11; Linux x86_64; rv:109.0) Gecko/20100101 Firefox/119.0"
81.108.20.11 - - [21/May/2026:13:47:18 +0000] "POST /blog/posts HTTP/1.1" 304 841 "-" "Mozilla/5.0 (Windows NT 10.0; Win64; x64) AppleWebKit/537.36 (KHTML, like Gecko) Chrome/120.0.0.0 Safari/537.36"
198.51.100.12 - - [21/May/2026:13:47:28 +0000] "GET /admin HTTP/1.1" 401 1476 "-" "Mozilla/5.0 (Macintosh; Intel Mac OS X 10_15_7) AppleWebKit/605.1.15 (KHTML, like Gecko) Version/17.2 Safari/605.1.15"
